Archive member included to satisfy reference by file (symbol)

C:/nxp/MCUXpressoIDE_25.6.136/ide/plugins/com.nxp.mcuxpresso.tools.win32_25.6.0.202501151204/tools/bin/../lib/gcc/arm-none-eabi/14.2.1/../../../../arm-none-eabi/lib/thumb/v8-m.main+fp/hard\libcr_nohost_nf.a(_cr__main.o)
                              ./startup/startup_mcxn947_cm33_core0.o (__main)
C:/nxp/MCUXpressoIDE_25.6.136/ide/plugins/com.nxp.mcuxpresso.tools.win32_25.6.0.202501151204/tools/bin/../lib/gcc/arm-none-eabi/14.2.1/../../../../arm-none-eabi/lib/thumb/v8-m.main+fp/hard\libcr_c.a(memset.o)
                              ./drivers/fsl_ctimer.o (memset)
C:/nxp/MCUXpressoIDE_25.6.136/ide/plugins/com.nxp.mcuxpresso.tools.win32_25.6.0.202501151204/tools/bin/../lib/gcc/arm-none-eabi/14.2.1/../../../../arm-none-eabi/lib/thumb/v8-m.main+fp/hard\libcr_c.a(alloc.o)
                              ./drivers/fsl_common.o (malloc)
C:/nxp/MCUXpressoIDE_25.6.136/ide/plugins/com.nxp.mcuxpresso.tools.win32_25.6.0.202501151204/tools/bin/../lib/gcc/arm-none-eabi/14.2.1/../../../../arm-none-eabi/lib/thumb/v8-m.main+fp/hard\libcr_c.a(errno.o)
                              ./utilities/str/fsl_str.o (errno)
C:/nxp/MCUXpressoIDE_25.6.136/ide/plugins/com.nxp.mcuxpresso.tools.win32_25.6.0.202501151204/tools/bin/../lib/gcc/arm-none-eabi/14.2.1/../../../../arm-none-eabi/lib/thumb/v8-m.main+fp/hard\libcr_c.a(initio.o)
                              C:/nxp/MCUXpressoIDE_25.6.136/ide/plugins/com.nxp.mcuxpresso.tools.win32_25.6.0.202501151204/tools/bin/../lib/gcc/arm-none-eabi/14.2.1/../../../../arm-none-eabi/lib/thumb/v8-m.main+fp/hard\libcr_nohost_nf.a(_cr__main.o) (_initio)
C:/nxp/MCUXpressoIDE_25.6.136/ide/plugins/com.nxp.mcuxpresso.tools.win32_25.6.0.202501151204/tools/bin/../lib/gcc/arm-none-eabi/14.2.1/../../../../arm-none-eabi/lib/thumb/v8-m.main+fp/hard\libcr_c.a(scanf.o)
                              ./utilities/str/fsl_str.o (strtoul)
C:/nxp/MCUXpressoIDE_25.6.136/ide/plugins/com.nxp.mcuxpresso.tools.win32_25.6.0.202501151204/tools/bin/../lib/gcc/arm-none-eabi/14.2.1/../../../../arm-none-eabi/lib/thumb/v8-m.main+fp/hard\libcr_c.a(setvbuf.o)
                              C:/nxp/MCUXpressoIDE_25.6.136/ide/plugins/com.nxp.mcuxpresso.tools.win32_25.6.0.202501151204/tools/bin/../lib/gcc/arm-none-eabi/14.2.1/../../../../arm-none-eabi/lib/thumb/v8-m.main+fp/hard\libcr_c.a(initio.o) (setvbuf)
C:/nxp/MCUXpressoIDE_25.6.136/ide/plugins/com.nxp.mcuxpresso.tools.win32_25.6.0.202501151204/tools/bin/../lib/gcc/arm-none-eabi/14.2.1/../../../../arm-none-eabi/lib/thumb/v8-m.main+fp/hard\libcr_c.a(strlen.o)
                              ./utilities/str/fsl_str.o (strlen)
C:/nxp/MCUXpressoIDE_25.6.136/ide/plugins/com.nxp.mcuxpresso.tools.win32_25.6.0.202501151204/tools/bin/../lib/gcc/arm-none-eabi/14.2.1/../../../../arm-none-eabi/lib/thumb/v8-m.main+fp/hard\libcr_c.a(ungetc.o)
                              C:/nxp/MCUXpressoIDE_25.6.136/ide/plugins/com.nxp.mcuxpresso.tools.win32_25.6.0.202501151204/tools/bin/../lib/gcc/arm-none-eabi/14.2.1/../../../../arm-none-eabi/lib/thumb/v8-m.main+fp/hard\libcr_c.a(scanf.o) (ungetc)
C:/nxp/MCUXpressoIDE_25.6.136/ide/plugins/com.nxp.mcuxpresso.tools.win32_25.6.0.202501151204/tools/bin/../lib/gcc/arm-none-eabi/14.2.1/../../../../arm-none-eabi/lib/thumb/v8-m.main+fp/hard\libcr_c.a(__fillbuf.o)
                              C:/nxp/MCUXpressoIDE_25.6.136/ide/plugins/com.nxp.mcuxpresso.tools.win32_25.6.0.202501151204/tools/bin/../lib/gcc/arm-none-eabi/14.2.1/../../../../arm-none-eabi/lib/thumb/v8-m.main+fp/hard\libcr_c.a(scanf.o) (__filbuf)
C:/nxp/MCUXpressoIDE_25.6.136/ide/plugins/com.nxp.mcuxpresso.tools.win32_25.6.0.202501151204/tools/bin/../lib/gcc/arm-none-eabi/14.2.1/../../../../arm-none-eabi/lib/thumb/v8-m.main+fp/hard\libcr_c.a(__init_alloc.o)
                              C:/nxp/MCUXpressoIDE_25.6.136/ide/plugins/com.nxp.mcuxpresso.tools.win32_25.6.0.202501151204/tools/bin/../lib/gcc/arm-none-eabi/14.2.1/../../../../arm-none-eabi/lib/thumb/v8-m.main+fp/hard\libcr_c.a(alloc.o) (__heaps)
C:/nxp/MCUXpressoIDE_25.6.136/ide/plugins/com.nxp.mcuxpresso.tools.win32_25.6.0.202501151204/tools/bin/../lib/gcc/arm-none-eabi/14.2.1/../../../../arm-none-eabi/lib/thumb/v8-m.main+fp/hard\libcr_c.a(_cr_sbrk.o)
                              C:/nxp/MCUXpressoIDE_25.6.136/ide/plugins/com.nxp.mcuxpresso.tools.win32_25.6.0.202501151204/tools/bin/../lib/gcc/arm-none-eabi/14.2.1/../../../../arm-none-eabi/lib/thumb/v8-m.main+fp/hard\libcr_c.a(alloc.o) (_sbrk)
C:/nxp/MCUXpressoIDE_25.6.136/ide/plugins/com.nxp.mcuxpresso.tools.win32_25.6.0.202501151204/tools/bin/../lib/gcc/arm-none-eabi/14.2.1/../../../../arm-none-eabi/lib/thumb/v8-m.main+fp/hard\libcr_c.a(_deferredlazyseek.o)
                              C:/nxp/MCUXpressoIDE_25.6.136/ide/plugins/com.nxp.mcuxpresso.tools.win32_25.6.0.202501151204/tools/bin/../lib/gcc/arm-none-eabi/14.2.1/../../../../arm-none-eabi/lib/thumb/v8-m.main+fp/hard\libcr_c.a(__fillbuf.o) (_deferredlazyseek)
[...]
Memory Configuration

Name             Origin             Length             Attributes
PROGRAM_FLASH0   0x00000000         0x00100000         xr
PROGRAM_FLASH1   0x00100000         0x00100000         xr
SRAM             0x20000000         0x00060000         xrw
SRAMX            0x04000000         0x00018000         xrw
SRAMH            0x20060000         0x00008000         xrw
USB_RAM          0x400ba000         0x00001000         xrw
*default*        0x00000000         0xffffffff

Linker script and memory map

LOAD ./utilities/str/fsl_str.o
LOAD ./utilities/debug_console_lite/fsl_debug_console.o
LOAD ./utilities/fsl_assert.o
LOAD ./utilities/fsl_memcpy.o
LOAD ./startup/boot_multicore_slave.o
LOAD ./startup/startup_mcxn947_cm33_core0.o
LOAD ./source/CTIMER0_GPIO00_LEDRGB-ConInterrupciones.o
LOAD ./source/semihost_hardfault.o
LOAD ./drivers/fsl_clock.o
LOAD ./drivers/fsl_common.o
LOAD ./drivers/fsl_common_arm.o
LOAD ./drivers/fsl_ctimer.o
LOAD ./drivers/fsl_dac.o
LOAD ./drivers/fsl_gpio.o
LOAD ./drivers/fsl_inputmux.o
LOAD ./drivers/fsl_lpflexcomm.o
LOAD ./drivers/fsl_lpuart.o
LOAD ./drivers/fsl_reset.o
LOAD ./drivers/fsl_spc.o
LOAD ./device/system_MCXN947_cm33_core0.o
LOAD ./component/uart/fsl_adapter_lpuart.o
LOAD ./board/board.o
LOAD ./board/clock_config.o
LOAD ./board/hardware_init.o
LOAD ./board/peripherals.o
LOAD ./board/pin_mux.o
START GROUP
LOAD C:/nxp/MCUXpressoIDE_25.6.136/ide/plugins/com.nxp.mcuxpresso.tools.win32_25.6.0.202501151204/tools/bin/../lib/gcc/arm-none-eabi/14.2.1/../../../../arm-none-eabi/lib/thumb/v8-m.main+fp/hard\libcr_nohost_nf.a
LOAD C:/nxp/MCUXpressoIDE_25.6.136/ide/plugins/com.nxp.mcuxpresso.tools.win32_25.6.0.202501151204/tools/bin/../lib/gcc/arm-none-eabi/14.2.1/../../../../arm-none-eabi/lib/thumb/v8-m.main+fp/hard\libcr_c.a
LOAD C:/nxp/MCUXpressoIDE_25.6.136/ide/plugins/com.nxp.mcuxpresso.tools.win32_25.6.0.202501151204/tools/bin/../lib/gcc/arm-none-eabi/14.2.1/thumb/v8-m.main+fp/hard\libcr_eabihelpers.a
LOAD C:/nxp/MCUXpressoIDE_25.6.136/ide/plugins/com.nxp.mcuxpresso.tools.win32_25.6.0.202501151204/tools/bin/../lib/gcc/arm-none-eabi/14.2.1/thumb/v8-m.main+fp/hard\libgcc.a
END GROUP
                0x00000000                        __base_PROGRAM_FLASH0 = 0x0
                0x00000000                        __base_Flash = 0x0
                0x00100000                        __top_PROGRAM_FLASH0 = 0x100000
                0x00100000                        __top_Flash = 0x100000
                0x00100000                        __base_PROGRAM_FLASH1 = 0x100000
                0x00100000                        __base_Flash2 = 0x100000
                0x00200000                        __top_PROGRAM_FLASH1 = 0x200000
                0x00200000                        __top_Flash2 = 0x200000
                0x20000000                        __base_SRAM = 0x20000000
                0x20000000                        __base_RAM = 0x20000000
                0x20060000                        __top_SRAM = 0x20060000
                0x20060000                        __top_RAM = 0x20060000
                0x04000000                        __base_SRAMX = 0x4000000
                0x04000000                        __base_RAM2 = 0x4000000
                0x04018000                        __top_SRAMX = 0x4018000
                0x04018000                        __top_RAM2 = 0x4018000
                0x20060000                        __base_SRAMH = 0x20060000
                0x20060000                        __base_RAM3 = 0x20060000
                0x20068000                        __top_SRAMH = 0x20068000
                0x20068000                        __top_RAM3 = 0x20068000
                0x400ba000                        __base_USB_RAM = 0x400ba000
                0x400ba000                        __base_RAM4 = 0x400ba000
                0x400bb000                        __top_USB_RAM = 0x400bb000
                0x400bb000                        __top_RAM4 = 0x400bb000

.text_Flash2    0x00100000        0x0
 FILL mask 0xff
 *(SORT_BY_ALIGNMENT(.text_Flash2))
 *(SORT_BY_ALIGNMENT(.text_PROGRAM_FLASH1))
 *(SORT_BY_ALIGNMENT(.text.$Flash2))
 *(SORT_BY_ALIGNMENT(.text.$PROGRAM_FLASH1))
 *(SORT_BY_ALIGNMENT(.text_Flash2.*))
 *(SORT_BY_ALIGNMENT(.text_PROGRAM_FLASH1.*))
 *(SORT_BY_ALIGNMENT(.text.$Flash2.*))
 *(SORT_BY_ALIGNMENT(.text.$PROGRAM_FLASH1.*))
 *(SORT_BY_ALIGNMENT(.rodata.$Flash2))
 *(SORT_BY_ALIGNMENT(.rodata.$PROGRAM_FLASH1))
 *(SORT_BY_ALIGNMENT(.rodata.$Flash2.*))
 *(SORT_BY_ALIGNMENT(.rodata.$PROGRAM_FLASH1.*))

.text           0x00000000     0x4e80
 FILL mask 0xff
                0x00000000                        __vectors_start__ = ABSOLUTE (.)
 *(SORT_BY_ALIGNMENT(.isr_vector))
 .isr_vector    0x00000000      0x2b0 ./startup/startup_mcxn947_cm33_core0.o
                0x00000000                g_pfnVectors
                0x00000000                __Vectors
                0x000002b0                        . = ALIGN (0x4)
                0x000002b0                        __section_table_start = .
                0x000002b0                        __data_section_table = .
                0x000002b0        0x4 LONG 0x4e80 LOADADDR (.data)
                0x000002b4        0x4 LONG 0x20000000 ADDR (.data)
                0x000002b8        0x4 LONG 0xc SIZEOF (.data)
                0x000002bc        0x4 LONG 0x4e80 LOADADDR (.data_RAM2)
                0x000002c0        0x4 LONG 0x4000000 ADDR (.data_RAM2)
                0x000002c4        0x4 LONG 0x0 SIZEOF (.data_RAM2)
                0x000002c8        0x4 LONG 0x4e80 LOADADDR (.data_RAM3)
                0x000002cc        0x4 LONG 0x20060000 ADDR (.data_RAM3)
                0x000002d0        0x4 LONG 0x0 SIZEOF (.data_RAM3)
                0x000002d4        0x4 LONG 0x4e80 LOADADDR (.data_RAM4)
                0x000002d8        0x4 LONG 0x400ba000 ADDR (.data_RAM4)
                0x000002dc        0x4 LONG 0x0 SIZEOF (.data_RAM4)
                0x000002e0                        __data_section_table_end = .
                0x000002e0                        __bss_section_table = .
                0x000002e0        0x4 LONG 0x2000000c ADDR (.bss)
                0x000002e4        0x4 LONG 0x2248 SIZEOF (.bss)
                0x000002e8        0x4 LONG 0x4000000 ADDR (.bss_RAM2)
                0x000002ec        0x4 LONG 0x0 SIZEOF (.bss_RAM2)
                0x000002f0        0x4 LONG 0x20060000 ADDR (.bss_RAM3)
                0x000002f4        0x4 LONG 0x0 SIZEOF (.bss_RAM3)
                0x000002f8        0x4 LONG 0x400ba000 ADDR (.bss_RAM4)
                0x000002fc        0x4 LONG 0x0 SIZEOF (.bss_RAM4)
                0x00000300                        __bss_section_table_end = .
                0x00000300                        __section_table_end = .
 *(SORT_BY_ALIGNMENT(.after_vectors*))
 .after_vectors.reset
                0x00000300       0x68 ./startup/startup_mcxn947_cm33_core0.o
                0x00000300                ResetISR
 .after_vectors.init_data
                0x00000368       0x1e ./startup/startup_mcxn947_cm33_core0.o
                0x00000368                data_init
 .after_vectors.init_bss
                0x00000386       0x12 ./startup/startup_mcxn947_cm33_core0.o
                0x00000386                bss_init
 .after_vectors
                0x00000398       0x16 ./startup/startup_mcxn947_cm33_core0.o
                0x00000398                NMI_Handler
                0x0000039c                MemManage_Handler
                0x0000039e                BusFault_Handler
                0x000003a0                UsageFault_Handler
                0x000003a2                SecureFault_Handler
                0x000003a4                SVC_Handler
                0x000003a6                DebugMon_Handler
                0x000003a8                PendSV_Handler
                0x000003aa                SysTick_Handler
                0x000003ac                PKC_ERR_DriverIRQHandler
                0x000003ac                QDC1_HOME_DriverIRQHandler
                0x000003ac                EDMA_0_CH5_DriverIRQHandler
                0x000003ac                EDMA_0_CH14_DriverIRQHandler
                0x000003ac                EDMA_1_CH0_DriverIRQHandler
                0x000003ac                I3C0_DriverIRQHandler
                0x000003ac                CMC0_DriverIRQHandler
                0x000003ac                EDMA_0_CH15_DriverIRQHandler
                0x000003ac                LPTMR0_DriverIRQHandler
                0x000003ac                EDMA_0_CH2_DriverIRQHandler
                0x000003ac                USB0_FS_DriverIRQHandler
                0x000003ac                FLEXPWM1_SUBMODULE1_DriverIRQHandler
                0x000003ac                FLEXPWM0_SUBMODULE1_DriverIRQHandler
                0x000003ac                SCG_DriverIRQHandler
                0x000003ac                EDMA_1_CH13_DriverIRQHandler
                0x000003ac                EDMA_1_CH11_DriverIRQHandler
                0x000003ac                FLEXPWM0_RELOAD_ERROR_DriverIRQHandler
                0x000003ac                QDC0_HOME_DriverIRQHandler
                0x000003ac                Reserved167_DriverIRQHandler
                0x000003ac                EDMA_1_CH9_DriverIRQHandler
                0x000003ac                SEC_VIO_DriverIRQHandler
                0x000003ac                ERM_MULTI_BIT_ERROR_DriverIRQHandler
                0x000003ac                GPIO31_DriverIRQHandler
                0x000003ac                EWM0_DriverIRQHandler
                0x000003ac                PKC_DriverIRQHandler
                0x000003ac                EDMA_0_CH10_DriverIRQHandler
                0x000003ac                USB1_HS_PHY_DriverIRQHandler
                0x000003ac                QDC0_IDX_DriverIRQHandler
                0x000003ac                ELS_DriverIRQHandler
                0x000003ac                Reserved166_DriverIRQHandler
                0x000003ac                EDMA_1_CH2_DriverIRQHandler
                0x000003ac                ETHERNET_DriverIRQHandler
                0x000003ac                QDC1_IDX_DriverIRQHandler
                0x000003ac                EDMA_1_CH14_DriverIRQHandler
                0x000003ac                FLEXPWM1_SUBMODULE3_DriverIRQHandler
                0x000003ac                EDMA_1_CH7_DriverIRQHandler
                0x000003ac                EDMA_1_CH6_DriverIRQHandler
                0x000003ac                DAC1_DriverIRQHandler
                0x000003ac                EMVSIM0_DriverIRQHandler
                0x000003ac                ITRC0_DriverIRQHandler
                0x000003ac                WWDT1_DriverIRQHandler
                0x000003ac                ETB0_DriverIRQHandler
                0x000003ac                Freqme_DriverIRQHandler
                0x000003ac                Reserved80_DriverIRQHandler
                0x000003ac                IntDefaultHandler
                0x000003ac                ELS_ERR_DriverIRQHandler
                0x000003ac                FLEXIO_DriverIRQHandler
                0x000003ac                DAC0_DriverIRQHandler
                0x000003ac                MRT0_DriverIRQHandler
                0x000003ac                UTICK0_DriverIRQHandler
                0x000003ac                FLEXPWM0_SUBMODULE2_DriverIRQHandler
                0x000003ac                GPIO01_DriverIRQHandler
                0x000003ac                EDMA_0_CH3_DriverIRQHandler
                0x000003ac                WWDT0_DriverIRQHandler
                0x000003ac                USDHC0_DriverIRQHandler
                0x000003ac                GPIO00_DriverIRQHandler
                0x000003ac                EDMA_0_CH4_DriverIRQHandler
                0x000003ac                GPIO11_DriverIRQHandler
                0x000003ac                BSP32_DriverIRQHandler
                0x000003ac                FLEXPWM0_FAULT_DriverIRQHandler
                0x000003ac                EDMA_1_CH1_DriverIRQHandler
                0x000003ac                SAI1_DriverIRQHandler
                0x000003ac                ERM_SINGLE_BIT_ERROR_DriverIRQHandler
                0x000003ac                GPIO21_DriverIRQHandler
                0x000003ac                FLEXPWM1_FAULT_DriverIRQHandler
                0x000003ac                GPIO30_DriverIRQHandler
                0x000003ac                QDC0_COMPARE_DriverIRQHandler
                0x000003ac                PINT0_DriverIRQHandler
                0x000003ac                ADC1_DriverIRQHandler
                0x000003ac                PQ_DriverIRQHandler
                0x000003ac                ETHERNET_MACLP_DriverIRQHandler
                0x000003ac                USB0_DCD_DriverIRQHandler
                0x000003ac                EDMA_0_CH11_DriverIRQHandler
                0x000003ac                MAILBOX_DriverIRQHandler
                0x000003ac                WUU_DriverIRQHandler
                0x000003ac                EDMA_0_CH6_DriverIRQHandler
                0x000003ac                FLEXPWM1_SUBMODULE0_DriverIRQHandler
                0x000003ac                CDOG1_DriverIRQHandler
                0x000003ac                TSI_OUT_OF_SCAN_DriverIRQHandler
                0x000003ac                EDMA_1_CH4_DriverIRQHandler
                0x000003ac                PUF_DriverIRQHandler
                0x000003ac                SPC_DriverIRQHandler
                0x000003ac                RTC_DriverIRQHandler
                0x000003ac                VBAT0_DriverIRQHandler
                0x000003ac                Reserved65_DriverIRQHandler
                0x000003ac                HSCMP2_DriverIRQHandler
                0x000003ac                EDMA_0_CH0_DriverIRQHandler
                0x000003ac                EDMA_1_CH5_DriverIRQHandler
                0x000003ac                PDM_EVENT_DriverIRQHandler
                0x000003ac                EDMA_0_CH9_DriverIRQHandler
                0x000003ac                ETHERNET_PMT_DriverIRQHandler
                0x000003ac                FLEXPWM1_RELOAD_ERROR_DriverIRQHandler
                0x000003ac                FMU0_DriverIRQHandler
                0x000003ac                QDC1_COMPARE_DriverIRQHandler
                0x000003ac                EDMA_0_CH8_DriverIRQHandler
                0x000003ac                LPTMR1_DriverIRQHandler
                0x000003ac                GPIO40_DriverIRQHandler
                0x000003ac                CTI0_DriverIRQHandler
                0x000003ac                EDMA_1_CH3_DriverIRQHandler
                0x000003ac                EDMA_1_CH15_DriverIRQHandler
                0x000003ac                FLEXPWM1_SUBMODULE2_DriverIRQHandler
                0x000003ac                GPIO20_DriverIRQHandler
                0x000003ac                QDC1_WDG_SAB_DriverIRQHandler
                0x000003ac                EDMA_1_CH8_DriverIRQHandler
                0x000003ac                GDET_DriverIRQHandler
                0x000003ac                PORT_EFT_DriverIRQHandler
                0x000003ac                Reserved85_DriverIRQHandler
                0x000003ac                Reserved81_DriverIRQHandler
                0x000003ac                TSI_END_OF_SCAN_DriverIRQHandler
                0x000003ac                FLEXPWM0_SUBMODULE3_DriverIRQHandler
                0x000003ac                ADC0_DriverIRQHandler
                0x000003ac                OR_DriverIRQHandler
                0x000003ac                EDMA_0_CH13_DriverIRQHandler
                0x000003ac                USB1_HS_DriverIRQHandler
                0x000003ac                EDMA_0_CH1_DriverIRQHandler
                0x000003ac                DAC2_DriverIRQHandler
                0x000003ac                GPIO51_DriverIRQHandler
                0x000003ac                HSCMP0_DriverIRQHandler
                0x000003ac                EDMA_0_CH12_DriverIRQHandler
                0x000003ac                QDC0_WDG_SAB_DriverIRQHandler
                0x000003ac                CDOG0_DriverIRQHandler
                0x000003ac                CAN0_DriverIRQHandler
                0x000003ac                SMARTDMA_DriverIRQHandler
                0x000003ac                SAI0_DriverIRQHandler
                0x000003ac                EMVSIM1_DriverIRQHandler
                0x000003ac                I3C1_DriverIRQHandler
                0x000003ac                EDMA_0_CH7_DriverIRQHandler
                0x000003ac                HSCMP1_DriverIRQHandler
                0x000003ac                EDMA_1_CH10_DriverIRQHandler
                0x000003ac                EDMA_1_CH12_DriverIRQHandler
                0x000003ac                FLEXSPI0_DriverIRQHandler
                0x000003ac                GPIO50_DriverIRQHandler
                0x000003ac                GPIO10_DriverIRQHandler
                0x000003ac                SCT0_DriverIRQHandler
                0x000003ac                CAN1_DriverIRQHandler
                0x000003ac                PLU_DriverIRQHandler
                0x000003ac                FLEXPWM0_SUBMODULE0_DriverIRQHandler
                0x000003ac                OS_EVENT_DriverIRQHandler
                0x000003ac                SINC_FILTER_DriverIRQHandler
                0x000003ac                NPU_DriverIRQHandler
                0x000003ac                GPIO41_DriverIRQHandler
                0x000003ac                SEC_HYPERVISOR_CALL_DriverIRQHandler
 *(SORT_BY_ALIGNMENT(.text*))
 *fill*         0x000003ae        0x2 ff
 .text.DbgConsole_Init
                0x000003b0       0x88 ./utilities/debug_console_lite/fsl_debug_console.o
                0x000003b0                DbgConsole_Init
 .text.DbgConsole_Vprintf
                0x00000438       0x3c ./utilities/debug_console_lite/fsl_debug_console.o
                0x00000438                DbgConsole_Vprintf
 .text.DbgConsole_Putchar
                0x00000474       0x30 ./utilities/debug_console_lite/fsl_debug_console.o
                0x00000474                DbgConsole_Putchar
 .text.DbgConsole_PrintfFormattedData
                0x000004a4      0x3e0 ./utilities/debug_console_lite/fsl_debug_console.o
 .text.__assertion_failed
                0x00000884       0x2c ./utilities/fsl_assert.o
                0x00000884                __assertion_failed
 .text          0x000008b0       0xa0 ./utilities/fsl_memcpy.o
                0x000008b0                memcpy
 .text.__NVIC_EnableIRQ
                0x00000950       0x3c ./source/CTIMER0_GPIO00_LEDRGB-ConInterrupciones.o
 .text.main     0x0000098c       0x80 ./source/CTIMER0_GPIO00_LEDRGB-ConInterrupciones.o
                0x0000098c                main
 .text.genWaveForm
                0x00000a0c       0x38 ./source/CTIMER0_GPIO00_LEDRGB-ConInterrupciones.o
                0x00000a0c                genWaveForm
 .text.confTimer0
                0x00000a44       0x58 ./source/CTIMER0_GPIO00_LEDRGB-ConInterrupciones.o
                0x00000a44                confTimer0
 .text.CTIMER0_IRQHandler
                0x00000a9c       0x68 ./source/CTIMER0_GPIO00_LEDRGB-ConInterrupciones.o
                0x00000a9c                CTIMER0_IRQHandler
 .text.GPIO00_IRQHandler
                0x00000b04       0xbc ./source/CTIMER0_GPIO00_LEDRGB-ConInterrupciones.o
                0x00000b04                GPIO00_IRQHandler
 .text.CLOCK_IsPLL0Locked
                0x00000bc0       0x28 ./drivers/fsl_clock.o
 .text.CLOCK_IsPLL1Locked
                0x00000be8       0x28 ./drivers/fsl_clock.o
 .text.CLOCK_SetupFROHFClocking
                0x00000c10       0x9c ./drivers/fsl_clock.o
                0x00000c10                CLOCK_SetupFROHFClocking
 .text.CLOCK_SetPll0MonitorMode
                0x00000cac       0x38 ./drivers/fsl_clock.o
                0x00000cac                CLOCK_SetPll0MonitorMode
 .text.CLOCK_AttachClk
                0x00000ce4       0xb0 ./drivers/fsl_clock.o
                0x00000ce4                CLOCK_AttachClk
 .text.CLOCK_SetClkDiv
                0x00000d94       0x54 ./drivers/fsl_clock.o
                0x00000d94                CLOCK_SetClkDiv
 .text.CLOCK_GetCTimerClkFreq
                0x00000de8       0xfc ./drivers/fsl_clock.o
                0x00000de8                CLOCK_GetCTimerClkFreq
 .text.CLOCK_GetSaiMclkFreq
                0x00000ee4       0x20 ./drivers/fsl_clock.o
                0x00000ee4                CLOCK_GetSaiMclkFreq
 .text.CLOCK_GetSaiTxBclkFreq
                0x00000f04       0x20 ./drivers/fsl_clock.o
                0x00000f04                CLOCK_GetSaiTxBclkFreq
 .text.CLOCK_GetSaiRxBclkFreq
                0x00000f24       0x20 ./drivers/fsl_clock.o
                0x00000f24                CLOCK_GetSaiRxBclkFreq
 .text.CLOCK_GetPLL0InClockRate
                0x00000f44       0x5c ./drivers/fsl_clock.o
                0x00000f44                CLOCK_GetPLL0InClockRate
 .text.CLOCK_GetPLL1InClockRate
                0x00000fa0       0x58 ./drivers/fsl_clock.o
                0x00000fa0                CLOCK_GetPLL1InClockRate
 .text.CLOCK_SetPLL0Freq
                0x00000ff8      0x10c ./drivers/fsl_clock.o
                0x00000ff8                CLOCK_SetPLL0Freq
 .text.CLOCK_GetFro12MFreq
                0x00001104       0x2c ./drivers/fsl_clock.o
 .text.CLOCK_GetClk1MFreq
                0x00001130       0x14 ./drivers/fsl_clock.o
 .text.CLOCK_GetFroHfFreq
                0x00001144       0x4c ./drivers/fsl_clock.o
 .text.CLOCK_GetClk48MFreq
                0x00001190       0x2c ./drivers/fsl_clock.o
 .text.CLOCK_GetClk16KFreq
                0x000011bc       0x44 ./drivers/fsl_clock.o
 .text.CLOCK_GetExtClkFreq
                0x00001200       0x2c ./drivers/fsl_clock.o
 .text.CLOCK_GetOsc32KFreq
                0x0000122c       0x4c ./drivers/fsl_clock.o
 .text.CLOCK_GetLposcFreq
                0x00001278       0x48 ./drivers/fsl_clock.o
 .text.findPll0PreDiv
                0x000012c0       0x40 ./drivers/fsl_clock.o
 .text.findPll1PreDiv
                0x00001300       0x40 ./drivers/fsl_clock.o
 .text.findPll0PostDiv
                0x00001340       0x60 ./drivers/fsl_clock.o
 .text.findPll1PostDiv
                0x000013a0       0x60 ./drivers/fsl_clock.o
 .text.findPll0MMult
                0x00001400       0xac ./drivers/fsl_clock.o
 .text.findPll1MMult
                0x000014ac       0xac ./drivers/fsl_clock.o
 .text.__NVIC_EnableIRQ
                0x00001558       0x3c ./drivers/fsl_ctimer.o
 .text.CTIMER_GetInstance
                0x00001594       0x54 ./drivers/fsl_ctimer.o
 .text.CTIMER_Init
                0x000015e8       0x80 ./drivers/fsl_ctimer.o
                0x000015e8                CTIMER_Init
 .text.CTIMER_GetDefaultConfig
                0x00001668       0x3c ./drivers/fsl_ctimer.o
                0x00001668                CTIMER_GetDefaultConfig
 .text.CTIMER_SetupMatch
                0x000016a4      0x128 ./drivers/fsl_ctimer.o
                0x000016a4                CTIMER_SetupMatch
 .text.CTIMER_GenericIRQHandler
                0x000017cc       0xb4 ./drivers/fsl_ctimer.o
 .text.DAC_GetInstance
                0x00001880       0x4c ./drivers/fsl_dac.o
 .text.DAC_Init
                0x000018cc      0x138 ./drivers/fsl_dac.o
                0x000018cc                DAC_Init
 .text.GPIO_GetInstance
                0x00001a04       0x4c ./drivers/fsl_gpio.o
 .text.GPIO_PortClockEnable
                0x00001a50       0x54 ./drivers/fsl_gpio.o
 .text.GPIO_PinInit
                0x00001aa4       0x6c ./drivers/fsl_gpio.o
                0x00001aa4                GPIO_PinInit
 .text.LP_FLEXCOMM_GetInterruptStatus
                0x00001b10       0x28 ./drivers/fsl_lpflexcomm.o
                0x00001b10                LP_FLEXCOMM_GetInterruptStatus
 .text.LP_FLEXCOMM_SetPeriph
                0x00001b38       0x94 ./drivers/fsl_lpflexcomm.o
 .text.LP_FLEXCOMM_Init
                0x00001bcc       0x58 ./drivers/fsl_lpflexcomm.o
                0x00001bcc                LP_FLEXCOMM_Init
 .text.LP_FLEXCOMM_CommonIRQHandler
                0x00001c24       0xb8 ./drivers/fsl_lpflexcomm.o
 .text.LPUART_GetInstance
                0x00001cdc       0x4c ./drivers/fsl_lpuart.o
                0x00001cdc                LPUART_GetInstance
 .text.LPUART_Init
                0x00001d28      0x3d4 ./drivers/fsl_lpuart.o
                0x00001d28                LPUART_Init
 .text.LPUART_GetDefaultConfig
                0x000020fc       0x8c ./drivers/fsl_lpuart.o
                0x000020fc                LPUART_GetDefaultConfig
 .text.LPUART_GetStatusFlags
                0x00002188       0x60 ./drivers/fsl_lpuart.o
                0x00002188                LPUART_GetStatusFlags
 .text.LPUART_ClearStatusFlags
                0x000021e8       0x94 ./drivers/fsl_lpuart.o
                0x000021e8                LPUART_ClearStatusFlags
 .text.LPUART_WriteBlocking
                0x0000227c       0x68 ./drivers/fsl_lpuart.o
                0x0000227c                LPUART_WriteBlocking
 .text.LPUART_ReadBlocking
                0x000022e4      0x160 ./drivers/fsl_lpuart.o
                0x000022e4                LPUART_ReadBlocking
 .text.RESET_SetPeripheralReset
                0x00002444       0x64 ./drivers/fsl_reset.o
                0x00002444                RESET_SetPeripheralReset
 .text.RESET_ClearPeripheralReset
                0x000024a8       0x64 ./drivers/fsl_reset.o
                0x000024a8                RESET_ClearPeripheralReset
 .text.SPC_SetSRAMOperateVoltage
                0x0000250c       0x58 ./drivers/fsl_spc.o
                0x0000250c                SPC_SetSRAMOperateVoltage
 .text.SPC_SetActiveModeCoreLDORegulatorConfig
                0x00002564       0x94 ./drivers/fsl_spc.o
                0x00002564                SPC_SetActiveModeCoreLDORegulatorConfig
 .text.SPC_SetActiveModeDCDCRegulatorConfig
                0x000025f8       0x68 ./drivers/fsl_spc.o
                0x000025f8                SPC_SetActiveModeDCDCRegulatorConfig
 .text.SystemInit
                0x00002660      0x124 ./device/system_MCXN947_cm33_core0.o
                0x00002660                SystemInit
 .text.HAL_UartInitCommon
                0x00002784       0xe4 ./component/uart/fsl_adapter_lpuart.o
 .text.HAL_UartInit
                0x00002868       0x84 ./component/uart/fsl_adapter_lpuart.o
                0x00002868                HAL_UartInit
 .text.HAL_UartReceiveBlocking
                0x000028ec       0x6c ./component/uart/fsl_adapter_lpuart.o
                0x000028ec                HAL_UartReceiveBlocking
 .text.HAL_UartSendBlocking
                0x00002958       0x64 ./component/uart/fsl_adapter_lpuart.o
                0x00002958                HAL_UartSendBlocking
 .text.BOARD_InitDebugConsole
                0x000029bc       0x38 ./board/board.o
                0x000029bc                BOARD_InitDebugConsole
 .text.BOARD_BootClockPLL150M
                0x000029f4      0x128 ./board/clock_config.o
                0x000029f4                BOARD_BootClockPLL150M
 .text.__NVIC_EnableIRQ
                0x00002b1c       0x3c ./board/peripherals.o
 .text.CTIMER0_init
                0x00002b58       0x18 ./board/peripherals.o
 .text.DAC0_init
                0x00002b70       0x24 ./board/peripherals.o
 .text.PORT_SetPinConfig
                0x00002b94       0x38 ./board/pin_mux.o
 .text.GPIO_SetPinInterruptConfig
                0x00002bcc       0x4c ./board/pin_mux.o
 .text.BOARD_InitPins
                0x00002c18      0x160 ./board/pin_mux.o
                0x00002c18                BOARD_InitPins
 .text._initio  0x00002d78       0x78 C:/nxp/MCUXpressoIDE_25.6.136/ide/plugins/com.nxp.mcuxpresso.tools.win32_25.6.0.202501151204/tools/bin/../lib/gcc/arm-none-eabi/14.2.1/../../../../arm-none-eabi/lib/thumb/v8-m.main+fp/hard\libcr_c.a(initio.o)
                0x00002d78                _initio
 .text._Cwritebuf
                0x00002df0       0x70 C:/nxp/MCUXpressoIDE_25.6.136/ide/plugins/com.nxp.mcuxpresso.tools.win32_25.6.0.202501151204/tools/bin/../lib/gcc/arm-none-eabi/14.2.1/../../../../arm-none-eabi/lib/thumb/v8-m.main+fp/hard\libcr_c.a(_writebuf.o)
                0x00002df0                _Cwritebuf
 .text.fflush   0x00002e60       0x3c C:/nxp/MCUXpressoIDE_25.6.136/ide/plugins/com.nxp.mcuxpresso.tools.win32_25.6.0.202501151204/tools/bin/../lib/gcc/arm-none-eabi/14.2.1/../../../../arm-none-eabi/lib/thumb/v8-m.main+fp/hard\libcr_c.a(fflush.o)
                0x00002e60                fflush
 .text.fseek    0x00002e9c       0xf8 C:/nxp/MCUXpressoIDE_25.6.136/ide/plugins/com.nxp.mcuxpresso.tools.win32_25.6.0.202501151204/tools/bin/../lib/gcc/arm-none-eabi/14.2.1/../../../../arm-none-eabi/lib/thumb/v8-m.main+fp/hard\libcr_c.a(fseek.o)
                0x00002e9c                fseek
 .text.ftell    0x00002f94       0x44 C:/nxp/MCUXpressoIDE_25.6.136/ide/plugins/com.nxp.mcuxpresso.tools.win32_25.6.0.202501151204/tools/bin/../lib/gcc/arm-none-eabi/14.2.1/../../../../arm-none-eabi/lib/thumb/v8-m.main+fp/hard\libcr_c.a(ftell.o)
                0x00002f94                ftell
 .text.DbgConsole_Printf
                0x00002fd8       0x2c ./utilities/debug_console_lite/fsl_debug_console.o
                0x00002fd8                DbgConsole_Printf
 .text.DbgConsole_PrintfPaddingCharacter
                0x00003004       0x40 ./utilities/debug_console_lite/fsl_debug_console.o
 .text.DbgConsole_ConvertRadixNumToString
                0x00003044       0xc2 ./utilities/debug_console_lite/fsl_debug_console.o
 .text.fsl_assert_hook
                0x00003106       0x1a ./utilities/fsl_assert.o
                0x00003106                fsl_assert_hook
 .text.OR_IRQHandler
                0x00003120        0x8 ./startup/startup_mcxn947_cm33_core0.o
                0x00003120                OR_IRQHandler
 .text.EDMA_0_CH0_IRQHandler
                0x00003128        0x8 ./startup/startup_mcxn947_cm33_core0.o
                0x00003128                EDMA_0_CH0_IRQHandler
 .text.EDMA_0_CH1_IRQHandler
                0x00003130        0x8 ./startup/startup_mcxn947_cm33_core0.o
                0x00003130                EDMA_0_CH1_IRQHandler
 .text.EDMA_0_CH2_IRQHandler
                0x00003138        0x8 ./startup/startup_mcxn947_cm33_core0.o
                0x00003138                EDMA_0_CH2_IRQHandler
 .text.EDMA_0_CH3_IRQHandler
                0x00003140        0x8 ./startup/startup_mcxn947_cm33_core0.o
                0x00003140                EDMA_0_CH3_IRQHandler
 .text.EDMA_0_CH4_IRQHandler
                0x00003148        0x8 ./startup/startup_mcxn947_cm33_core0.o
                0x00003148                EDMA_0_CH4_IRQHandler
 .text.EDMA_0_CH5_IRQHandler
                0x00003150        0x8 ./startup/startup_mcxn947_cm33_core0.o
                0x00003150                EDMA_0_CH5_IRQHandler
 .text.EDMA_0_CH6_IRQHandler
                0x00003158        0x8 ./startup/startup_mcxn947_cm33_core0.o
                0x00003158                EDMA_0_CH6_IRQHandler
 .text.EDMA_0_CH7_IRQHandler
                0x00003160        0x8 ./startup/startup_mcxn947_cm33_core0.o
                0x00003160                EDMA_0_CH7_IRQHandler
 .text.EDMA_0_CH8_IRQHandler
                0x00003168        0x8 ./startup/startup_mcxn947_cm33_core0.o
                0x00003168                EDMA_0_CH8_IRQHandler
 .text.EDMA_0_CH9_IRQHandler
                0x00003170        0x8 ./startup/startup_mcxn947_cm33_core0.o
                0x00003170                EDMA_0_CH9_IRQHandler
 .text.EDMA_0_CH10_IRQHandler
                0x00003178        0x8 ./startup/startup_mcxn947_cm33_core0.o
                0x00003178                EDMA_0_CH10_IRQHandler
 .text.EDMA_0_CH11_IRQHandler
                0x00003180        0x8 ./startup/startup_mcxn947_cm33_core0.o
                0x00003180                EDMA_0_CH11_IRQHandler
 .text.EDMA_0_CH12_IRQHandler
                0x00003188        0x8 ./startup/startup_mcxn947_cm33_core0.o
                0x00003188                EDMA_0_CH12_IRQHandler
 .text.EDMA_0_CH13_IRQHandler
                0x00003190        0x8 ./startup/startup_mcxn947_cm33_core0.o
                0x00003190                EDMA_0_CH13_IRQHandler
 .text.EDMA_0_CH14_IRQHandler
                0x00003198        0x8 ./startup/startup_mcxn947_cm33_core0.o
                0x00003198                EDMA_0_CH14_IRQHandler
 .text.EDMA_0_CH15_IRQHandler
                0x000031a0        0x8 ./startup/startup_mcxn947_cm33_core0.o
                0x000031a0                EDMA_0_CH15_IRQHandler
 .text.GPIO01_IRQHandler
                0x000031a8        0x8 ./startup/startup_mcxn947_cm33_core0.o
                0x000031a8                GPIO01_IRQHandler
 .text.GPIO10_IRQHandler
                0x000031b0        0x8 ./startup/startup_mcxn947_cm33_core0.o
                0x000031b0                GPIO10_IRQHandler
 .text.GPIO11_IRQHandler
                0x000031b8        0x8 ./startup/startup_mcxn947_cm33_core0.o
                0x000031b8                GPIO11_IRQHandler
 .text.GPIO20_IRQHandler
                0x000031c0        0x8 ./startup/startup_mcxn947_cm33_core0.o
                0x000031c0                GPIO20_IRQHandler
 .text.GPIO21_IRQHandler
                0x000031c8        0x8 ./startup/startup_mcxn947_cm33_core0.o
                0x000031c8                GPIO21_IRQHandler
 .text.GPIO30_IRQHandler
                0x000031d0        0x8 ./startup/startup_mcxn947_cm33_core0.o
                0x000031d0                GPIO30_IRQHandler
 .text.GPIO31_IRQHandler
                0x000031d8        0x8 ./startup/startup_mcxn947_cm33_core0.o
                0x000031d8                GPIO31_IRQHandler
 .text.GPIO40_IRQHandler
                0x000031e0        0x8 ./startup/startup_mcxn947_cm33_core0.o
                0x000031e0                GPIO40_IRQHandler
 .text.GPIO41_IRQHandler
                0x000031e8        0x8 ./startup/startup_mcxn947_cm33_core0.o
                0x000031e8                GPIO41_IRQHandler
 .text.GPIO50_IRQHandler
                0x000031f0        0x8 ./startup/startup_mcxn947_cm33_core0.o
                0x000031f0                GPIO50_IRQHandler
 .text.GPIO51_IRQHandler
                0x000031f8        0x8 ./startup/startup_mcxn947_cm33_core0.o
                0x000031f8                GPIO51_IRQHandler
 .text.UTICK0_IRQHandler
                0x00003200        0x8 ./startup/startup_mcxn947_cm33_core0.o
                0x00003200                UTICK0_IRQHandler
 .text.MRT0_IRQHandler
                0x00003208        0x8 ./startup/startup_mcxn947_cm33_core0.o
                0x00003208                MRT0_IRQHandler
 .text.CTIMER1_IRQHandler
                0x00003210        0x8 ./startup/startup_mcxn947_cm33_core0.o
                0x00003210                CTIMER1_IRQHandler
 .text.SCT0_IRQHandler
                0x00003218        0x8 ./startup/startup_mcxn947_cm33_core0.o
                0x00003218                SCT0_IRQHandler
 .text.CTIMER2_IRQHandler
                0x00003220        0x8 ./startup/startup_mcxn947_cm33_core0.o
                0x00003220                CTIMER2_IRQHandler
 .text.LP_FLEXCOMM0_IRQHandler
                0x00003228        0x8 ./startup/startup_mcxn947_cm33_core0.o
                0x00003228                LP_FLEXCOMM0_IRQHandler
 .text.LP_FLEXCOMM1_IRQHandler
                0x00003230        0x8 ./startup/startup_mcxn947_cm33_core0.o
                0x00003230                LP_FLEXCOMM1_IRQHandler
 .text.LP_FLEXCOMM2_IRQHandler
                0x00003238        0x8 ./startup/startup_mcxn947_cm33_core0.o
                0x00003238                LP_FLEXCOMM2_IRQHandler
 .text.LP_FLEXCOMM3_IRQHandler
                0x00003240        0x8 ./startup/startup_mcxn947_cm33_core0.o
                0x00003240                LP_FLEXCOMM3_IRQHandler
 .text.LP_FLEXCOMM4_IRQHandler
                0x00003248        0x8 ./startup/startup_mcxn947_cm33_core0.o
                0x00003248                LP_FLEXCOMM4_IRQHandler
 .text.LP_FLEXCOMM5_IRQHandler
                0x00003250        0x8 ./startup/startup_mcxn947_cm33_core0.o
                0x00003250                LP_FLEXCOMM5_IRQHandler
 .text.LP_FLEXCOMM6_IRQHandler
                0x00003258        0x8 ./startup/startup_mcxn947_cm33_core0.o
                0x00003258                LP_FLEXCOMM6_IRQHandler
 .text.LP_FLEXCOMM7_IRQHandler
                0x00003260        0x8 ./startup/startup_mcxn947_cm33_core0.o
                0x00003260                LP_FLEXCOMM7_IRQHandler
 .text.LP_FLEXCOMM8_IRQHandler
                0x00003268        0x8 ./startup/startup_mcxn947_cm33_core0.o
                0x00003268                LP_FLEXCOMM8_IRQHandler
 .text.LP_FLEXCOMM9_IRQHandler
                0x00003270        0x8 ./startup/startup_mcxn947_cm33_core0.o
                0x00003270                LP_FLEXCOMM9_IRQHandler
 .text.ADC0_IRQHandler
                0x00003278        0x8 ./startup/startup_mcxn947_cm33_core0.o
                0x00003278                ADC0_IRQHandler
 .text.ADC1_IRQHandler
                0x00003280        0x8 ./startup/startup_mcxn947_cm33_core0.o
                0x00003280                ADC1_IRQHandler
 .text.PINT0_IRQHandler
                0x00003288        0x8 ./startup/startup_mcxn947_cm33_core0.o
                0x00003288                PINT0_IRQHandler
 .text.PDM_EVENT_IRQHandler
                0x00003290        0x8 ./startup/startup_mcxn947_cm33_core0.o
                0x00003290                PDM_EVENT_IRQHandler
 .text.Reserved65_IRQHandler
                0x00003298        0x8 ./startup/startup_mcxn947_cm33_core0.o
                0x00003298                Reserved65_IRQHandler
 .text.USB0_FS_IRQHandler
                0x000032a0        0x8 ./startup/startup_mcxn947_cm33_core0.o
                0x000032a0                USB0_FS_IRQHandler
 .text.USB0_DCD_IRQHandler
                0x000032a8        0x8 ./startup/startup_mcxn947_cm33_core0.o
                0x000032a8                USB0_DCD_IRQHandler
 .text.RTC_IRQHandler
                0x000032b0        0x8 ./startup/startup_mcxn947_cm33_core0.o
                0x000032b0                RTC_IRQHandler
 .text.SMARTDMA_IRQHandler
                0x000032b8        0x8 ./startup/startup_mcxn947_cm33_core0.o
                0x000032b8                SMARTDMA_IRQHandler
 .text.MAILBOX_IRQHandler
                0x000032c0        0x8 ./startup/startup_mcxn947_cm33_core0.o
                0x000032c0                MAILBOX_IRQHandler
 .text.CTIMER3_IRQHandler
                0x000032c8        0x8 ./startup/startup_mcxn947_cm33_core0.o
                0x000032c8                CTIMER3_IRQHandler
 .text.CTIMER4_IRQHandler
                0x000032d0        0x8 ./startup/startup_mcxn947_cm33_core0.o
                0x000032d0                CTIMER4_IRQHandler
 .text.OS_EVENT_IRQHandler
                0x000032d8        0x8 ./startup/startup_mcxn947_cm33_core0.o
                0x000032d8                OS_EVENT_IRQHandler
 .text.FLEXSPI0_IRQHandler
                0x000032e0        0x8 ./startup/startup_mcxn947_cm33_core0.o
                0x000032e0                FLEXSPI0_IRQHandler
 .text.SAI0_IRQHandler
                0x000032e8        0x8 ./startup/startup_mcxn947_cm33_core0.o
                0x000032e8                SAI0_IRQHandler
 .text.SAI1_IRQHandler
                0x000032f0        0x8 ./startup/startup_mcxn947_cm33_core0.o
                0x000032f0                SAI1_IRQHandler
 .text.USDHC0_IRQHandler
                0x000032f8        0x8 ./startup/startup_mcxn947_cm33_core0.o
                0x000032f8                USDHC0_IRQHandler
 .text.CAN0_IRQHandler
                0x00003300        0x8 ./startup/startup_mcxn947_cm33_core0.o
                0x00003300                CAN0_IRQHandler
 .text.CAN1_IRQHandler
                0x00003308        0x8 ./startup/startup_mcxn947_cm33_core0.o
                0x00003308                CAN1_IRQHandler
 .text.Reserved80_IRQHandler
                0x00003310        0x8 ./startup/startup_mcxn947_cm33_core0.o
                0x00003310                Reserved80_IRQHandler
 .text.Reserved81_IRQHandler
                0x00003318        0x8 ./startup/startup_mcxn947_cm33_core0.o
                0x00003318                Reserved81_IRQHandler
 .text.USB1_HS_PHY_IRQHandler
                0x00003320        0x8 ./startup/startup_mcxn947_cm33_core0.o
                0x00003320                USB1_HS_PHY_IRQHandler
 .text.USB1_HS_IRQHandler
                0x00003328        0x8 ./startup/startup_mcxn947_cm33_core0.o
                0x00003328                USB1_HS_IRQHandler
 .text.SEC_HYPERVISOR_CALL_IRQHandler
                0x00003330        0x8 ./startup/startup_mcxn947_cm33_core0.o
                0x00003330                SEC_HYPERVISOR_CALL_IRQHandler
 .text.Reserved85_IRQHandler
                0x00003338        0x8 ./startup/startup_mcxn947_cm33_core0.o
                0x00003338                Reserved85_IRQHandler
 .text.PLU_IRQHandler
                0x00003340        0x8 ./startup/startup_mcxn947_cm33_core0.o
                0x00003340                PLU_IRQHandler
 .text.Freqme_IRQHandler
                0x00003348        0x8 ./startup/startup_mcxn947_cm33_core0.o
                0x00003348                Freqme_IRQHandler
 .text.SEC_VIO_IRQHandler
                0x00003350        0x8 ./startup/startup_mcxn947_cm33_core0.o
                0x00003350                SEC_VIO_IRQHandler
 .text.ELS_IRQHandler
                0x00003358        0x8 ./startup/startup_mcxn947_cm33_core0.o
                0x00003358                ELS_IRQHandler
 .text.PKC_IRQHandler
                0x00003360        0x8 ./startup/startup_mcxn947_cm33_core0.o
                0x00003360                PKC_IRQHandler
 .text.PUF_IRQHandler
                0x00003368        0x8 ./startup/startup_mcxn947_cm33_core0.o
                0x00003368                PUF_IRQHandler
 .text.PQ_IRQHandler
                0x00003370        0x8 ./startup/startup_mcxn947_cm33_core0.o
                0x00003370                PQ_IRQHandler
 .text.EDMA_1_CH0_IRQHandler
                0x00003378        0x8 ./startup/startup_mcxn947_cm33_core0.o
                0x00003378                EDMA_1_CH0_IRQHandler
 .text.EDMA_1_CH1_IRQHandler
                0x00003380        0x8 ./startup/startup_mcxn947_cm33_core0.o
                0x00003380                EDMA_1_CH1_IRQHandler
 .text.EDMA_1_CH2_IRQHandler
                0x00003388        0x8 ./startup/startup_mcxn947_cm33_core0.o
                0x00003388                EDMA_1_CH2_IRQHandler
 .text.EDMA_1_CH3_IRQHandler
                0x00003390        0x8 ./startup/startup_mcxn947_cm33_core0.o
                0x00003390                EDMA_1_CH3_IRQHandler
 .text.EDMA_1_CH4_IRQHandler
                0x00003398        0x8 ./startup/startup_mcxn947_cm33_core0.o
                0x00003398                EDMA_1_CH4_IRQHandler
 .text.EDMA_1_CH5_IRQHandler
                0x000033a0        0x8 ./startup/startup_mcxn947_cm33_core0.o
                0x000033a0                EDMA_1_CH5_IRQHandler
 .text.EDMA_1_CH6_IRQHandler
                0x000033a8        0x8 ./startup/startup_mcxn947_cm33_core0.o
                0x000033a8                EDMA_1_CH6_IRQHandler
 .text.EDMA_1_CH7_IRQHandler
                0x000033b0        0x8 ./startup/startup_mcxn947_cm33_core0.o
                0x000033b0                EDMA_1_CH7_IRQHandler
 .text.EDMA_1_CH8_IRQHandler
                0x000033b8        0x8 ./startup/startup_mcxn947_cm33_core0.o
                0x000033b8                EDMA_1_CH8_IRQHandler
 .text.EDMA_1_CH9_IRQHandler
                0x000033c0        0x8 ./startup/startup_mcxn947_cm33_core0.o
                0x000033c0                EDMA_1_CH9_IRQHandler
 .text.EDMA_1_CH10_IRQHandler
                0x000033c8        0x8 ./startup/startup_mcxn947_cm33_core0.o
                0x000033c8                EDMA_1_CH10_IRQHandler
 .text.EDMA_1_CH11_IRQHandler
                0x000033d0        0x8 ./startup/startup_mcxn947_cm33_core0.o
                0x000033d0                EDMA_1_CH11_IRQHandler
 .text.EDMA_1_CH12_IRQHandler
                0x000033d8        0x8 ./startup/startup_mcxn947_cm33_core0.o
                0x000033d8                EDMA_1_CH12_IRQHandler
 .text.EDMA_1_CH13_IRQHandler
                0x000033e0        0x8 ./startup/startup_mcxn947_cm33_core0.o
                0x000033e0                EDMA_1_CH13_IRQHandler
 .text.EDMA_1_CH14_IRQHandler
                0x000033e8        0x8 ./startup/startup_mcxn947_cm33_core0.o
                0x000033e8                EDMA_1_CH14_IRQHandler
 .text.EDMA_1_CH15_IRQHandler
                0x000033f0        0x8 ./startup/startup_mcxn947_cm33_core0.o
                0x000033f0                EDMA_1_CH15_IRQHandler
 .text.CDOG0_IRQHandler
                0x000033f8        0x8 ./startup/startup_mcxn947_cm33_core0.o
                0x000033f8                CDOG0_IRQHandler
 .text.CDOG1_IRQHandler
                0x00003400        0x8 ./startup/startup_mcxn947_cm33_core0.o
                0x00003400                CDOG1_IRQHandler
 .text.I3C0_IRQHandler
                0x00003408        0x8 ./startup/startup_mcxn947_cm33_core0.o
                0x00003408                I3C0_IRQHandler
 .text.I3C1_IRQHandler
                0x00003410        0x8 ./startup/startup_mcxn947_cm33_core0.o
                0x00003410                I3C1_IRQHandler
 .text.NPU_IRQHandler
                0x00003418        0x8 ./startup/startup_mcxn947_cm33_core0.o
                0x00003418                NPU_IRQHandler
 .text.GDET_IRQHandler
                0x00003420        0x8 ./startup/startup_mcxn947_cm33_core0.o
                0x00003420                GDET_IRQHandler
 .text.VBAT0_IRQHandler
                0x00003428        0x8 ./startup/startup_mcxn947_cm33_core0.o
                0x00003428                VBAT0_IRQHandler
 .text.EWM0_IRQHandler
                0x00003430        0x8 ./startup/startup_mcxn947_cm33_core0.o
                0x00003430                EWM0_IRQHandler
 .text.TSI_END_OF_SCAN_IRQHandler
                0x00003438        0x8 ./startup/startup_mcxn947_cm33_core0.o
                0x00003438                TSI_END_OF_SCAN_IRQHandler
 .text.TSI_OUT_OF_SCAN_IRQHandler
                0x00003440        0x8 ./startup/startup_mcxn947_cm33_core0.o
                0x00003440                TSI_OUT_OF_SCAN_IRQHandler
 .text.EMVSIM0_IRQHandler
                0x00003448        0x8 ./startup/startup_mcxn947_cm33_core0.o
                0x00003448                EMVSIM0_IRQHandler
 .text.EMVSIM1_IRQHandler
                0x00003450        0x8 ./startup/startup_mcxn947_cm33_core0.o
                0x00003450                EMVSIM1_IRQHandler
 .text.FLEXIO_IRQHandler
                0x00003458        0x8 ./startup/startup_mcxn947_cm33_core0.o
                0x00003458                FLEXIO_IRQHandler
 .text.DAC0_IRQHandler
                0x00003460        0x8 ./startup/startup_mcxn947_cm33_core0.o
                0x00003460                DAC0_IRQHandler
 .text.DAC1_IRQHandler
                0x00003468        0x8 ./startup/startup_mcxn947_cm33_core0.o
                0x00003468                DAC1_IRQHandler
 .text.DAC2_IRQHandler
                0x00003470        0x8 ./startup/startup_mcxn947_cm33_core0.o
                0x00003470                DAC2_IRQHandler
 .text.HSCMP0_IRQHandler
                0x00003478        0x8 ./startup/startup_mcxn947_cm33_core0.o
                0x00003478                HSCMP0_IRQHandler
 .text.HSCMP1_IRQHandler
                0x00003480        0x8 ./startup/startup_mcxn947_cm33_core0.o
                0x00003480                HSCMP1_IRQHandler
 .text.HSCMP2_IRQHandler
                0x00003488        0x8 ./startup/startup_mcxn947_cm33_core0.o
                0x00003488                HSCMP2_IRQHandler
 .text.FLEXPWM0_RELOAD_ERROR_IRQHandler
                0x00003490        0x8 ./startup/startup_mcxn947_cm33_core0.o
                0x00003490                FLEXPWM0_RELOAD_ERROR_IRQHandler
 .text.FLEXPWM0_FAULT_IRQHandler
                0x00003498        0x8 ./startup/startup_mcxn947_cm33_core0.o
                0x00003498                FLEXPWM0_FAULT_IRQHandler
 .text.FLEXPWM0_SUBMODULE0_IRQHandler
                0x000034a0        0x8 ./startup/startup_mcxn947_cm33_core0.o
                0x000034a0                FLEXPWM0_SUBMODULE0_IRQHandler
 .text.FLEXPWM0_SUBMODULE1_IRQHandler
                0x000034a8        0x8 ./startup/startup_mcxn947_cm33_core0.o
                0x000034a8                FLEXPWM0_SUBMODULE1_IRQHandler
 .text.FLEXPWM0_SUBMODULE2_IRQHandler
                0x000034b0        0x8 ./startup/startup_mcxn947_cm33_core0.o
                0x000034b0                FLEXPWM0_SUBMODULE2_IRQHandler
 .text.FLEXPWM0_SUBMODULE3_IRQHandler
                0x000034b8        0x8 ./startup/startup_mcxn947_cm33_core0.o
                0x000034b8                FLEXPWM0_SUBMODULE3_IRQHandler
 .text.FLEXPWM1_RELOAD_ERROR_IRQHandler
                0x000034c0        0x8 ./startup/startup_mcxn947_cm33_core0.o
                0x000034c0                FLEXPWM1_RELOAD_ERROR_IRQHandler
 .text.FLEXPWM1_FAULT_IRQHandler
                0x000034c8        0x8 ./startup/startup_mcxn947_cm33_core0.o
                0x000034c8                FLEXPWM1_FAULT_IRQHandler
 .text.FLEXPWM1_SUBMODULE0_IRQHandler
                0x000034d0        0x8 ./startup/startup_mcxn947_cm33_core0.o
                0x000034d0                FLEXPWM1_SUBMODULE0_IRQHandler
 .text.FLEXPWM1_SUBMODULE1_IRQHandler
                0x000034d8        0x8 ./startup/startup_mcxn947_cm33_core0.o
                0x000034d8                FLEXPWM1_SUBMODULE1_IRQHandler
 .text.FLEXPWM1_SUBMODULE2_IRQHandler
                0x000034e0        0x8 ./startup/startup_mcxn947_cm33_core0.o
                0x000034e0                FLEXPWM1_SUBMODULE2_IRQHandler
 .text.FLEXPWM1_SUBMODULE3_IRQHandler
                0x000034e8        0x8 ./startup/startup_mcxn947_cm33_core0.o
                0x000034e8                FLEXPWM1_SUBMODULE3_IRQHandler
 .text.QDC0_COMPARE_IRQHandler
                0x000034f0        0x8 ./startup/startup_mcxn947_cm33_core0.o
                0x000034f0                QDC0_COMPARE_IRQHandler
 .text.QDC0_HOME_IRQHandler
                0x000034f8        0x8 ./startup/startup_mcxn947_cm33_core0.o
                0x000034f8                QDC0_HOME_IRQHandler
 .text.QDC0_WDG_SAB_IRQHandler
                0x00003500        0x8 ./startup/startup_mcxn947_cm33_core0.o
                0x00003500                QDC0_WDG_SAB_IRQHandler
 .text.QDC0_IDX_IRQHandler
                0x00003508        0x8 ./startup/startup_mcxn947_cm33_core0.o
                0x00003508                QDC0_IDX_IRQHandler
 .text.QDC1_COMPARE_IRQHandler
                0x00003510        0x8 ./startup/startup_mcxn947_cm33_core0.o
                0x00003510                QDC1_COMPARE_IRQHandler
 .text.QDC1_HOME_IRQHandler
                0x00003518        0x8 ./startup/startup_mcxn947_cm33_core0.o
                0x00003518                QDC1_HOME_IRQHandler
 .text.QDC1_WDG_SAB_IRQHandler
                0x00003520        0x8 ./startup/startup_mcxn947_cm33_core0.o
                0x00003520                QDC1_WDG_SAB_IRQHandler
 .text.QDC1_IDX_IRQHandler
                0x00003528        0x8 ./startup/startup_mcxn947_cm33_core0.o
                0x00003528                QDC1_IDX_IRQHandler
 .text.ITRC0_IRQHandler
                0x00003530        0x8 ./startup/startup_mcxn947_cm33_core0.o
                0x00003530                ITRC0_IRQHandler
 .text.BSP32_IRQHandler
                0x00003538        0x8 ./startup/startup_mcxn947_cm33_core0.o
                0x00003538                BSP32_IRQHandler
 .text.ELS_ERR_IRQHandler
                0x00003540        0x8 ./startup/startup_mcxn947_cm33_core0.o
                0x00003540                ELS_ERR_IRQHandler
 .text.PKC_ERR_IRQHandler
                0x00003548        0x8 ./startup/startup_mcxn947_cm33_core0.o
                0x00003548                PKC_ERR_IRQHandler
 .text.ERM_SINGLE_BIT_ERROR_IRQHandler
                0x00003550        0x8 ./startup/startup_mcxn947_cm33_core0.o
                0x00003550                ERM_SINGLE_BIT_ERROR_IRQHandler
 .text.ERM_MULTI_BIT_ERROR_IRQHandler
                0x00003558        0x8 ./startup/startup_mcxn947_cm33_core0.o
                0x00003558                ERM_MULTI_BIT_ERROR_IRQHandler
 .text.FMU0_IRQHandler
                0x00003560        0x8 ./startup/startup_mcxn947_cm33_core0.o
                0x00003560                FMU0_IRQHandler
 .text.ETHERNET_IRQHandler
                0x00003568        0x8 ./startup/startup_mcxn947_cm33_core0.o
                0x00003568                ETHERNET_IRQHandler
 .text.ETHERNET_PMT_IRQHandler
                0x00003570        0x8 ./startup/startup_mcxn947_cm33_core0.o
                0x00003570                ETHERNET_PMT_IRQHandler
 .text.ETHERNET_MACLP_IRQHandler
                0x00003578        0x8 ./startup/startup_mcxn947_cm33_core0.o
                0x00003578                ETHERNET_MACLP_IRQHandler
 .text.SINC_FILTER_IRQHandler
                0x00003580        0x8 ./startup/startup_mcxn947_cm33_core0.o
                0x00003580                SINC_FILTER_IRQHandler
 .text.LPTMR0_IRQHandler
                0x00003588        0x8 ./startup/startup_mcxn947_cm33_core0.o
                0x00003588                LPTMR0_IRQHandler
 .text.LPTMR1_IRQHandler
                0x00003590        0x8 ./startup/startup_mcxn947_cm33_core0.o
                0x00003590                LPTMR1_IRQHandler
 .text.SCG_IRQHandler
                0x00003598        0x8 ./startup/startup_mcxn947_cm33_core0.o
                0x00003598                SCG_IRQHandler
 .text.SPC_IRQHandler
                0x000035a0        0x8 ./startup/startup_mcxn947_cm33_core0.o
                0x000035a0                SPC_IRQHandler
 .text.WUU_IRQHandler
                0x000035a8        0x8 ./startup/startup_mcxn947_cm33_core0.o
                0x000035a8                WUU_IRQHandler
 .text.PORT_EFT_IRQHandler
                0x000035b0        0x8 ./startup/startup_mcxn947_cm33_core0.o
                0x000035b0                PORT_EFT_IRQHandler
 .text.ETB0_IRQHandler
                0x000035b8        0x8 ./startup/startup_mcxn947_cm33_core0.o
                0x000035b8                ETB0_IRQHandler
 .text.Reserved166_IRQHandler
                0x000035c0        0x8 ./startup/startup_mcxn947_cm33_core0.o
                0x000035c0                Reserved166_IRQHandler
 .text.Reserved167_IRQHandler
                0x000035c8        0x8 ./startup/startup_mcxn947_cm33_core0.o
                0x000035c8                Reserved167_IRQHandler
 .text.WWDT0_IRQHandler
                0x000035d0        0x8 ./startup/startup_mcxn947_cm33_core0.o
                0x000035d0                WWDT0_IRQHandler
 .text.WWDT1_IRQHandler
                0x000035d8        0x8 ./startup/startup_mcxn947_cm33_core0.o
                0x000035d8                WWDT1_IRQHandler
 .text.CMC0_IRQHandler
                0x000035e0        0x8 ./startup/startup_mcxn947_cm33_core0.o
                0x000035e0                CMC0_IRQHandler
 .text.CTI0_IRQHandler
                0x000035e8        0x8 ./startup/startup_mcxn947_cm33_core0.o
                0x000035e8                CTI0_IRQHandler
 .text.EnableIRQ
                0x000035f0       0x32 ./source/CTIMER0_GPIO00_LEDRGB-ConInterrupciones.o
 .text.GPIO_PinWrite
                0x00003622       0x36 ./source/CTIMER0_GPIO00_LEDRGB-ConInterrupciones.o
 .text.GPIO_PortClear
                0x00003658       0x1c ./source/CTIMER0_GPIO00_LEDRGB-ConInterrupciones.o
 .text.GPIO_PortToggle
                0x00003674       0x1c ./source/CTIMER0_GPIO00_LEDRGB-ConInterrupciones.o
 .text.CTIMER_ClearStatusFlags
                0x00003690       0x1c ./source/CTIMER0_GPIO00_LEDRGB-ConInterrupciones.o
 .text.CTIMER_StartTimer
                0x000036ac       0x20 ./source/CTIMER0_GPIO00_LEDRGB-ConInterrupciones.o
 .text.DAC_Enable
                0x000036cc       0x38 ./source/CTIMER0_GPIO00_LEDRGB-ConInterrupciones.o
 .text.DAC_SetData
                0x00003704       0x20 ./source/CTIMER0_GPIO00_LEDRGB-ConInterrupciones.o
 .text.HardFault_Handler
                0x00003724       0x36 ./source/semihost_hardfault.o
                0x00003724                HardFault_Handler
 .text.CLOCK_GetPll0OutFreq
                0x0000375a       0x88 ./drivers/fsl_clock.o
                0x0000375a                CLOCK_GetPll0OutFreq
 .text.CLOCK_GetPll1OutFreq
                0x000037e2       0x82 ./drivers/fsl_clock.o
                0x000037e2                CLOCK_GetPll1OutFreq
 .text.CLOCK_EnableClock
                0x00003864       0x8c ./drivers/fsl_ctimer.o
 .text.EnableIRQ
                0x000038f0       0x32 ./drivers/fsl_ctimer.o
 .text.CTIMER_GetStatusFlags
                0x00003922       0x18 ./drivers/fsl_ctimer.o
 .text.CTIMER_ClearStatusFlags
                0x0000393a       0x1c ./drivers/fsl_ctimer.o
 .text.CTIMER1_DriverIRQHandler
                0x00003956        0xe ./drivers/fsl_ctimer.o
                0x00003956                CTIMER1_DriverIRQHandler
 .text.CTIMER2_DriverIRQHandler
                0x00003964        0xe ./drivers/fsl_ctimer.o
                0x00003964                CTIMER2_DriverIRQHandler
 .text.CTIMER3_DriverIRQHandler
                0x00003972        0xe ./drivers/fsl_ctimer.o
                0x00003972                CTIMER3_DriverIRQHandler
 .text.CTIMER4_DriverIRQHandler
                0x00003980        0xe ./drivers/fsl_ctimer.o
                0x00003980                CTIMER4_DriverIRQHandler
 .text.CLOCK_EnableClock
                0x0000398e       0x8c ./drivers/fsl_dac.o
 .text.DAC_SetReset
                0x00003a1a       0x22 ./drivers/fsl_dac.o
 .text.DAC_ClearReset
                0x00003a3c       0x24 ./drivers/fsl_dac.o
 .text.CLOCK_EnableClock
                0x00003a60       0x8c ./drivers/fsl_gpio.o
 .text.CLOCK_DisableClock
                0x00003aec       0xb0 ./drivers/fsl_gpio.o
 .text.GPIO_PinWrite
                0x00003b9c       0x36 ./drivers/fsl_gpio.o
 .text.GPIO_PinGetInterruptFlag
                0x00003bd2       0x2a ./drivers/fsl_gpio.o
                0x00003bd2                GPIO_PinGetInterruptFlag
 .text.GPIO_PinClearInterruptFlag
                0x00003bfc       0x2e ./drivers/fsl_gpio.o
                0x00003bfc                GPIO_PinClearInterruptFlag
 .text.CLOCK_EnableClock
                0x00003c2a       0x8c ./drivers/fsl_lpflexcomm.o
 .text.LP_FLEXCOMM_PeripheralIsPresent
                0x00003cb6       0x52 ./drivers/fsl_lpflexcomm.o
 .text.LP_FLEXCOMM0_DriverIRQHandler
                0x00003d08        0xe ./drivers/fsl_lpflexcomm.o
                0x00003d08                LP_FLEXCOMM0_DriverIRQHandler
 .text.LP_FLEXCOMM1_DriverIRQHandler
                0x00003d16        0xe ./drivers/fsl_lpflexcomm.o
                0x00003d16                LP_FLEXCOMM1_DriverIRQHandler
 .text.LP_FLEXCOMM2_DriverIRQHandler
                0x00003d24        0xe ./drivers/fsl_lpflexcomm.o
                0x00003d24                LP_FLEXCOMM2_DriverIRQHandler
 .text.LP_FLEXCOMM3_DriverIRQHandler
                0x00003d32        0xe ./drivers/fsl_lpflexcomm.o
                0x00003d32                LP_FLEXCOMM3_DriverIRQHandler
 .text.LP_FLEXCOMM4_DriverIRQHandler
                0x00003d40        0xe ./drivers/fsl_lpflexcomm.o
                0x00003d40                LP_FLEXCOMM4_DriverIRQHandler
 .text.LP_FLEXCOMM5_DriverIRQHandler
                0x00003d4e        0xe ./drivers/fsl_lpflexcomm.o
                0x00003d4e                LP_FLEXCOMM5_DriverIRQHandler
 .text.LP_FLEXCOMM6_DriverIRQHandler
                0x00003d5c        0xe ./drivers/fsl_lpflexcomm.o
                0x00003d5c                LP_FLEXCOMM6_DriverIRQHandler
 .text.LP_FLEXCOMM7_DriverIRQHandler
                0x00003d6a        0xe ./drivers/fsl_lpflexcomm.o
                0x00003d6a                LP_FLEXCOMM7_DriverIRQHandler
 .text.LP_FLEXCOMM8_DriverIRQHandler
                0x00003d78        0xe ./drivers/fsl_lpflexcomm.o
                0x00003d78                LP_FLEXCOMM8_DriverIRQHandler
 .text.LP_FLEXCOMM9_DriverIRQHandler
                0x00003d86        0xe ./drivers/fsl_lpflexcomm.o
                0x00003d86                LP_FLEXCOMM9_DriverIRQHandler
 .text.LPUART_SoftwareReset
                0x00003d94       0x2c ./drivers/fsl_lpuart.o
 .text.RESET_PeripheralReset
                0x00003dc0       0x1c ./drivers/fsl_reset.o
                0x00003dc0                RESET_PeripheralReset
 .text.SPC_GetActiveModeBandgapMode
                0x00003ddc       0x22 ./drivers/fsl_spc.o
 .text.SPC_GetActiveModeVoltageDetectStatus
                0x00003dfe       0x22 ./drivers/fsl_spc.o
 .text.SPC_GetActiveModeCoreLDOVDDVoltageLevel
                0x00003e20       0x22 ./drivers/fsl_spc.o
 .text.SPC_GetActiveModeCoreLDODriveStrength
                0x00003e42       0x22 ./drivers/fsl_spc.o
 .text.SPC_SetActiveModeDCDCRegulatorVoltageLevel
                0x00003e64       0x32 ./drivers/fsl_spc.o
 .text.SPC_SetActiveModeCoreLDORegulatorVoltageLevel
                0x00003e96       0x60 ./drivers/fsl_spc.o
                0x00003e96                SPC_SetActiveModeCoreLDORegulatorVoltageLevel
 .text.SPC_SetActiveModeCoreLDORegulatorDriveStrength
                0x00003ef6       0x5e ./drivers/fsl_spc.o
                0x00003ef6                SPC_SetActiveModeCoreLDORegulatorDriveStrength
 .text.SPC_SetActiveModeDCDCRegulatorDriveStrength
                0x00003f54       0x48 ./drivers/fsl_spc.o
                0x00003f54                SPC_SetActiveModeDCDCRegulatorDriveStrength
 .text.SystemInitHook
                0x00003f9c        0xe ./device/system_MCXN947_cm33_core0.o
                0x00003f9c                SystemInitHook
 .text.HAL_UartGetStatus
                0x00003faa       0x28 ./component/uart/fsl_adapter_lpuart.o
 .text.CLOCK_EnableClock
                0x00003fd2       0x8c ./board/clock_config.o
 .text.BOARD_InitBootClocks
                0x0000405e        0xc ./board/clock_config.o
                0x0000405e                BOARD_InitBootClocks
 .text.BOARD_InitHardware
                0x0000406a       0x3a ./board/hardware_init.o
                0x0000406a                BOARD_InitHardware
 .text.EnableIRQ
                0x000040a4       0x32 ./board/peripherals.o
 .text.SPC_EnableActiveModeAnalogModules
                0x000040d6       0x26 ./board/peripherals.o
 .text.GPIO0_init
                0x000040fc        0xe ./board/peripherals.o
 .text.BOARD_InitPeripherals
                0x0000410a       0x14 ./board/peripherals.o
                0x0000410a                BOARD_InitPeripherals
 .text.BOARD_InitBootPeripherals
                0x0000411e        0xc ./board/peripherals.o
                0x0000411e                BOARD_InitBootPeripherals
 .text.CLOCK_EnableClock
                0x0000412a       0x8c ./board/pin_mux.o
 .text.PORT_SetPinMux
                0x000041b6       0x3e ./board/pin_mux.o
 .text.__main   0x000041f4        0xe C:/nxp/MCUXpressoIDE_25.6.136/ide/plugins/com.nxp.mcuxpresso.tools.win32_25.6.0.202501151204/tools/bin/../lib/gcc/arm-none-eabi/14.2.1/../../../../arm-none-eabi/lib/thumb/v8-m.main+fp/hard\libcr_nohost_nf.a(_cr__main.o)
                0x000041f4                __main
 .text.memset   0x00004202        0x4 C:/nxp/MCUXpressoIDE_25.6.136/ide/plugins/com.nxp.mcuxpresso.tools.win32_25.6.0.202501151204/tools/bin/../lib/gcc/arm-none-eabi/14.2.1/../../../../arm-none-eabi/lib/thumb/v8-m.main+fp/hard\libcr_c.a(memset.o)
                0x00004202                memset
 .text.free     0x00004206       0x30 C:/nxp/MCUXpressoIDE_25.6.136/ide/plugins/com.nxp.mcuxpresso.tools.win32_25.6.0.202501151204/tools/bin/../lib/gcc/arm-none-eabi/14.2.1/../../../../arm-none-eabi/lib/thumb/v8-m.main+fp/hard\libcr_c.a(alloc.o)
                0x00004206                free
 .text.setvbuf  0x00004236       0x3e C:/nxp/MCUXpressoIDE_25.6.136/ide/plugins/com.nxp.mcuxpresso.tools.win32_25.6.0.202501151204/tools/bin/../lib/gcc/arm-none-eabi/14.2.1/../../../../arm-none-eabi/lib/thumb/v8-m.main+fp/hard\libcr_c.a(setvbuf.o)
                0x00004236                setvbuf
 .text.strlen   0x00004274       0x4e C:/nxp/MCUXpressoIDE_25.6.136/ide/plugins/com.nxp.mcuxpresso.tools.win32_25.6.0.202501151204/tools/bin/../lib/gcc/arm-none-eabi/14.2.1/../../../../arm-none-eabi/lib/thumb/v8-m.main+fp/hard\libcr_c.a(strlen.o)
                0x00004274                strlen
 .text._deferredlazyseek
                0x000042c2       0x40 C:/nxp/MCUXpressoIDE_25.6.136/ide/plugins/com.nxp.mcuxpresso.tools.win32_25.6.0.202501151204/tools/bin/../lib/gcc/arm-none-eabi/14.2.1/../../../../arm-none-eabi/lib/thumb/v8-m.main+fp/hard\libcr_c.a(_deferredlazyseek.o)
                0x000042c2                _deferredlazyseek
 .text._fdopen  0x00004302       0x68 C:/nxp/MCUXpressoIDE_25.6.136/ide/plugins/com.nxp.mcuxpresso.tools.win32_25.6.0.202501151204/tools/bin/../lib/gcc/arm-none-eabi/14.2.1/../../../../arm-none-eabi/lib/thumb/v8-m.main+fp/hard\libcr_c.a(_fdopen.o)
                0x00004302                _fdopen
 .text._fflush  0x0000436a       0x52 C:/nxp/MCUXpressoIDE_25.6.136/ide/plugins/com.nxp.mcuxpresso.tools.win32_25.6.0.202501151204/tools/bin/../lib/gcc/arm-none-eabi/14.2.1/../../../../arm-none-eabi/lib/thumb/v8-m.main+fp/hard\libcr_c.a(_fflush.o)
                0x0000436a                _fflush
 .text.fclose   0x000043bc       0x58 C:/nxp/MCUXpressoIDE_25.6.136/ide/plugins/com.nxp.mcuxpresso.tools.win32_25.6.0.202501151204/tools/bin/../lib/gcc/arm-none-eabi/14.2.1/../../../../arm-none-eabi/lib/thumb/v8-m.main+fp/hard\libcr_c.a(fclose.o)
                0x000043bc                fclose
 .text.remove   0x00004414       0x14 C:/nxp/MCUXpressoIDE_25.6.136/ide/plugins/com.nxp.mcuxpresso.tools.win32_25.6.0.202501151204/tools/bin/../lib/gcc/arm-none-eabi/14.2.1/../../../../arm-none-eabi/lib/thumb/v8-m.main+fp/hard\libcr_c.a(remove.o)
                0x00004414                remove
 .text._do_fflush
                0x00004428       0x40 C:/nxp/MCUXpressoIDE_25.6.136/ide/plugins/com.nxp.mcuxpresso.tools.win32_25.6.0.202501151204/tools/bin/../lib/gcc/arm-none-eabi/14.2.1/../../../../arm-none-eabi/lib/thumb/v8-m.main+fp/hard\libcr_c.a(_do_fflush.o)
                0x00004428                _do_fflush
 .text.__aeabi_f2ulz
                0x00004468       0x3e C:/nxp/MCUXpressoIDE_25.6.136/ide/plugins/com.nxp.mcuxpresso.tools.win32_25.6.0.202501151204/tools/bin/../lib/gcc/arm-none-eabi/14.2.1/thumb/v8-m.main+fp/hard\libcr_eabihelpers.a(float.o)
                0x00004468                __aeabi_f2ulz
 .text.__aeabi_memset_lowlevel
                0x000044a6       0x32 C:/nxp/MCUXpressoIDE_25.6.136/ide/plugins/com.nxp.mcuxpresso.tools.win32_25.6.0.202501151204/tools/bin/../lib/gcc/arm-none-eabi/14.2.1/thumb/v8-m.main+fp/hard\libcr_eabihelpers.a(memcpy.o)
                0x000044a6                __aeabi_lowlevel_memset
 .text.__sys_close
                0x000044d8        0x6 C:/nxp/MCUXpressoIDE_25.6.136/ide/plugins/com.nxp.mcuxpresso.tools.win32_25.6.0.202501151204/tools/bin/../lib/gcc/arm-none-eabi/14.2.1/../../../../arm-none-eabi/lib/thumb/v8-m.main+fp/hard\libcr_nohost_nf.a(__sys_close.o)
                0x000044d8                __sys_close
 .text.__sys_flen
                0x000044de        0x6 C:/nxp/MCUXpressoIDE_25.6.136/ide/plugins/com.nxp.mcuxpresso.tools.win32_25.6.0.202501151204/tools/bin/../lib/gcc/arm-none-eabi/14.2.1/../../../../arm-none-eabi/lib/thumb/v8-m.main+fp/hard\libcr_nohost_nf.a(__sys_flen.o)
                0x000044de                __sys_flen
 .text.__sys_istty
                0x000044e4        0x6 C:/nxp/MCUXpressoIDE_25.6.136/ide/plugins/com.nxp.mcuxpresso.tools.win32_25.6.0.202501151204/tools/bin/../lib/gcc/arm-none-eabi/14.2.1/../../../../arm-none-eabi/lib/thumb/v8-m.main+fp/hard\libcr_nohost_nf.a(__sys_istty.o)
                0x000044e4                __sys_istty
 .text.__sys_remove
                0x000044ea        0x6 C:/nxp/MCUXpressoIDE_25.6.136/ide/plugins/com.nxp.mcuxpresso.tools.win32_25.6.0.202501151204/tools/bin/../lib/gcc/arm-none-eabi/14.2.1/../../../../arm-none-eabi/lib/thumb/v8-m.main+fp/hard\libcr_nohost_nf.a(__sys_remove.o)
                0x000044ea                __sys_remove
 .text.__sys_seek
                0x000044f0        0x6 C:/nxp/MCUXpressoIDE_25.6.136/ide/plugins/com.nxp.mcuxpresso.tools.win32_25.6.0.202501151204/tools/bin/../lib/gcc/arm-none-eabi/14.2.1/../../../../arm-none-eabi/lib/thumb/v8-m.main+fp/hard\libcr_nohost_nf.a(__sys_seek.o)
                0x000044f0                __sys_seek
 .text.__sys_tmpnam
                0x000044f6        0x6 C:/nxp/MCUXpressoIDE_25.6.136/ide/plugins/com.nxp.mcuxpresso.tools.win32_25.6.0.202501151204/tools/bin/../lib/gcc/arm-none-eabi/14.2.1/../../../../arm-none-eabi/lib/thumb/v8-m.main+fp/hard\libcr_nohost_nf.a(__sys_tmpnam.o)
                0x000044f6                __sys_tmpnam
 .text.__sys_write
                0x000044fc        0x4 C:/nxp/MCUXpressoIDE_25.6.136/ide/plugins/com.nxp.mcuxpresso.tools.win32_25.6.0.202501151204/tools/bin/../lib/gcc/arm-none-eabi/14.2.1/../../../../arm-none-eabi/lib/thumb/v8-m.main+fp/hard\libcr_nohost_nf.a(__sys_write.o)
                0x000044fc                __sys_write
 *(SORT_BY_ALIGNMENT(.rodata) SORT_BY_ALIGNMENT(.rodata.*) SORT_BY_ALIGNMENT(.constdata) SORT_BY_ALIGNMENT(.constdata.*))
 .rodata.__assertion_failed.str1.4
                0x00004500      0x80c ./utilities/fsl_assert.o
                                 0x14 (size before relaxing)
 .rodata.main.str1.4
                0x00004d0c       0x79 ./source/CTIMER0_GPIO00_LEDRGB-ConInterrupciones.o
 .rodata.GPIO00_IRQHandler.str1.4
                0x00004d0c       0x18 ./source/CTIMER0_GPIO00_LEDRGB-ConInterrupciones.o
 .rodata.s_ctimerBases
                0x00004d0c       0x14 ./drivers/fsl_ctimer.o
 .rodata.s_ctimerClocks
                0x00004d20        0xa ./drivers/fsl_ctimer.o
 *fill*         0x00004d2a        0x2 ff
 .rodata.s_ctimerResets
                0x00004d2c       0x14 ./drivers/fsl_ctimer.o
 .rodata.s_ctimerIRQ
                0x00004d40        0xa ./drivers/fsl_ctimer.o
 .rodata.CTIMER_GetInstance.str1.4
                0x00004d4a       0x2e ./drivers/fsl_ctimer.o
 .rodata.CTIMER_Init.str1.4
                0x00004d4a       0x21 ./drivers/fsl_ctimer.o
 .rodata.CTIMER_GetDefaultConfig.str1.4
                0x00004d4a       0x22 ./drivers/fsl_ctimer.o
 *fill*         0x00004d4a        0x2 ff
 .rodata.s_dacBases
                0x00004d4c        0x8 ./drivers/fsl_dac.o
 .rodata.s_dacClocks
                0x00004d54        0x4 ./drivers/fsl_dac.o
 .rodata.DAC_GetInstance.str1.4
                0x00004d58       0x31 ./drivers/fsl_dac.o
 .rodata.DAC_Init.str1.4
                0x00004d58       0x1e ./drivers/fsl_dac.o
 .rodata.s_gpioBases
                0x00004d58       0x18 ./drivers/fsl_gpio.o
 .rodata.s_gpioClockName
                0x00004d70        0xa ./drivers/fsl_gpio.o
 .rodata.GPIO_GetInstance.str1.4
                0x00004d7a       0x34 ./drivers/fsl_gpio.o
 .rodata.GPIO_PortClockEnable.str1.4
                0x00004d7a       0x38 ./drivers/fsl_gpio.o
 .rodata.GPIO_PinInit.str1.4
                0x00004d7a       0x20 ./drivers/fsl_gpio.o
 *fill*         0x00004d7a        0x2 ff
 .rodata.s_lpflexcommBase
                0x00004d7c       0x28 ./drivers/fsl_lpflexcomm.o
 .rodata.s_lpflexcommClocks
                0x00004da4       0x14 ./drivers/fsl_lpflexcomm.o
 .rodata.s_lpflexcommResets
                0x00004db8       0x28 ./drivers/fsl_lpflexcomm.o
 .rodata.LP_FLEXCOMM_SetPeriph.str1.4
                0x00004de0       0x43 ./drivers/fsl_lpflexcomm.o
 .rodata.LP_FLEXCOMM_Init.str1.4
                0x00004de0       0x49 ./drivers/fsl_lpflexcomm.o
 .rodata.s_lpuartBases
                0x00004de0       0x28 ./drivers/fsl_lpuart.o
 .rodata.LPUART_GetInstance.str1.4
                0x00004e08       0x38 ./drivers/fsl_lpuart.o
 .rodata.LPUART_Init.str1.4
                0x00004e08      0x10a ./drivers/fsl_lpuart.o
 .rodata.LPUART_GetDefaultConfig.str1.4
                0x00004e08       0x22 ./drivers/fsl_lpuart.o
 .rodata.LPUART_WriteBlocking.str1.4
                0x00004e08       0x21 ./drivers/fsl_lpuart.o
 .rodata.LPUART_ReadBlocking.str1.4
                0x00004e08       0x21 ./drivers/fsl_lpuart.o
 .rodata.RESET_SetPeripheralReset.str1.4
                0x00004e08       0x1e ./drivers/fsl_reset.o
 .rodata.RESET_ClearPeripheralReset.str1.4
                0x00004e08       0x1e ./drivers/fsl_reset.o
 .rodata.SPC_SetSRAMOperateVoltage.str1.4
                0x00004e08       0x1f ./drivers/fsl_spc.o
 .rodata.SPC_SetActiveModeCoreLDORegulatorConfig.str1.4
                0x00004e08       0x1f ./drivers/fsl_spc.o
 .rodata.SPC_SetActiveModeDCDCRegulatorConfig.str1.4
                0x00004e08       0x20 ./drivers/fsl_spc.o
 .rodata.s_LpuartAdapterBase
                0x00004e08       0x28 ./component/uart/fsl_adapter_lpuart.o
 .rodata.HAL_UartInit.str1.4
                0x00004e30      0x116 ./component/uart/fsl_adapter_lpuart.o
 .rodata.HAL_UartReceiveBlocking.str1.4
                0x00004e30       0x7b ./component/uart/fsl_adapter_lpuart.o
 .rodata.HAL_UartSendBlocking.str1.4
                0x00004e30       0x7b ./component/uart/fsl_adapter_lpuart.o
 .rodata        0x00004e30       0x22 ./board/clock_config.o
 *fill*         0x00004e52        0x2 ff
 .rodata.CTIMER0_config
                0x00004e54        0x8 ./board/peripherals.o
                0x00004e54                CTIMER0_config
 .rodata.DAC0_config
                0x00004e5c       0x1c ./board/peripherals.o
                0x00004e5c                DAC0_config
 .rodata.PORT_SetPinConfig.str1.4
                0x00004e78       0x8e ./board/pin_mux.o
 .rodata.GPIO_SetPinInterruptConfig.str1.4
                0x00004e78       0x8c ./board/pin_mux.o
 .rodata.__num_Ciob_streams
                0x00004e78        0x4 C:/nxp/MCUXpressoIDE_25.6.136/ide/plugins/com.nxp.mcuxpresso.tools.win32_25.6.0.202501151204/tools/bin/../lib/gcc/arm-none-eabi/14.2.1/../../../../arm-none-eabi/lib/thumb/v8-m.main+fp/hard\libcr_nohost_nf.a(__ciob.o)
                0x00004e78                __num_Ciob_streams
 .rodata._initio.str1.1
                0x00004e7c        0x4 C:/nxp/MCUXpressoIDE_25.6.136/ide/plugins/com.nxp.mcuxpresso.tools.win32_25.6.0.202501151204/tools/bin/../lib/gcc/arm-none-eabi/14.2.1/../../../../arm-none-eabi/lib/thumb/v8-m.main+fp/hard\libcr_c.a(initio.o)
                0x00004f08                        . = ALIGN (0x4)

.glue_7         0x00004e80        0x0
 .glue_7        0x00004e80        0x0 linker stubs

.glue_7t        0x00004e80        0x0
 .glue_7t       0x00004e80        0x0 linker stubs

.vfp11_veneer   0x00004e80        0x0
 .vfp11_veneer  0x00004e80        0x0 linker stubs

.v4_bx          0x00004e80        0x0
 .v4_bx         0x00004e80        0x0 linker stubs

.iplt           0x00004e80        0x0
 .iplt          0x00004e80        0x0 ./utilities/debug_console_lite/fsl_debug_console.o

.rel.dyn        0x00004e80        0x0
 .rel.iplt      0x00004e80        0x0 ./utilities/debug_console_lite/fsl_debug_console.o

.ARM.extab
 *(SORT_BY_ALIGNMENT(.ARM.extab*) SORT_BY_ALIGNMENT(.gnu.linkonce.armextab.*))

.ARM.exidx      0x00004e80        0x0
                0x00004e80                        __exidx_start = .
 *(SORT_BY_ALIGNMENT(.ARM.exidx*) SORT_BY_ALIGNMENT(.gnu.linkonce.armexidx.*))
                0x00004e80                        __exidx_end = .
                0x00004e80                        _etext = .

.m_usb_data
 *(SORT_BY_ALIGNMENT(m_usb_global))

.data_RAM2      0x04000000        0x0 load address 0x00004e80
 FILL mask 0xff
                [!provide]                        PROVIDE (__start_data_RAM2 = .)
                [!provide]                        PROVIDE (__start_data_SRAMX = .)
 *(SORT_BY_ALIGNMENT(.ramfunc.$RAM2))
 *(SORT_BY_ALIGNMENT(.ramfunc.$SRAMX))
 *(SORT_BY_ALIGNMENT(.data.$RAM2))
 *(SORT_BY_ALIGNMENT(.data.$SRAMX))
 *(SORT_BY_ALIGNMENT(.data.$RAM2.*))
 *(SORT_BY_ALIGNMENT(.data.$SRAMX.*))
                0x04000000                        . = ALIGN (0x4)
                [!provide]                        PROVIDE (__end_data_RAM2 = .)
                [!provide]                        PROVIDE (__end_data_SRAMX = .)

.data_RAM3      0x20060000        0x0 load address 0x00004e80
 FILL mask 0xff
                [!provide]                        PROVIDE (__start_data_RAM3 = .)
                [!provide]                        PROVIDE (__start_data_SRAMH = .)
 *(SORT_BY_ALIGNMENT(.ramfunc.$RAM3))
 *(SORT_BY_ALIGNMENT(.ramfunc.$SRAMH))
 *(SORT_BY_ALIGNMENT(.data.$RAM3))
 *(SORT_BY_ALIGNMENT(.data.$SRAMH))
 *(SORT_BY_ALIGNMENT(.data.$RAM3.*))
 *(SORT_BY_ALIGNMENT(.data.$SRAMH.*))
                0x20060000                        . = ALIGN (0x4)
                [!provide]                        PROVIDE (__end_data_RAM3 = .)
                [!provide]                        PROVIDE (__end_data_SRAMH = .)

.data_RAM4      0x400ba000        0x0 load address 0x00004e80
 FILL mask 0xff
                [!provide]                        PROVIDE (__start_data_RAM4 = .)
                [!provide]                        PROVIDE (__start_data_USB_RAM = .)
 *(SORT_BY_ALIGNMENT(.ramfunc.$RAM4))
 *(SORT_BY_ALIGNMENT(.ramfunc.$USB_RAM))
 *(SORT_BY_ALIGNMENT(.data.$RAM4))
 *(SORT_BY_ALIGNMENT(.data.$USB_RAM))
 *(SORT_BY_ALIGNMENT(.data.$RAM4.*))
 *(SORT_BY_ALIGNMENT(.data.$USB_RAM.*))
                0x400ba000                        . = ALIGN (0x4)
                [!provide]                        PROVIDE (__end_data_RAM4 = .)
                [!provide]                        PROVIDE (__end_data_USB_RAM = .)

.uninit_RESERVED
                0x20000000        0x0
                0x20000000                        _start_uninit_RESERVED = .
 *(SORT_BY_ALIGNMENT(.bss.$RESERVED*))
                0x20000000                        . = ALIGN (0x4)
                0x20000000                        _end_uninit_RESERVED = .

.data           0x20000000        0xc load address 0x00004e80
 FILL mask 0xff
                0x20000000                        _data = .
                [!provide]                        PROVIDE (__start_data_RAM = .)
                [!provide]                        PROVIDE (__start_data_SRAM = .)
 *(SORT_BY_ALIGNMENT(vtable))
 *(SORT_BY_ALIGNMENT(.ramfunc*))
 *(SORT_BY_ALIGNMENT(CodeQuickAccess))
 *(SORT_BY_ALIGNMENT(DataQuickAccess))
 *(SORT_BY_ALIGNMENT(RamFunction))
 *(SORT_BY_ALIGNMENT(.data*))
 .data.s_Ext_Clk_Freq
                0x20000000        0x4 ./drivers/fsl_clock.o
 .data.s_Xtal32_Freq
                0x20000004        0x4 ./drivers/fsl_clock.o
 .data.SystemCoreClock
                0x20000008        0x4 ./device/system_MCXN947_cm33_core0.o
                0x20000008                SystemCoreClock
                0x2000000c                        . = ALIGN (0x4)
                0x2000000c                        _edata = .
                [!provide]                        PROVIDE (__end_data_RAM = .)
                [!provide]                        PROVIDE (__end_data_SRAM = .)

.igot.plt       0x2000000c        0x0 load address 0x00004e8c
 .igot.plt      0x2000000c        0x0 ./utilities/debug_console_lite/fsl_debug_console.o

.bss_RAM2       0x04000000        0x0
                [!provide]                        PROVIDE (__start_bss_RAM2 = .)
                [!provide]                        PROVIDE (__start_bss_SRAMX = .)
 *(SORT_BY_ALIGNMENT(.bss.$RAM2))
 *(SORT_BY_ALIGNMENT(.bss.$SRAMX))
 *(SORT_BY_ALIGNMENT(.bss.$RAM2.*))
 *(SORT_BY_ALIGNMENT(.bss.$SRAMX.*))
                0x04000000                        . = ALIGN ((. != 0x0)?0x4:0x1)
                [!provide]                        PROVIDE (__end_bss_RAM2 = .)
                [!provide]                        PROVIDE (__end_bss_SRAMX = .)

.bss_RAM3       0x20060000        0x0
                [!provide]                        PROVIDE (__start_bss_RAM3 = .)
                [!provide]                        PROVIDE (__start_bss_SRAMH = .)
 *(SORT_BY_ALIGNMENT(.bss.$RAM3))
 *(SORT_BY_ALIGNMENT(.bss.$SRAMH))
 *(SORT_BY_ALIGNMENT(.bss.$RAM3.*))
 *(SORT_BY_ALIGNMENT(.bss.$SRAMH.*))
                0x20060000                        . = ALIGN ((. != 0x0)?0x4:0x1)
                [!provide]                        PROVIDE (__end_bss_RAM3 = .)
                [!provide]                        PROVIDE (__end_bss_SRAMH = .)

.bss_RAM4       0x400ba000        0x0
                [!provide]                        PROVIDE (__start_bss_RAM4 = .)
                [!provide]                        PROVIDE (__start_bss_USB_RAM = .)
 *(SORT_BY_ALIGNMENT(.bss.$RAM4))
 *(SORT_BY_ALIGNMENT(.bss.$USB_RAM))
 *(SORT_BY_ALIGNMENT(.bss.$RAM4.*))
 *(SORT_BY_ALIGNMENT(.bss.$USB_RAM.*))
                0x400ba000                        . = ALIGN ((. != 0x0)?0x4:0x1)
                [!provide]                        PROVIDE (__end_bss_RAM4 = .)
                [!provide]                        PROVIDE (__end_bss_USB_RAM = .)

.bss            0x2000000c     0x2248
                0x2000000c                        _bss = .
                [!provide]                        PROVIDE (__start_bss_RAM = .)
                [!provide]                        PROVIDE (__start_bss_SRAM = .)
 *(SORT_BY_ALIGNMENT(.bss*))
 .bss.s_debugConsole
                0x2000000c       0x14 ./utilities/debug_console_lite/fsl_debug_console.o
 .bss.matchNewValue
                0x20000020        0x4 ./source/CTIMER0_GPIO00_LEDRGB-ConInterrupciones.o
                0x20000020                matchNewValue
 .bss.waveForm  0x20000024     0x1ffe ./source/CTIMER0_GPIO00_LEDRGB-ConInterrupciones.o
                0x20000024                waveForm
 *fill*         0x20002022        0x2 
 .bss.s_Sai_Mclk_Freq
                0x20002024        0x8 ./drivers/fsl_clock.o
 .bss.s_Sai_Tx_Bclk_Freq
                0x2000202c        0x8 ./drivers/fsl_clock.o
 .bss.s_Sai_Rx_Bclk_Freq
                0x20002034        0x8 ./drivers/fsl_clock.o
 .bss.s_ctimerCallback
                0x2000203c       0x14 ./drivers/fsl_ctimer.o
 .bss.ctimerCallbackType
                0x20002050        0x5 ./drivers/fsl_ctimer.o
 *fill*         0x20002055        0x3 
 .bss.s_lpflexcommIrqHandler
                0x20002058       0xa0 ./drivers/fsl_lpflexcomm.o
 .bss.s_lpflexcommHandle
                0x200020f8       0xa0 ./drivers/fsl_lpflexcomm.o
 .bss.errno     0x20002198        0x4 C:/nxp/MCUXpressoIDE_25.6.136/ide/plugins/com.nxp.mcuxpresso.tools.win32_25.6.0.202501151204/tools/bin/../lib/gcc/arm-none-eabi/14.2.1/../../../../arm-none-eabi/lib/thumb/v8-m.main+fp/hard\libcr_c.a(errno.o)
                0x20002198                errno
 .bss.__Ciob    0x2000219c       0xb4 C:/nxp/MCUXpressoIDE_25.6.136/ide/plugins/com.nxp.mcuxpresso.tools.win32_25.6.0.202501151204/tools/bin/../lib/gcc/arm-none-eabi/14.2.1/../../../../arm-none-eabi/lib/thumb/v8-m.main+fp/hard\libcr_nohost_nf.a(__ciob.o)
                0x2000219c                __Ciob
 .bss.index     0x20002250        0x2 ./source/CTIMER0_GPIO00_LEDRGB-ConInterrupciones.o
                0x20002250                index
 .bss.SW3       0x20002252        0x1 ./source/CTIMER0_GPIO00_LEDRGB-ConInterrupciones.o
                0x20002252                SW3
 .bss.SW2       0x20002253        0x1 ./source/CTIMER0_GPIO00_LEDRGB-ConInterrupciones.o
                0x20002253                SW2
 *(SORT_BY_ALIGNMENT(COMMON))
                0x20002254                        . = ALIGN (0x4)
                0x20002254                        _ebss = .
                [!provide]                        PROVIDE (__end_bss_RAM = .)
                [!provide]                        PROVIDE (__end_bss_SRAM = .)
                [!provide]                        PROVIDE (end = .)

.noinit_RAM2    0x04000000        0x0
                [!provide]                        PROVIDE (__start_noinit_RAM2 = .)
                [!provide]                        PROVIDE (__start_noinit_SRAMX = .)
 *(SORT_BY_ALIGNMENT(.noinit.$RAM2))
 *(SORT_BY_ALIGNMENT(.noinit.$SRAMX))
 *(SORT_BY_ALIGNMENT(.noinit.$RAM2.*))
 *(SORT_BY_ALIGNMENT(.noinit.$SRAMX.*))
                0x04000000                        . = ALIGN (0x4)
                [!provide]                        PROVIDE (__end_noinit_RAM2 = .)
                [!provide]                        PROVIDE (__end_noinit_SRAMX = .)

.noinit_RAM3    0x20060000        0x0
                [!provide]                        PROVIDE (__start_noinit_RAM3 = .)
                [!provide]                        PROVIDE (__start_noinit_SRAMH = .)
 *(SORT_BY_ALIGNMENT(.noinit.$RAM3))
 *(SORT_BY_ALIGNMENT(.noinit.$SRAMH))
 *(SORT_BY_ALIGNMENT(.noinit.$RAM3.*))
 *(SORT_BY_ALIGNMENT(.noinit.$SRAMH.*))
                0x20060000                        . = ALIGN (0x4)
                [!provide]                        PROVIDE (__end_noinit_RAM3 = .)
                [!provide]                        PROVIDE (__end_noinit_SRAMH = .)

.noinit_RAM4    0x400ba000        0x0
                [!provide]                        PROVIDE (__start_noinit_RAM4 = .)
                [!provide]                        PROVIDE (__start_noinit_USB_RAM = .)
 *(SORT_BY_ALIGNMENT(.noinit.$RAM4))
 *(SORT_BY_ALIGNMENT(.noinit.$USB_RAM))
 *(SORT_BY_ALIGNMENT(.noinit.$RAM4.*))
 *(SORT_BY_ALIGNMENT(.noinit.$USB_RAM.*))
                0x400ba000                        . = ALIGN (0x4)
                [!provide]                        PROVIDE (__end_noinit_RAM4 = .)
                [!provide]                        PROVIDE (__end_noinit_USB_RAM = .)

.noinit         0x20002254        0x0
                0x20002254                        _noinit = .
                [!provide]                        PROVIDE (__start_noinit_RAM = .)
                [!provide]                        PROVIDE (__start_noinit_SRAM = .)
 *(SORT_BY_ALIGNMENT(.noinit*))
                0x20002254                        . = ALIGN (0x4)
                0x20002254                        _end_noinit = .
                [!provide]                        PROVIDE (__end_noinit_RAM = .)
                [!provide]                        PROVIDE (__end_noinit_SRAM = .)
                0x00001000                        _HeapSize = 0x1000

.heap           0x20002254     0x1000
                0x20002254                        _pvHeapStart = .
                0x20003254                        . = (. + _HeapSize)
 *fill*         0x20002254     0x1000 
                0x20003254                        . = ALIGN (0x4)
                0x20003254                        _pvHeapLimit = .
                0x00001000                        _StackSize = 0x1000

.heap2stackfill
                0x20003254     0x1000
                0x20004254                        . = (. + _StackSize)
 *fill*         0x20003254     0x1000 

.stack          0x2005f000        0x0
                0x2005f000                        _vStackBase = .
                0x2005f000                        . = ALIGN (0x4)
                0x20060000                        _vStackTop = (. + _StackSize)
                0x00000000                        _image_start = LOADADDR (.text)
                0x00004e8c                        _image_end = (LOADADDR (.data) + SIZEOF (.data))
                0x00004e8c                        _image_size = (_image_end - _image_start)
OUTPUT(CTIMER0_GPIO00_LEDRGB-ConInterrupciones.axf elf32-littlearm)
LOAD linker stubs

.debug_info     0x00000000    0x23ff7
 .debug_info    0x00000000      0xd18 ./utilities/debug_console_lite/fsl_debug_console.o
 .debug_info    0x00000d18      0x12e ./utilities/fsl_assert.o
 .debug_info    0x00000e46       0x24 ./utilities/fsl_memcpy.o
 .debug_info    0x00000e6a     0x14b6 ./startup/startup_mcxn947_cm33_core0.o
 .debug_info    0x00002320     0x12cd ./source/CTIMER0_GPIO00_LEDRGB-ConInterrupciones.o
 .debug_info    0x000035ed       0x3c ./source/semihost_hardfault.o
 .debug_info    0x00003629     0x51bf ./drivers/fsl_clock.o
 .debug_info    0x000087e8     0x2a1e ./drivers/fsl_ctimer.o
 .debug_info    0x0000b206     0x1ab8 ./drivers/fsl_dac.o
 .debug_info    0x0000ccbe     0x1c0c ./drivers/fsl_gpio.o
 .debug_info    0x0000e8ca     0x2341 ./drivers/fsl_lpflexcomm.o
 .debug_info    0x00010c0b     0x2401 ./drivers/fsl_lpuart.o
 .debug_info    0x0001300c     0x12a2 ./drivers/fsl_reset.o
 .debug_info    0x000142ae     0x1a73 ./drivers/fsl_spc.o
 .debug_info    0x00015d21     0x192c ./device/system_MCXN947_cm33_core0.o
 .debug_info    0x0001764d      0xe71 ./component/uart/fsl_adapter_lpuart.o
 .debug_info    0x000184be     0x12da ./board/board.o
 .debug_info    0x00019798     0x2af2 ./board/clock_config.o
 .debug_info    0x0001c28a      0xcdd ./board/hardware_init.o
 .debug_info    0x0001cf67     0x119d ./board/peripherals.o
 .debug_info    0x0001e104     0x1a43 ./board/pin_mux.o
 .debug_info    0x0001fb47       0x85 C:/nxp/MCUXpressoIDE_25.6.136/ide/plugins/com.nxp.mcuxpresso.tools.win32_25.6.0.202501151204/tools/bin/../lib/gcc/arm-none-eabi/14.2.1/../../../../arm-none-eabi/lib/thumb/v8-m.main+fp/hard\libcr_nohost_nf.a(_cr__main.o)
 .debug_info    0x0001fbcc       0xfc C:/nxp/MCUXpressoIDE_25.6.136/ide/plugins/com.nxp.mcuxpresso.tools.win32_25.6.0.202501151204/tools/bin/../lib/gcc/arm-none-eabi/14.2.1/../../../../arm-none-eabi/lib/thumb/v8-m.main+fp/hard\libcr_c.a(memset.o)
 .debug_info    0x0001fcc8      0x520 C:/nxp/MCUXpressoIDE_25.6.136/ide/plugins/com.nxp.mcuxpresso.tools.win32_25.6.0.202501151204/tools/bin/../lib/gcc/arm-none-eabi/14.2.1/../../../../arm-none-eabi/lib/thumb/v8-m.main+fp/hard\libcr_c.a(alloc.o)
 .debug_info    0x000201e8       0x44 C:/nxp/MCUXpressoIDE_25.6.136/ide/plugins/com.nxp.mcuxpresso.tools.win32_25.6.0.202501151204/tools/bin/../lib/gcc/arm-none-eabi/14.2.1/../../../../arm-none-eabi/lib/thumb/v8-m.main+fp/hard\libcr_c.a(errno.o)
 .debug_info    0x0002022c      0x339 C:/nxp/MCUXpressoIDE_25.6.136/ide/plugins/com.nxp.mcuxpresso.tools.win32_25.6.0.202501151204/tools/bin/../lib/gcc/arm-none-eabi/14.2.1/../../../../arm-none-eabi/lib/thumb/v8-m.main+fp/hard\libcr_c.a(initio.o)
 .debug_info    0x00020565      0x1fd C:/nxp/MCUXpressoIDE_25.6.136/ide/plugins/com.nxp.mcuxpresso.tools.win32_25.6.0.202501151204/tools/bin/../lib/gcc/arm-none-eabi/14.2.1/../../../../arm-none-eabi/lib/thumb/v8-m.main+fp/hard\libcr_c.a(setvbuf.o)
 .debug_info    0x00020762       0xe1 C:/nxp/MCUXpressoIDE_25.6.136/ide/plugins/com.nxp.mcuxpresso.tools.win32_25.6.0.202501151204/tools/bin/../lib/gcc/arm-none-eabi/14.2.1/../../../../arm-none-eabi/lib/thumb/v8-m.main+fp/hard\libcr_c.a(strlen.o)
 .debug_info    0x00020843      0x396 C:/nxp/MCUXpressoIDE_25.6.136/ide/plugins/com.nxp.mcuxpresso.tools.win32_25.6.0.202501151204/tools/bin/../lib/gcc/arm-none-eabi/14.2.1/../../../../arm-none-eabi/lib/thumb/v8-m.main+fp/hard\libcr_c.a(_deferredlazyseek.o)
 .debug_info    0x00020bd9      0x24b C:/nxp/MCUXpressoIDE_25.6.136/ide/plugins/com.nxp.mcuxpresso.tools.win32_25.6.0.202501151204/tools/bin/../lib/gcc/arm-none-eabi/14.2.1/../../../../arm-none-eabi/lib/thumb/v8-m.main+fp/hard\libcr_c.a(_fdopen.o)
 .debug_info    0x00020e24      0x1e3 C:/nxp/MCUXpressoIDE_25.6.136/ide/plugins/com.nxp.mcuxpresso.tools.win32_25.6.0.202501151204/tools/bin/../lib/gcc/arm-none-eabi/14.2.1/../../../../arm-none-eabi/lib/thumb/v8-m.main+fp/hard\libcr_c.a(_fflush.o)
 .debug_info    0x00021007      0x289 C:/nxp/MCUXpressoIDE_25.6.136/ide/plugins/com.nxp.mcuxpresso.tools.win32_25.6.0.202501151204/tools/bin/../lib/gcc/arm-none-eabi/14.2.1/../../../../arm-none-eabi/lib/thumb/v8-m.main+fp/hard\libcr_c.a(_writebuf.o)
 .debug_info    0x00021290      0x31e C:/nxp/MCUXpressoIDE_25.6.136/ide/plugins/com.nxp.mcuxpresso.tools.win32_25.6.0.202501151204/tools/bin/../lib/gcc/arm-none-eabi/14.2.1/../../../../arm-none-eabi/lib/thumb/v8-m.main+fp/hard\libcr_c.a(fclose.o)
 .debug_info    0x000215ae      0x209 C:/nxp/MCUXpressoIDE_25.6.136/ide/plugins/com.nxp.mcuxpresso.tools.win32_25.6.0.202501151204/tools/bin/../lib/gcc/arm-none-eabi/14.2.1/../../../../arm-none-eabi/lib/thumb/v8-m.main+fp/hard\libcr_c.a(fflush.o)
 .debug_info    0x000217b7      0x276 C:/nxp/MCUXpressoIDE_25.6.136/ide/plugins/com.nxp.mcuxpresso.tools.win32_25.6.0.202501151204/tools/bin/../lib/gcc/arm-none-eabi/14.2.1/../../../../arm-none-eabi/lib/thumb/v8-m.main+fp/hard\libcr_c.a(fseek.o)
 .debug_info    0x00021a2d      0x197 C:/nxp/MCUXpressoIDE_25.6.136/ide/plugins/com.nxp.mcuxpresso.tools.win32_25.6.0.202501151204/tools/bin/../lib/gcc/arm-none-eabi/14.2.1/../../../../arm-none-eabi/lib/thumb/v8-m.main+fp/hard\libcr_c.a(ftell.o)
 .debug_info    0x00021bc4      0x1d7 C:/nxp/MCUXpressoIDE_25.6.136/ide/plugins/com.nxp.mcuxpresso.tools.win32_25.6.0.202501151204/tools/bin/../lib/gcc/arm-none-eabi/14.2.1/../../../../arm-none-eabi/lib/thumb/v8-m.main+fp/hard\libcr_c.a(remove.o)