Archive member included to satisfy reference by file (symbol)

C:/nxp/MCUXpressoIDE_25.6.136/ide/plugins/com.nxp.mcuxpresso.tools.win32_25.6.0.202501151204/tools/bin/../lib/gcc/arm-none-eabi/14.2.1/../../../../arm-none-eabi/lib/thumb/v8-m.main+fp/hard\libcr_nohost_nf.a(_cr__main.o)
                              ./startup/startup_mcxn947_cm33_core0.o (__main)
C:/nxp/MCUXpressoIDE_25.6.136/ide/plugins/com.nxp.mcuxpresso.tools.win32_25.6.0.202501151204/tools/bin/../lib/gcc/arm-none-eabi/14.2.1/../../../../arm-none-eabi/lib/thumb/v8-m.main+fp/hard\libcr_c.a(memset.o)
                              ./drivers/fsl_ctimer.o (memset)
C:/nxp/MCUXpressoIDE_25.6.136/ide/plugins/com.nxp.mcuxpresso.tools.win32_25.6.0.202501151204/tools/bin/../lib/gcc/arm-none-eabi/14.2.1/../../../../arm-none-eabi/lib/thumb/v8-m.main+fp/hard\libcr_c.a(alloc.o)
                              ./drivers/fsl_common.o (malloc)
C:/nxp/MCUXpressoIDE_25.6.136/ide/plugins/com.nxp.mcuxpresso.tools.win32_25.6.0.202501151204/tools/bin/../lib/gcc/arm-none-eabi/14.2.1/../../../../arm-none-eabi/lib/thumb/v8-m.main+fp/hard\libcr_c.a(errno.o)
                              ./utilities/str/fsl_str.o (errno)
C:/nxp/MCUXpressoIDE_25.6.136/ide/plugins/com.nxp.mcuxpresso.tools.win32_25.6.0.202501151204/tools/bin/../lib/gcc/arm-none-eabi/14.2.1/../../../../arm-none-eabi/lib/thumb/v8-m.main+fp/hard\libcr_c.a(initio.o)
                              C:/nxp/MCUXpressoIDE_25.6.136/ide/plugins/com.nxp.mcuxpresso.tools.win32_25.6.0.202501151204/tools/bin/../lib/gcc/arm-none-eabi/14.2.1/../../../../arm-none-eabi/lib/thumb/v8-m.main+fp/hard\libcr_nohost_nf.a(_cr__main.o) (_initio)
C:/nxp/MCUXpressoIDE_25.6.136/ide/plugins/com.nxp.mcuxpresso.tools.win32_25.6.0.202501151204/tools/bin/../lib/gcc/arm-none-eabi/14.2.1/../../../../arm-none-eabi/lib/thumb/v8-m.main+fp/hard\libcr_c.a(scanf.o)
                              ./utilities/str/fsl_str.o (strtoul)
C:/nxp/MCUXpressoIDE_25.6.136/ide/plugins/com.nxp.mcuxpresso.tools.win32_25.6.0.202501151204/tools/bin/../lib/gcc/arm-none-eabi/14.2.1/../../../../arm-none-eabi/lib/thumb/v8-m.main+fp/hard\libcr_c.a(setvbuf.o)
                              C:/nxp/MCUXpressoIDE_25.6.136/ide/plugins/com.nxp.mcuxpresso.tools.win32_25.6.0.202501151204/tools/bin/../lib/gcc/arm-none-eabi/14.2.1/../../../../arm-none-eabi/lib/thumb/v8-m.main+fp/hard\libcr_c.a(initio.o) (setvbuf)
C:/nxp/MCUXpressoIDE_25.6.136/ide/plugins/com.nxp.mcuxpresso.tools.win32_25.6.0.202501151204/tools/bin/../lib/gcc/arm-none-eabi/14.2.1/../../../../arm-none-eabi/lib/thumb/v8-m.main+fp/hard\libcr_c.a(strlen.o)
                              ./utilities/str/fsl_str.o (strlen)
C:/nxp/MCUXpressoIDE_25.6.136/ide/plugins/com.nxp.mcuxpresso.tools.win32_25.6.0.202501151204/tools/bin/../lib/gcc/arm-none-eabi/14.2.1/../../../../arm-none-eabi/lib/thumb/v8-m.main+fp/hard\libcr_c.a(ungetc.o)
                              C:/nxp/MCUXpressoIDE_25.6.136/ide/plugins/com.nxp.mcuxpresso.tools.win32_25.6.0.202501151204/tools/bin/../lib/gcc/arm-none-eabi/14.2.1/../../../../arm-none-eabi/lib/thumb/v8-m.main+fp/hard\libcr_c.a(scanf.o) (ungetc)
C:/nxp/MCUXpressoIDE_25.6.136/ide/plugins/com.nxp.mcuxpresso.tools.win32_25.6.0.202501151204/tools/bin/../lib/gcc/arm-none-eabi/14.2.1/../../../../arm-none-eabi/lib/thumb/v8-m.main+fp/hard\libcr_c.a(__fillbuf.o)
                              C:/nxp/MCUXpressoIDE_25.6.136/ide/plugins/com.nxp.mcuxpresso.tools.win32_25.6.0.202501151204/tools/bin/../lib/gcc/arm-none-eabi/14.2.1/../../../../arm-none-eabi/lib/thumb/v8-m.main+fp/hard\libcr_c.a(scanf.o) (__filbuf)
C:/nxp/MCUXpressoIDE_25.6.136/ide/plugins/com.nxp.mcuxpresso.tools.win32_25.6.0.202501151204/tools/bin/../lib/gcc/arm-none-eabi/14.2.1/../../../../arm-none-eabi/lib/thumb/v8-m.main+fp/hard\libcr_c.a(__init_alloc.o)
                              C:/nxp/MCUXpressoIDE_25.6.136/ide/plugins/com.nxp.mcuxpresso.tools.win32_25.6.0.202501151204/tools/bin/../lib/gcc/arm-none-eabi/14.2.1/../../../../arm-none-eabi/lib/thumb/v8-m.main+fp/hard\libcr_c.a(alloc.o) (__heaps)
C:/nxp/MCUXpressoIDE_25.6.136/ide/plugins/com.nxp.mcuxpresso.tools.win32_25.6.0.202501151204/tools/bin/../lib/gcc/arm-none-eabi/14.2.1/../../../../arm-none-eabi/lib/thumb/v8-m.main+fp/hard\libcr_c.a(_cr_sbrk.o)
                              C:/nxp/MCUXpressoIDE_25.6.136/ide/plugins/com.nxp.mcuxpresso.tools.win32_25.6.0.202501151204/tools/bin/../lib/gcc/arm-none-eabi/14.2.1/../../../../arm-none-eabi/lib/thumb/v8-m.main+fp/hard\libcr_c.a(alloc.o) (_sbrk)
C:/nxp/MCUXpressoIDE_25.6.136/ide/plugins/com.nxp.mcuxpresso.tools.win32_25.6.0.202501151204/tools/bin/../lib/gcc/arm-none-eabi/14.2.1/../../../../arm-none-eabi/lib/thumb/v8-m.main+fp/hard\libcr_c.a(_deferredlazyseek.o)
                              C:/nxp/MCUXpressoIDE_25.6.136/ide/plugins/com.nxp.mcuxpresso.tools.win32_25.6.0.202501151204/tools/bin/../lib/gcc/arm-none-eabi/14.2.1/../../../../arm-none-eabi/lib/thumb/v8-m.main+fp/hard\libcr_c.a(__fillbuf.o) (_deferredlazyseek)
[...]
Memory Configuration

Name             Origin             Length             Attributes
PROGRAM_FLASH0   0x00000000         0x00100000         xr
PROGRAM_FLASH1   0x00100000         0x00100000         xr
SRAM             0x20000000         0x00060000         xrw
SRAMX            0x04000000         0x00018000         xrw
SRAMH            0x20060000         0x00008000         xrw
USB_RAM          0x400ba000         0x00001000         xrw
*default*        0x00000000         0xffffffff

Linker script and memory map

LOAD ./utilities/str/fsl_str.o
LOAD ./utilities/debug_console_lite/fsl_debug_console.o
LOAD ./utilities/fsl_assert.o
LOAD ./utilities/fsl_memcpy.o
LOAD ./startup/boot_multicore_slave.o
LOAD ./startup/startup_mcxn947_cm33_core0.o
LOAD ./source/Lab1_DSP_FRDMMCXN947.o
LOAD ./source/semihost_hardfault.o
LOAD ./drivers/fsl_clock.o
LOAD ./drivers/fsl_common.o
LOAD ./drivers/fsl_common_arm.o
LOAD ./drivers/fsl_ctimer.o
LOAD ./drivers/fsl_dac.o
LOAD ./drivers/fsl_gpio.o
LOAD ./drivers/fsl_inputmux.o
LOAD ./drivers/fsl_lpadc.o
LOAD ./drivers/fsl_lpflexcomm.o
LOAD ./drivers/fsl_lpuart.o
LOAD ./drivers/fsl_reset.o
LOAD ./drivers/fsl_spc.o
LOAD ./drivers/fsl_vref.o
LOAD ./device/system_MCXN947_cm33_core0.o
LOAD ./component/uart/fsl_adapter_lpuart.o
LOAD ./board/board.o
LOAD ./board/clock_config.o
LOAD ./board/hardware_init.o
LOAD ./board/peripherals.o
LOAD ./board/pin_mux.o
START GROUP
LOAD C:/nxp/MCUXpressoIDE_25.6.136/ide/plugins/com.nxp.mcuxpresso.tools.win32_25.6.0.202501151204/tools/bin/../lib/gcc/arm-none-eabi/14.2.1/../../../../arm-none-eabi/lib/thumb/v8-m.main+fp/hard\libcr_nohost_nf.a
LOAD C:/nxp/MCUXpressoIDE_25.6.136/ide/plugins/com.nxp.mcuxpresso.tools.win32_25.6.0.202501151204/tools/bin/../lib/gcc/arm-none-eabi/14.2.1/../../../../arm-none-eabi/lib/thumb/v8-m.main+fp/hard\libcr_c.a
LOAD C:/nxp/MCUXpressoIDE_25.6.136/ide/plugins/com.nxp.mcuxpresso.tools.win32_25.6.0.202501151204/tools/bin/../lib/gcc/arm-none-eabi/14.2.1/thumb/v8-m.main+fp/hard\libcr_eabihelpers.a
LOAD C:/nxp/MCUXpressoIDE_25.6.136/ide/plugins/com.nxp.mcuxpresso.tools.win32_25.6.0.202501151204/tools/bin/../lib/gcc/arm-none-eabi/14.2.1/thumb/v8-m.main+fp/hard\libgcc.a
END GROUP
                0x00000000                        __base_PROGRAM_FLASH0 = 0x0
                0x00000000                        __base_Flash = 0x0
                0x00100000                        __top_PROGRAM_FLASH0 = 0x100000
                0x00100000                        __top_Flash = 0x100000
                0x00100000                        __base_PROGRAM_FLASH1 = 0x100000
                0x00100000                        __base_Flash2 = 0x100000
                0x00200000                        __top_PROGRAM_FLASH1 = 0x200000
                0x00200000                        __top_Flash2 = 0x200000
                0x20000000                        __base_SRAM = 0x20000000
                0x20000000                        __base_RAM = 0x20000000
                0x20060000                        __top_SRAM = 0x20060000
                0x20060000                        __top_RAM = 0x20060000
                0x04000000                        __base_SRAMX = 0x4000000
                0x04000000                        __base_RAM2 = 0x4000000
                0x04018000                        __top_SRAMX = 0x4018000
                0x04018000                        __top_RAM2 = 0x4018000
                0x20060000                        __base_SRAMH = 0x20060000
                0x20060000                        __base_RAM3 = 0x20060000
                0x20068000                        __top_SRAMH = 0x20068000
                0x20068000                        __top_RAM3 = 0x20068000
                0x400ba000                        __base_USB_RAM = 0x400ba000
                0x400ba000                        __base_RAM4 = 0x400ba000
                0x400bb000                        __top_USB_RAM = 0x400bb000
                0x400bb000                        __top_RAM4 = 0x400bb000

.text_Flash2    0x00100000        0x0
 FILL mask 0xff
 *(SORT_BY_ALIGNMENT(.text_Flash2))
 *(SORT_BY_ALIGNMENT(.text_PROGRAM_FLASH1))
 *(SORT_BY_ALIGNMENT(.text.$Flash2))
 *(SORT_BY_ALIGNMENT(.text.$PROGRAM_FLASH1))
 *(SORT_BY_ALIGNMENT(.text_Flash2.*))
 *(SORT_BY_ALIGNMENT(.text_PROGRAM_FLASH1.*))
 *(SORT_BY_ALIGNMENT(.text.$Flash2.*))
 *(SORT_BY_ALIGNMENT(.text.$PROGRAM_FLASH1.*))
 *(SORT_BY_ALIGNMENT(.rodata.$Flash2))
 *(SORT_BY_ALIGNMENT(.rodata.$PROGRAM_FLASH1))
 *(SORT_BY_ALIGNMENT(.rodata.$Flash2.*))
 *(SORT_BY_ALIGNMENT(.rodata.$PROGRAM_FLASH1.*))

.text           0x00000000     0x6190
 FILL mask 0xff
                0x00000000                        __vectors_start__ = ABSOLUTE (.)
 *(SORT_BY_ALIGNMENT(.isr_vector))
 .isr_vector    0x00000000      0x2b0 ./startup/startup_mcxn947_cm33_core0.o
                0x00000000                g_pfnVectors
                0x00000000                __Vectors
                0x000002b0                        . = ALIGN (0x4)
                0x000002b0                        __section_table_start = .
                0x000002b0                        __data_section_table = .
                0x000002b0        0x4 LONG 0x6190 LOADADDR (.data)
                0x000002b4        0x4 LONG 0x20000000 ADDR (.data)
                0x000002b8        0x4 LONG 0x58 SIZEOF (.data)
                0x000002bc        0x4 LONG 0x6190 LOADADDR (.data_RAM2)
                0x000002c0        0x4 LONG 0x4000000 ADDR (.data_RAM2)
                0x000002c4        0x4 LONG 0x0 SIZEOF (.data_RAM2)
                0x000002c8        0x4 LONG 0x6190 LOADADDR (.data_RAM3)
                0x000002cc        0x4 LONG 0x20060000 ADDR (.data_RAM3)
                0x000002d0        0x4 LONG 0x0 SIZEOF (.data_RAM3)
                0x000002d4        0x4 LONG 0x6190 LOADADDR (.data_RAM4)
                0x000002d8        0x4 LONG 0x400ba000 ADDR (.data_RAM4)
                0x000002dc        0x4 LONG 0x0 SIZEOF (.data_RAM4)
                0x000002e0                        __data_section_table_end = .
                0x000002e0                        __bss_section_table = .
                0x000002e0        0x4 LONG 0x20000058 ADDR (.bss)
                0x000002e4        0x4 LONG 0xa50 SIZEOF (.bss)
                0x000002e8        0x4 LONG 0x4000000 ADDR (.bss_RAM2)
                0x000002ec        0x4 LONG 0x0 SIZEOF (.bss_RAM2)
                0x000002f0        0x4 LONG 0x20060000 ADDR (.bss_RAM3)
                0x000002f4        0x4 LONG 0x0 SIZEOF (.bss_RAM3)
                0x000002f8        0x4 LONG 0x400ba000 ADDR (.bss_RAM4)
                0x000002fc        0x4 LONG 0x0 SIZEOF (.bss_RAM4)
                0x00000300                        __bss_section_table_end = .
                0x00000300                        __section_table_end = .
 *(SORT_BY_ALIGNMENT(.after_vectors*))
 .after_vectors.reset
                0x00000300       0x68 ./startup/startup_mcxn947_cm33_core0.o
                0x00000300                ResetISR
 .after_vectors.init_data
                0x00000368       0x1e ./startup/startup_mcxn947_cm33_core0.o
                0x00000368                data_init
 .after_vectors.init_bss
                0x00000386       0x12 ./startup/startup_mcxn947_cm33_core0.o
                0x00000386                bss_init
 .after_vectors
                0x00000398       0x16 ./startup/startup_mcxn947_cm33_core0.o
                0x00000398                NMI_Handler
                0x0000039c                MemManage_Handler
                0x0000039e                BusFault_Handler
                0x000003a0                UsageFault_Handler
                0x000003a2                SecureFault_Handler
                0x000003a4                SVC_Handler
                0x000003a6                DebugMon_Handler
                0x000003a8                PendSV_Handler
                0x000003aa                SysTick_Handler
                0x000003ac                PKC_ERR_DriverIRQHandler
                0x000003ac                QDC1_HOME_DriverIRQHandler
                0x000003ac                EDMA_0_CH5_DriverIRQHandler
                0x000003ac                EDMA_0_CH14_DriverIRQHandler
                0x000003ac                EDMA_1_CH0_DriverIRQHandler
                0x000003ac                I3C0_DriverIRQHandler
                0x000003ac                CMC0_DriverIRQHandler
                0x000003ac                EDMA_0_CH15_DriverIRQHandler
                0x000003ac                LPTMR0_DriverIRQHandler
                0x000003ac                EDMA_0_CH2_DriverIRQHandler
                0x000003ac                USB0_FS_DriverIRQHandler
                0x000003ac                FLEXPWM1_SUBMODULE1_DriverIRQHandler
                0x000003ac                FLEXPWM0_SUBMODULE1_DriverIRQHandler
                0x000003ac                SCG_DriverIRQHandler
                0x000003ac                EDMA_1_CH13_DriverIRQHandler
                0x000003ac                EDMA_1_CH11_DriverIRQHandler
                0x000003ac                FLEXPWM0_RELOAD_ERROR_DriverIRQHandler
                0x000003ac                QDC0_HOME_DriverIRQHandler
                0x000003ac                Reserved167_DriverIRQHandler
                0x000003ac                EDMA_1_CH9_DriverIRQHandler
                0x000003ac                SEC_VIO_DriverIRQHandler
                0x000003ac                ERM_MULTI_BIT_ERROR_DriverIRQHandler
                0x000003ac                GPIO31_DriverIRQHandler
                0x000003ac                EWM0_DriverIRQHandler
                0x000003ac                PKC_DriverIRQHandler
                0x000003ac                EDMA_0_CH10_DriverIRQHandler
                0x000003ac                USB1_HS_PHY_DriverIRQHandler
                0x000003ac                QDC0_IDX_DriverIRQHandler
                0x000003ac                ELS_DriverIRQHandler
                0x000003ac                Reserved166_DriverIRQHandler
                0x000003ac                EDMA_1_CH2_DriverIRQHandler
                0x000003ac                ETHERNET_DriverIRQHandler
                0x000003ac                QDC1_IDX_DriverIRQHandler
                0x000003ac                EDMA_1_CH14_DriverIRQHandler
                0x000003ac                FLEXPWM1_SUBMODULE3_DriverIRQHandler
                0x000003ac                EDMA_1_CH7_DriverIRQHandler
                0x000003ac                EDMA_1_CH6_DriverIRQHandler
                0x000003ac                DAC1_DriverIRQHandler
                0x000003ac                EMVSIM0_DriverIRQHandler
                0x000003ac                ITRC0_DriverIRQHandler
                0x000003ac                WWDT1_DriverIRQHandler
                0x000003ac                ETB0_DriverIRQHandler
                0x000003ac                Freqme_DriverIRQHandler
                0x000003ac                Reserved80_DriverIRQHandler
                0x000003ac                IntDefaultHandler
                0x000003ac                ELS_ERR_DriverIRQHandler
                0x000003ac                FLEXIO_DriverIRQHandler
                0x000003ac                DAC0_DriverIRQHandler
                0x000003ac                MRT0_DriverIRQHandler
                0x000003ac                UTICK0_DriverIRQHandler
                0x000003ac                FLEXPWM0_SUBMODULE2_DriverIRQHandler
                0x000003ac                GPIO01_DriverIRQHandler
                0x000003ac                EDMA_0_CH3_DriverIRQHandler
                0x000003ac                WWDT0_DriverIRQHandler
                0x000003ac                USDHC0_DriverIRQHandler
                0x000003ac                GPIO00_DriverIRQHandler
                0x000003ac                EDMA_0_CH4_DriverIRQHandler
                0x000003ac                GPIO11_DriverIRQHandler
                0x000003ac                BSP32_DriverIRQHandler
                0x000003ac                FLEXPWM0_FAULT_DriverIRQHandler
                0x000003ac                EDMA_1_CH1_DriverIRQHandler
                0x000003ac                SAI1_DriverIRQHandler
                0x000003ac                ERM_SINGLE_BIT_ERROR_DriverIRQHandler
                0x000003ac                GPIO21_DriverIRQHandler
                0x000003ac                FLEXPWM1_FAULT_DriverIRQHandler
                0x000003ac                GPIO30_DriverIRQHandler
                0x000003ac                QDC0_COMPARE_DriverIRQHandler
                0x000003ac                PINT0_DriverIRQHandler
                0x000003ac                ADC1_DriverIRQHandler
                0x000003ac                PQ_DriverIRQHandler
                0x000003ac                ETHERNET_MACLP_DriverIRQHandler
                0x000003ac                USB0_DCD_DriverIRQHandler
                0x000003ac                EDMA_0_CH11_DriverIRQHandler
                0x000003ac                MAILBOX_DriverIRQHandler
                0x000003ac                WUU_DriverIRQHandler
                0x000003ac                EDMA_0_CH6_DriverIRQHandler
                0x000003ac                FLEXPWM1_SUBMODULE0_DriverIRQHandler
                0x000003ac                CDOG1_DriverIRQHandler
                0x000003ac                TSI_OUT_OF_SCAN_DriverIRQHandler
                0x000003ac                EDMA_1_CH4_DriverIRQHandler
                0x000003ac                PUF_DriverIRQHandler
                0x000003ac                SPC_DriverIRQHandler
                0x000003ac                RTC_DriverIRQHandler
                0x000003ac                VBAT0_DriverIRQHandler
                0x000003ac                Reserved65_DriverIRQHandler
                0x000003ac                HSCMP2_DriverIRQHandler
                0x000003ac                EDMA_0_CH0_DriverIRQHandler
                0x000003ac                EDMA_1_CH5_DriverIRQHandler
                0x000003ac                PDM_EVENT_DriverIRQHandler
                0x000003ac                EDMA_0_CH9_DriverIRQHandler
                0x000003ac                ETHERNET_PMT_DriverIRQHandler
                0x000003ac                FLEXPWM1_RELOAD_ERROR_DriverIRQHandler
                0x000003ac                FMU0_DriverIRQHandler
                0x000003ac                QDC1_COMPARE_DriverIRQHandler
                0x000003ac                EDMA_0_CH8_DriverIRQHandler
                0x000003ac                LPTMR1_DriverIRQHandler
                0x000003ac                GPIO40_DriverIRQHandler
                0x000003ac                CTI0_DriverIRQHandler
                0x000003ac                EDMA_1_CH3_DriverIRQHandler
                0x000003ac                EDMA_1_CH15_DriverIRQHandler
                0x000003ac                FLEXPWM1_SUBMODULE2_DriverIRQHandler
                0x000003ac                GPIO20_DriverIRQHandler
                0x000003ac                QDC1_WDG_SAB_DriverIRQHandler
                0x000003ac                EDMA_1_CH8_DriverIRQHandler
                0x000003ac                GDET_DriverIRQHandler
                0x000003ac                PORT_EFT_DriverIRQHandler
                0x000003ac                Reserved85_DriverIRQHandler
                0x000003ac                Reserved81_DriverIRQHandler
                0x000003ac                TSI_END_OF_SCAN_DriverIRQHandler
                0x000003ac                FLEXPWM0_SUBMODULE3_DriverIRQHandler
                0x000003ac                ADC0_DriverIRQHandler
                0x000003ac                OR_DriverIRQHandler
                0x000003ac                EDMA_0_CH13_DriverIRQHandler
                0x000003ac                USB1_HS_DriverIRQHandler
                0x000003ac                EDMA_0_CH1_DriverIRQHandler
                0x000003ac                DAC2_DriverIRQHandler
                0x000003ac                GPIO51_DriverIRQHandler
                0x000003ac                HSCMP0_DriverIRQHandler
                0x000003ac                EDMA_0_CH12_DriverIRQHandler
                0x000003ac                QDC0_WDG_SAB_DriverIRQHandler
                0x000003ac                CDOG0_DriverIRQHandler
                0x000003ac                CAN0_DriverIRQHandler
                0x000003ac                SMARTDMA_DriverIRQHandler
                0x000003ac                SAI0_DriverIRQHandler
                0x000003ac                EMVSIM1_DriverIRQHandler
                0x000003ac                I3C1_DriverIRQHandler
                0x000003ac                EDMA_0_CH7_DriverIRQHandler
                0x000003ac                HSCMP1_DriverIRQHandler
                0x000003ac                EDMA_1_CH10_DriverIRQHandler
                0x000003ac                EDMA_1_CH12_DriverIRQHandler
                0x000003ac                FLEXSPI0_DriverIRQHandler
                0x000003ac                GPIO50_DriverIRQHandler
                0x000003ac                GPIO10_DriverIRQHandler
                0x000003ac                SCT0_DriverIRQHandler
                0x000003ac                CAN1_DriverIRQHandler
                0x000003ac                PLU_DriverIRQHandler
                0x000003ac                FLEXPWM0_SUBMODULE0_DriverIRQHandler
                0x000003ac                OS_EVENT_DriverIRQHandler
                0x000003ac                SINC_FILTER_DriverIRQHandler
                0x000003ac                NPU_DriverIRQHandler
                0x000003ac                GPIO41_DriverIRQHandler
                0x000003ac                SEC_HYPERVISOR_CALL_DriverIRQHandler
 *(SORT_BY_ALIGNMENT(.text*))
 *fill*         0x000003ae        0x2 ff
 .text.DbgConsole_Init
                0x000003b0       0x88 ./utilities/debug_console_lite/fsl_debug_console.o
                0x000003b0                DbgConsole_Init
 .text.DbgConsole_Vprintf
                0x00000438       0x3c ./utilities/debug_console_lite/fsl_debug_console.o
                0x00000438                DbgConsole_Vprintf
 .text.DbgConsole_Putchar
                0x00000474       0x30 ./utilities/debug_console_lite/fsl_debug_console.o
                0x00000474                DbgConsole_Putchar
 .text.DbgConsole_PrintfFormattedData
                0x000004a4      0x3e0 ./utilities/debug_console_lite/fsl_debug_console.o
 .text.__assertion_failed
                0x00000884       0x2c ./utilities/fsl_assert.o
                0x00000884                __assertion_failed
 .text          0x000008b0       0xa0 ./utilities/fsl_memcpy.o
                0x000008b0                memcpy
 .text.__NVIC_EnableIRQ
                0x00000950       0x3c ./source/Lab1_DSP_FRDMMCXN947.o
 .text.__NVIC_DisableIRQ
                0x0000098c       0x48 ./source/Lab1_DSP_FRDMMCXN947.o
 .text.LPADC_ClearTriggerStatusFlags
                0x000009d4       0x38 ./source/Lab1_DSP_FRDMMCXN947.o
 .text.LPADC_EnableInterrupts
                0x00000a0c       0x38 ./source/Lab1_DSP_FRDMMCXN947.o
 .text.LED_R    0x00000a44       0x28 ./source/Lab1_DSP_FRDMMCXN947.o
 .text.LED_G    0x00000a6c       0x28 ./source/Lab1_DSP_FRDMMCXN947.o
 .text.LED_B    0x00000a94       0x28 ./source/Lab1_DSP_FRDMMCXN947.o
 .text.main     0x00000abc       0x60 ./source/Lab1_DSP_FRDMMCXN947.o
                0x00000abc                main
 .text.out_Dac  0x00000b1c       0x40 ./source/Lab1_DSP_FRDMMCXN947.o
                0x00000b1c                out_Dac
 .text.setNewMatch
                0x00000b5c       0x5c ./source/Lab1_DSP_FRDMMCXN947.o
                0x00000b5c                setNewMatch
 .text.led_ShowFs
                0x00000bb8       0x7c ./source/Lab1_DSP_FRDMMCXN947.o
                0x00000bb8                led_ShowFs
 .text.confADC  0x00000c34       0x1c ./source/Lab1_DSP_FRDMMCXN947.o
                0x00000c34                confADC
 .text.confDAC  0x00000c50       0x14 ./source/Lab1_DSP_FRDMMCXN947.o
                0x00000c50                confDAC
 .text.CTIMER0_IRQHandler
                0x00000c64       0x3c ./source/Lab1_DSP_FRDMMCXN947.o
                0x00000c64                CTIMER0_IRQHandler
 .text.GPIO00_IRQHandler
                0x00000ca0      0x130 ./source/Lab1_DSP_FRDMMCXN947.o
                0x00000ca0                GPIO00_IRQHandler
 .text.ADC0_IRQHandler
                0x00000dd0       0xb0 ./source/Lab1_DSP_FRDMMCXN947.o
                0x00000dd0                ADC0_IRQHandler
 .text.CLOCK_IsPLL0Locked
                0x00000e80       0x28 ./drivers/fsl_clock.o
 .text.CLOCK_IsPLL1Locked
                0x00000ea8       0x28 ./drivers/fsl_clock.o
 .text.CLOCK_SetupFROHFClocking
                0x00000ed0       0x9c ./drivers/fsl_clock.o
                0x00000ed0                CLOCK_SetupFROHFClocking
 .text.CLOCK_SetPll0MonitorMode
                0x00000f6c       0x38 ./drivers/fsl_clock.o
                0x00000f6c                CLOCK_SetPll0MonitorMode
 .text.CLOCK_AttachClk
                0x00000fa4       0xb0 ./drivers/fsl_clock.o
                0x00000fa4                CLOCK_AttachClk
 .text.CLOCK_SetClkDiv
                0x00001054       0x54 ./drivers/fsl_clock.o
                0x00001054                CLOCK_SetClkDiv
 .text.CLOCK_GetCTimerClkFreq
                0x000010a8       0xfc ./drivers/fsl_clock.o
                0x000010a8                CLOCK_GetCTimerClkFreq
 .text.CLOCK_GetSaiMclkFreq
                0x000011a4       0x20 ./drivers/fsl_clock.o
                0x000011a4                CLOCK_GetSaiMclkFreq
 .text.CLOCK_GetSaiTxBclkFreq
                0x000011c4       0x20 ./drivers/fsl_clock.o
                0x000011c4                CLOCK_GetSaiTxBclkFreq
 .text.CLOCK_GetSaiRxBclkFreq
                0x000011e4       0x20 ./drivers/fsl_clock.o
                0x000011e4                CLOCK_GetSaiRxBclkFreq
 .text.CLOCK_GetPLL0InClockRate
                0x00001204       0x5c ./drivers/fsl_clock.o
                0x00001204                CLOCK_GetPLL0InClockRate
 .text.CLOCK_GetPLL1InClockRate
                0x00001260       0x58 ./drivers/fsl_clock.o
                0x00001260                CLOCK_GetPLL1InClockRate
 .text.CLOCK_SetPLL0Freq
                0x000012b8      0x10c ./drivers/fsl_clock.o
                0x000012b8                CLOCK_SetPLL0Freq
 .text.CLOCK_GetFro12MFreq
                0x000013c4       0x2c ./drivers/fsl_clock.o
 .text.CLOCK_GetClk1MFreq
                0x000013f0       0x14 ./drivers/fsl_clock.o
 .text.CLOCK_GetFroHfFreq
                0x00001404       0x4c ./drivers/fsl_clock.o
 .text.CLOCK_GetClk48MFreq
                0x00001450       0x2c ./drivers/fsl_clock.o
 .text.CLOCK_GetClk16KFreq
                0x0000147c       0x44 ./drivers/fsl_clock.o
 .text.CLOCK_GetExtClkFreq
                0x000014c0       0x2c ./drivers/fsl_clock.o
 .text.CLOCK_GetOsc32KFreq
                0x000014ec       0x4c ./drivers/fsl_clock.o
 .text.CLOCK_GetLposcFreq
                0x00001538       0x48 ./drivers/fsl_clock.o
 .text.findPll0PreDiv
                0x00001580       0x40 ./drivers/fsl_clock.o
 .text.findPll1PreDiv
                0x000015c0       0x40 ./drivers/fsl_clock.o
 .text.findPll0PostDiv
                0x00001600       0x60 ./drivers/fsl_clock.o
 .text.findPll1PostDiv
                0x00001660       0x60 ./drivers/fsl_clock.o
 .text.findPll0MMult
                0x000016c0       0xac ./drivers/fsl_clock.o
 .text.findPll1MMult
                0x0000176c       0xac ./drivers/fsl_clock.o
 .text.SDK_DelayAtLeastUs
                0x00001818       0x8c ./drivers/fsl_common_arm.o
                0x00001818                SDK_DelayAtLeastUs
 .text.__NVIC_EnableIRQ
                0x000018a4       0x3c ./drivers/fsl_ctimer.o
 .text.CTIMER_GetInstance
                0x000018e0       0x54 ./drivers/fsl_ctimer.o
 .text.CTIMER_Init
                0x00001934       0x80 ./drivers/fsl_ctimer.o
                0x00001934                CTIMER_Init
 .text.CTIMER_SetupMatch
                0x000019b4      0x128 ./drivers/fsl_ctimer.o
                0x000019b4                CTIMER_SetupMatch
 .text.CTIMER_GenericIRQHandler
                0x00001adc       0xb4 ./drivers/fsl_ctimer.o
 .text.DAC_GetInstance
                0x00001b90       0x4c ./drivers/fsl_dac.o
 .text.DAC_Init
                0x00001bdc      0x138 ./drivers/fsl_dac.o
                0x00001bdc                DAC_Init
 .text.GPIO_GetInstance
                0x00001d14       0x4c ./drivers/fsl_gpio.o
 .text.GPIO_PortClockEnable
                0x00001d60       0x54 ./drivers/fsl_gpio.o
 .text.GPIO_PinInit
                0x00001db4       0x6c ./drivers/fsl_gpio.o
                0x00001db4                GPIO_PinInit
 .text.LPADC_GetInstance
                0x00001e20       0x4c ./drivers/fsl_lpadc.o
 .text.LPADC_Init
                0x00001e6c      0x170 ./drivers/fsl_lpadc.o
                0x00001e6c                LPADC_Init
 .text.LPADC_GetConvResult
                0x00001fdc       0x70 ./drivers/fsl_lpadc.o
                0x00001fdc                LPADC_GetConvResult
 .text.LPADC_SetConvTriggerConfig
                0x0000204c       0x8c ./drivers/fsl_lpadc.o
                0x0000204c                LPADC_SetConvTriggerConfig
 .text.LPADC_SetConvCommandConfig
                0x000020d8      0x160 ./drivers/fsl_lpadc.o
                0x000020d8                LPADC_SetConvCommandConfig
 .text.LP_FLEXCOMM_GetInterruptStatus
                0x00002238       0x28 ./drivers/fsl_lpflexcomm.o
                0x00002238                LP_FLEXCOMM_GetInterruptStatus
 .text.LP_FLEXCOMM_SetPeriph
                0x00002260       0x94 ./drivers/fsl_lpflexcomm.o
 .text.LP_FLEXCOMM_Init
                0x000022f4       0x58 ./drivers/fsl_lpflexcomm.o
                0x000022f4                LP_FLEXCOMM_Init
 .text.LP_FLEXCOMM_CommonIRQHandler
                0x0000234c       0xb8 ./drivers/fsl_lpflexcomm.o
 .text.LPUART_GetInstance
                0x00002404       0x4c ./drivers/fsl_lpuart.o
                0x00002404                LPUART_GetInstance
 .text.LPUART_Init
                0x00002450      0x3d4 ./drivers/fsl_lpuart.o
                0x00002450                LPUART_Init
 .text.LPUART_GetDefaultConfig
                0x00002824       0x8c ./drivers/fsl_lpuart.o
                0x00002824                LPUART_GetDefaultConfig
 .text.LPUART_GetStatusFlags
                0x000028b0       0x60 ./drivers/fsl_lpuart.o
                0x000028b0                LPUART_GetStatusFlags
 .text.LPUART_ClearStatusFlags
                0x00002910       0x94 ./drivers/fsl_lpuart.o
                0x00002910                LPUART_ClearStatusFlags
 .text.LPUART_WriteBlocking
                0x000029a4       0x68 ./drivers/fsl_lpuart.o
                0x000029a4                LPUART_WriteBlocking
 .text.LPUART_ReadBlocking
                0x00002a0c      0x160 ./drivers/fsl_lpuart.o
                0x00002a0c                LPUART_ReadBlocking
 .text.RESET_SetPeripheralReset
                0x00002b6c       0x64 ./drivers/fsl_reset.o
                0x00002b6c                RESET_SetPeripheralReset
 .text.RESET_ClearPeripheralReset
                0x00002bd0       0x64 ./drivers/fsl_reset.o
                0x00002bd0                RESET_ClearPeripheralReset
 .text.SPC_SetSRAMOperateVoltage
                0x00002c34       0x58 ./drivers/fsl_spc.o
                0x00002c34                SPC_SetSRAMOperateVoltage
 .text.SPC_SetActiveModeCoreLDORegulatorConfig
                0x00002c8c       0x94 ./drivers/fsl_spc.o
                0x00002c8c                SPC_SetActiveModeCoreLDORegulatorConfig
 .text.SPC_SetActiveModeDCDCRegulatorConfig
                0x00002d20       0x68 ./drivers/fsl_spc.o
                0x00002d20                SPC_SetActiveModeDCDCRegulatorConfig
 .text.VREF_GetInstance
                0x00002d88       0x44 ./drivers/fsl_vref.o
 .text.VREF_Init
                0x00002dcc       0xdc ./drivers/fsl_vref.o
                0x00002dcc                VREF_Init
 .text.SystemInit
                0x00002ea8      0x124 ./device/system_MCXN947_cm33_core0.o
                0x00002ea8                SystemInit
 .text.HAL_UartInitCommon
                0x00002fcc       0xe4 ./component/uart/fsl_adapter_lpuart.o
 .text.HAL_UartInit
                0x000030b0       0x84 ./component/uart/fsl_adapter_lpuart.o
                0x000030b0                HAL_UartInit
 .text.HAL_UartReceiveBlocking
                0x00003134       0x6c ./component/uart/fsl_adapter_lpuart.o
                0x00003134                HAL_UartReceiveBlocking
 .text.HAL_UartSendBlocking
                0x000031a0       0x64 ./component/uart/fsl_adapter_lpuart.o
                0x000031a0                HAL_UartSendBlocking
 .text.BOARD_InitDebugConsole
                0x00003204       0x38 ./board/board.o
                0x00003204                BOARD_InitDebugConsole
 .text.BOARD_BootClockPLL150M
                0x0000323c      0x138 ./board/clock_config.o
                0x0000323c                BOARD_BootClockPLL150M
 .text.__NVIC_EnableIRQ
                0x00003374       0x3c ./board/peripherals.o
 .text.LPADC_EnableInterrupts
                0x000033b0       0x38 ./board/peripherals.o
 .text.CTIMER0_init
                0x000033e8       0x2c ./board/peripherals.o
 .text.DAC0_init
                0x00003414       0x2c ./board/peripherals.o
 .text.ADC0_init
                0x00003440       0x44 ./board/peripherals.o
 .text.VREF0_init
                0x00003484       0x24 ./board/peripherals.o
 .text.PORT_SetPinConfig
                0x000034a8       0x38 ./board/pin_mux.o
 .text.GPIO_SetPinInterruptConfig
                0x000034e0       0x4c ./board/pin_mux.o
 .text.BOARD_InitPins
                0x0000352c      0x1dc ./board/pin_mux.o
                0x0000352c                BOARD_InitPins
 .text._initio  0x00003708       0x78 C:/nxp/MCUXpressoIDE_25.6.136/ide/plugins/com.nxp.mcuxpresso.tools.win32_25.6.0.202501151204/tools/bin/../lib/gcc/arm-none-eabi/14.2.1/../../../../arm-none-eabi/lib/thumb/v8-m.main+fp/hard\libcr_c.a(initio.o)
                0x00003708                _initio
 .text._Cwritebuf
                0x00003780       0x70 C:/nxp/MCUXpressoIDE_25.6.136/ide/plugins/com.nxp.mcuxpresso.tools.win32_25.6.0.202501151204/tools/bin/../lib/gcc/arm-none-eabi/14.2.1/../../../../arm-none-eabi/lib/thumb/v8-m.main+fp/hard\libcr_c.a(_writebuf.o)
                0x00003780                _Cwritebuf
 .text.fflush   0x000037f0       0x3c C:/nxp/MCUXpressoIDE_25.6.136/ide/plugins/com.nxp.mcuxpresso.tools.win32_25.6.0.202501151204/tools/bin/../lib/gcc/arm-none-eabi/14.2.1/../../../../arm-none-eabi/lib/thumb/v8-m.main+fp/hard\libcr_c.a(fflush.o)
                0x000037f0                fflush
 .text.fseek    0x0000382c       0xf8 C:/nxp/MCUXpressoIDE_25.6.136/ide/plugins/com.nxp.mcuxpresso.tools.win32_25.6.0.202501151204/tools/bin/../lib/gcc/arm-none-eabi/14.2.1/../../../../arm-none-eabi/lib/thumb/v8-m.main+fp/hard\libcr_c.a(fseek.o)
                0x0000382c                fseek
 .text.ftell    0x00003924       0x44 C:/nxp/MCUXpressoIDE_25.6.136/ide/plugins/com.nxp.mcuxpresso.tools.win32_25.6.0.202501151204/tools/bin/../lib/gcc/arm-none-eabi/14.2.1/../../../../arm-none-eabi/lib/thumb/v8-m.main+fp/hard\libcr_c.a(ftell.o)
                0x00003924                ftell
 .text.DbgConsole_Printf
                0x00003968       0x2c ./utilities/debug_console_lite/fsl_debug_console.o
                0x00003968                DbgConsole_Printf
 .text.DbgConsole_PrintfPaddingCharacter
                0x00003994       0x40 ./utilities/debug_console_lite/fsl_debug_console.o
 .text.DbgConsole_ConvertRadixNumToString
                0x000039d4       0xc2 ./utilities/debug_console_lite/fsl_debug_console.o
 .text.fsl_assert_hook
                0x00003a96       0x1a ./utilities/fsl_assert.o
                0x00003a96                fsl_assert_hook
 .text.OR_IRQHandler
                0x00003ab0        0x8 ./startup/startup_mcxn947_cm33_core0.o
                0x00003ab0                OR_IRQHandler
 .text.EDMA_0_CH0_IRQHandler
                0x00003ab8        0x8 ./startup/startup_mcxn947_cm33_core0.o
                0x00003ab8                EDMA_0_CH0_IRQHandler
 .text.EDMA_0_CH1_IRQHandler
                0x00003ac0        0x8 ./startup/startup_mcxn947_cm33_core0.o
                0x00003ac0                EDMA_0_CH1_IRQHandler
 .text.EDMA_0_CH2_IRQHandler
                0x00003ac8        0x8 ./startup/startup_mcxn947_cm33_core0.o
                0x00003ac8                EDMA_0_CH2_IRQHandler
 .text.EDMA_0_CH3_IRQHandler
                0x00003ad0        0x8 ./startup/startup_mcxn947_cm33_core0.o
                0x00003ad0                EDMA_0_CH3_IRQHandler
 .text.EDMA_0_CH4_IRQHandler
                0x00003ad8        0x8 ./startup/startup_mcxn947_cm33_core0.o
                0x00003ad8                EDMA_0_CH4_IRQHandler
 .text.EDMA_0_CH5_IRQHandler
                0x00003ae0        0x8 ./startup/startup_mcxn947_cm33_core0.o
                0x00003ae0                EDMA_0_CH5_IRQHandler
 .text.EDMA_0_CH6_IRQHandler
                0x00003ae8        0x8 ./startup/startup_mcxn947_cm33_core0.o
                0x00003ae8                EDMA_0_CH6_IRQHandler
 .text.EDMA_0_CH7_IRQHandler
                0x00003af0        0x8 ./startup/startup_mcxn947_cm33_core0.o
                0x00003af0                EDMA_0_CH7_IRQHandler
 .text.EDMA_0_CH8_IRQHandler
                0x00003af8        0x8 ./startup/startup_mcxn947_cm33_core0.o
                0x00003af8                EDMA_0_CH8_IRQHandler
 .text.EDMA_0_CH9_IRQHandler
                0x00003b00        0x8 ./startup/startup_mcxn947_cm33_core0.o
                0x00003b00                EDMA_0_CH9_IRQHandler
 .text.EDMA_0_CH10_IRQHandler
                0x00003b08        0x8 ./startup/startup_mcxn947_cm33_core0.o
                0x00003b08                EDMA_0_CH10_IRQHandler
 .text.EDMA_0_CH11_IRQHandler
                0x00003b10        0x8 ./startup/startup_mcxn947_cm33_core0.o
                0x00003b10                EDMA_0_CH11_IRQHandler
 .text.EDMA_0_CH12_IRQHandler
                0x00003b18        0x8 ./startup/startup_mcxn947_cm33_core0.o
                0x00003b18                EDMA_0_CH12_IRQHandler
 .text.EDMA_0_CH13_IRQHandler
                0x00003b20        0x8 ./startup/startup_mcxn947_cm33_core0.o
                0x00003b20                EDMA_0_CH13_IRQHandler
 .text.EDMA_0_CH14_IRQHandler
                0x00003b28        0x8 ./startup/startup_mcxn947_cm33_core0.o
                0x00003b28                EDMA_0_CH14_IRQHandler
 .text.EDMA_0_CH15_IRQHandler
                0x00003b30        0x8 ./startup/startup_mcxn947_cm33_core0.o
                0x00003b30                EDMA_0_CH15_IRQHandler
 .text.GPIO01_IRQHandler
                0x00003b38        0x8 ./startup/startup_mcxn947_cm33_core0.o
                0x00003b38                GPIO01_IRQHandler
 .text.GPIO10_IRQHandler
                0x00003b40        0x8 ./startup/startup_mcxn947_cm33_core0.o
                0x00003b40                GPIO10_IRQHandler
 .text.GPIO11_IRQHandler
                0x00003b48        0x8 ./startup/startup_mcxn947_cm33_core0.o
                0x00003b48                GPIO11_IRQHandler
 .text.GPIO20_IRQHandler
                0x00003b50        0x8 ./startup/startup_mcxn947_cm33_core0.o
                0x00003b50                GPIO20_IRQHandler
 .text.GPIO21_IRQHandler
                0x00003b58        0x8 ./startup/startup_mcxn947_cm33_core0.o
                0x00003b58                GPIO21_IRQHandler
 .text.GPIO30_IRQHandler
                0x00003b60        0x8 ./startup/startup_mcxn947_cm33_core0.o
                0x00003b60                GPIO30_IRQHandler
 .text.GPIO31_IRQHandler
                0x00003b68        0x8 ./startup/startup_mcxn947_cm33_core0.o
                0x00003b68                GPIO31_IRQHandler
 .text.GPIO40_IRQHandler
                0x00003b70        0x8 ./startup/startup_mcxn947_cm33_core0.o
                0x00003b70                GPIO40_IRQHandler
 .text.GPIO41_IRQHandler
                0x00003b78        0x8 ./startup/startup_mcxn947_cm33_core0.o
                0x00003b78                GPIO41_IRQHandler
 .text.GPIO50_IRQHandler
                0x00003b80        0x8 ./startup/startup_mcxn947_cm33_core0.o
                0x00003b80                GPIO50_IRQHandler
 .text.GPIO51_IRQHandler
                0x00003b88        0x8 ./startup/startup_mcxn947_cm33_core0.o
                0x00003b88                GPIO51_IRQHandler
 .text.UTICK0_IRQHandler
                0x00003b90        0x8 ./startup/startup_mcxn947_cm33_core0.o
                0x00003b90                UTICK0_IRQHandler
 .text.MRT0_IRQHandler
                0x00003b98        0x8 ./startup/startup_mcxn947_cm33_core0.o
                0x00003b98                MRT0_IRQHandler
 .text.CTIMER1_IRQHandler
                0x00003ba0        0x8 ./startup/startup_mcxn947_cm33_core0.o
                0x00003ba0                CTIMER1_IRQHandler
 .text.SCT0_IRQHandler
                0x00003ba8        0x8 ./startup/startup_mcxn947_cm33_core0.o
                0x00003ba8                SCT0_IRQHandler
 .text.CTIMER2_IRQHandler
                0x00003bb0        0x8 ./startup/startup_mcxn947_cm33_core0.o
                0x00003bb0                CTIMER2_IRQHandler
 .text.LP_FLEXCOMM0_IRQHandler
                0x00003bb8        0x8 ./startup/startup_mcxn947_cm33_core0.o
                0x00003bb8                LP_FLEXCOMM0_IRQHandler
 .text.LP_FLEXCOMM1_IRQHandler
                0x00003bc0        0x8 ./startup/startup_mcxn947_cm33_core0.o
                0x00003bc0                LP_FLEXCOMM1_IRQHandler
 .text.LP_FLEXCOMM2_IRQHandler
                0x00003bc8        0x8 ./startup/startup_mcxn947_cm33_core0.o
                0x00003bc8                LP_FLEXCOMM2_IRQHandler
 .text.LP_FLEXCOMM3_IRQHandler
                0x00003bd0        0x8 ./startup/startup_mcxn947_cm33_core0.o
                0x00003bd0                LP_FLEXCOMM3_IRQHandler
 .text.LP_FLEXCOMM4_IRQHandler
                0x00003bd8        0x8 ./startup/startup_mcxn947_cm33_core0.o
                0x00003bd8                LP_FLEXCOMM4_IRQHandler
 .text.LP_FLEXCOMM5_IRQHandler
                0x00003be0        0x8 ./startup/startup_mcxn947_cm33_core0.o
                0x00003be0                LP_FLEXCOMM5_IRQHandler
 .text.LP_FLEXCOMM6_IRQHandler
                0x00003be8        0x8 ./startup/startup_mcxn947_cm33_core0.o
                0x00003be8                LP_FLEXCOMM6_IRQHandler
 .text.LP_FLEXCOMM7_IRQHandler
                0x00003bf0        0x8 ./startup/startup_mcxn947_cm33_core0.o
                0x00003bf0                LP_FLEXCOMM7_IRQHandler
 .text.LP_FLEXCOMM8_IRQHandler
                0x00003bf8        0x8 ./startup/startup_mcxn947_cm33_core0.o
                0x00003bf8                LP_FLEXCOMM8_IRQHandler
 .text.LP_FLEXCOMM9_IRQHandler
                0x00003c00        0x8 ./startup/startup_mcxn947_cm33_core0.o
                0x00003c00                LP_FLEXCOMM9_IRQHandler
 .text.ADC1_IRQHandler
                0x00003c08        0x8 ./startup/startup_mcxn947_cm33_core0.o
                0x00003c08                ADC1_IRQHandler
 .text.PINT0_IRQHandler
                0x00003c10        0x8 ./startup/startup_mcxn947_cm33_core0.o
                0x00003c10                PINT0_IRQHandler
 .text.PDM_EVENT_IRQHandler
                0x00003c18        0x8 ./startup/startup_mcxn947_cm33_core0.o
                0x00003c18                PDM_EVENT_IRQHandler
 .text.Reserved65_IRQHandler
                0x00003c20        0x8 ./startup/startup_mcxn947_cm33_core0.o
                0x00003c20                Reserved65_IRQHandler
 .text.USB0_FS_IRQHandler
                0x00003c28        0x8 ./startup/startup_mcxn947_cm33_core0.o
                0x00003c28                USB0_FS_IRQHandler
 .text.USB0_DCD_IRQHandler
                0x00003c30        0x8 ./startup/startup_mcxn947_cm33_core0.o
                0x00003c30                USB0_DCD_IRQHandler
 .text.RTC_IRQHandler
                0x00003c38        0x8 ./startup/startup_mcxn947_cm33_core0.o
                0x00003c38                RTC_IRQHandler
 .text.SMARTDMA_IRQHandler
                0x00003c40        0x8 ./startup/startup_mcxn947_cm33_core0.o
                0x00003c40                SMARTDMA_IRQHandler
 .text.MAILBOX_IRQHandler
                0x00003c48        0x8 ./startup/startup_mcxn947_cm33_core0.o
                0x00003c48                MAILBOX_IRQHandler
 .text.CTIMER3_IRQHandler
                0x00003c50        0x8 ./startup/startup_mcxn947_cm33_core0.o
                0x00003c50                CTIMER3_IRQHandler
 .text.CTIMER4_IRQHandler
                0x00003c58        0x8 ./startup/startup_mcxn947_cm33_core0.o
                0x00003c58                CTIMER4_IRQHandler
 .text.OS_EVENT_IRQHandler
                0x00003c60        0x8 ./startup/startup_mcxn947_cm33_core0.o
                0x00003c60                OS_EVENT_IRQHandler
 .text.FLEXSPI0_IRQHandler
                0x00003c68        0x8 ./startup/startup_mcxn947_cm33_core0.o
                0x00003c68                FLEXSPI0_IRQHandler
 .text.SAI0_IRQHandler
                0x00003c70        0x8 ./startup/startup_mcxn947_cm33_core0.o
                0x00003c70                SAI0_IRQHandler
 .text.SAI1_IRQHandler
                0x00003c78        0x8 ./startup/startup_mcxn947_cm33_core0.o
                0x00003c78                SAI1_IRQHandler
 .text.USDHC0_IRQHandler
                0x00003c80        0x8 ./startup/startup_mcxn947_cm33_core0.o
                0x00003c80                USDHC0_IRQHandler
 .text.CAN0_IRQHandler
                0x00003c88        0x8 ./startup/startup_mcxn947_cm33_core0.o
                0x00003c88                CAN0_IRQHandler
 .text.CAN1_IRQHandler
                0x00003c90        0x8 ./startup/startup_mcxn947_cm33_core0.o
                0x00003c90                CAN1_IRQHandler
 .text.Reserved80_IRQHandler
                0x00003c98        0x8 ./startup/startup_mcxn947_cm33_core0.o
                0x00003c98                Reserved80_IRQHandler
 .text.Reserved81_IRQHandler
                0x00003ca0        0x8 ./startup/startup_mcxn947_cm33_core0.o
                0x00003ca0                Reserved81_IRQHandler
 .text.USB1_HS_PHY_IRQHandler
                0x00003ca8        0x8 ./startup/startup_mcxn947_cm33_core0.o
                0x00003ca8                USB1_HS_PHY_IRQHandler
 .text.USB1_HS_IRQHandler
                0x00003cb0        0x8 ./startup/startup_mcxn947_cm33_core0.o
                0x00003cb0                USB1_HS_IRQHandler
 .text.SEC_HYPERVISOR_CALL_IRQHandler
                0x00003cb8        0x8 ./startup/startup_mcxn947_cm33_core0.o
                0x00003cb8                SEC_HYPERVISOR_CALL_IRQHandler
 .text.Reserved85_IRQHandler
                0x00003cc0        0x8 ./startup/startup_mcxn947_cm33_core0.o
                0x00003cc0                Reserved85_IRQHandler
 .text.PLU_IRQHandler
                0x00003cc8        0x8 ./startup/startup_mcxn947_cm33_core0.o
                0x00003cc8                PLU_IRQHandler
 .text.Freqme_IRQHandler
                0x00003cd0        0x8 ./startup/startup_mcxn947_cm33_core0.o
                0x00003cd0                Freqme_IRQHandler
 .text.SEC_VIO_IRQHandler
                0x00003cd8        0x8 ./startup/startup_mcxn947_cm33_core0.o
                0x00003cd8                SEC_VIO_IRQHandler
 .text.ELS_IRQHandler
                0x00003ce0        0x8 ./startup/startup_mcxn947_cm33_core0.o
                0x00003ce0                ELS_IRQHandler
 .text.PKC_IRQHandler
                0x00003ce8        0x8 ./startup/startup_mcxn947_cm33_core0.o
                0x00003ce8                PKC_IRQHandler
 .text.PUF_IRQHandler
                0x00003cf0        0x8 ./startup/startup_mcxn947_cm33_core0.o
                0x00003cf0                PUF_IRQHandler
 .text.PQ_IRQHandler
                0x00003cf8        0x8 ./startup/startup_mcxn947_cm33_core0.o
                0x00003cf8                PQ_IRQHandler
 .text.EDMA_1_CH0_IRQHandler
                0x00003d00        0x8 ./startup/startup_mcxn947_cm33_core0.o
                0x00003d00                EDMA_1_CH0_IRQHandler
 .text.EDMA_1_CH1_IRQHandler
                0x00003d08        0x8 ./startup/startup_mcxn947_cm33_core0.o
                0x00003d08                EDMA_1_CH1_IRQHandler
 .text.EDMA_1_CH2_IRQHandler
                0x00003d10        0x8 ./startup/startup_mcxn947_cm33_core0.o
                0x00003d10                EDMA_1_CH2_IRQHandler
 .text.EDMA_1_CH3_IRQHandler
                0x00003d18        0x8 ./startup/startup_mcxn947_cm33_core0.o
                0x00003d18                EDMA_1_CH3_IRQHandler
 .text.EDMA_1_CH4_IRQHandler
                0x00003d20        0x8 ./startup/startup_mcxn947_cm33_core0.o
                0x00003d20                EDMA_1_CH4_IRQHandler
 .text.EDMA_1_CH5_IRQHandler
                0x00003d28        0x8 ./startup/startup_mcxn947_cm33_core0.o
                0x00003d28                EDMA_1_CH5_IRQHandler
 .text.EDMA_1_CH6_IRQHandler
                0x00003d30        0x8 ./startup/startup_mcxn947_cm33_core0.o
                0x00003d30                EDMA_1_CH6_IRQHandler
 .text.EDMA_1_CH7_IRQHandler
                0x00003d38        0x8 ./startup/startup_mcxn947_cm33_core0.o
                0x00003d38                EDMA_1_CH7_IRQHandler
 .text.EDMA_1_CH8_IRQHandler
                0x00003d40        0x8 ./startup/startup_mcxn947_cm33_core0.o
                0x00003d40                EDMA_1_CH8_IRQHandler
 .text.EDMA_1_CH9_IRQHandler
                0x00003d48        0x8 ./startup/startup_mcxn947_cm33_core0.o
                0x00003d48                EDMA_1_CH9_IRQHandler
 .text.EDMA_1_CH10_IRQHandler
                0x00003d50        0x8 ./startup/startup_mcxn947_cm33_core0.o
                0x00003d50                EDMA_1_CH10_IRQHandler
 .text.EDMA_1_CH11_IRQHandler
                0x00003d58        0x8 ./startup/startup_mcxn947_cm33_core0.o
                0x00003d58                EDMA_1_CH11_IRQHandler
 .text.EDMA_1_CH12_IRQHandler
                0x00003d60        0x8 ./startup/startup_mcxn947_cm33_core0.o
                0x00003d60                EDMA_1_CH12_IRQHandler
 .text.EDMA_1_CH13_IRQHandler
                0x00003d68        0x8 ./startup/startup_mcxn947_cm33_core0.o
                0x00003d68                EDMA_1_CH13_IRQHandler
 .text.EDMA_1_CH14_IRQHandler
                0x00003d70        0x8 ./startup/startup_mcxn947_cm33_core0.o
                0x00003d70                EDMA_1_CH14_IRQHandler
 .text.EDMA_1_CH15_IRQHandler
                0x00003d78        0x8 ./startup/startup_mcxn947_cm33_core0.o
                0x00003d78                EDMA_1_CH15_IRQHandler
 .text.CDOG0_IRQHandler
                0x00003d80        0x8 ./startup/startup_mcxn947_cm33_core0.o
                0x00003d80                CDOG0_IRQHandler
 .text.CDOG1_IRQHandler
                0x00003d88        0x8 ./startup/startup_mcxn947_cm33_core0.o
                0x00003d88                CDOG1_IRQHandler
 .text.I3C0_IRQHandler
                0x00003d90        0x8 ./startup/startup_mcxn947_cm33_core0.o
                0x00003d90                I3C0_IRQHandler
 .text.I3C1_IRQHandler
                0x00003d98        0x8 ./startup/startup_mcxn947_cm33_core0.o
                0x00003d98                I3C1_IRQHandler
 .text.NPU_IRQHandler
                0x00003da0        0x8 ./startup/startup_mcxn947_cm33_core0.o
                0x00003da0                NPU_IRQHandler
 .text.GDET_IRQHandler
                0x00003da8        0x8 ./startup/startup_mcxn947_cm33_core0.o
                0x00003da8                GDET_IRQHandler
 .text.VBAT0_IRQHandler
                0x00003db0        0x8 ./startup/startup_mcxn947_cm33_core0.o
                0x00003db0                VBAT0_IRQHandler
 .text.EWM0_IRQHandler
                0x00003db8        0x8 ./startup/startup_mcxn947_cm33_core0.o
                0x00003db8                EWM0_IRQHandler
 .text.TSI_END_OF_SCAN_IRQHandler
                0x00003dc0        0x8 ./startup/startup_mcxn947_cm33_core0.o
                0x00003dc0                TSI_END_OF_SCAN_IRQHandler
 .text.TSI_OUT_OF_SCAN_IRQHandler
                0x00003dc8        0x8 ./startup/startup_mcxn947_cm33_core0.o
                0x00003dc8                TSI_OUT_OF_SCAN_IRQHandler
 .text.EMVSIM0_IRQHandler
                0x00003dd0        0x8 ./startup/startup_mcxn947_cm33_core0.o
                0x00003dd0                EMVSIM0_IRQHandler
 .text.EMVSIM1_IRQHandler
                0x00003dd8        0x8 ./startup/startup_mcxn947_cm33_core0.o
                0x00003dd8                EMVSIM1_IRQHandler
 .text.FLEXIO_IRQHandler
                0x00003de0        0x8 ./startup/startup_mcxn947_cm33_core0.o
                0x00003de0                FLEXIO_IRQHandler
 .text.DAC0_IRQHandler
                0x00003de8        0x8 ./startup/startup_mcxn947_cm33_core0.o
                0x00003de8                DAC0_IRQHandler
 .text.DAC1_IRQHandler
                0x00003df0        0x8 ./startup/startup_mcxn947_cm33_core0.o
                0x00003df0                DAC1_IRQHandler
 .text.DAC2_IRQHandler
                0x00003df8        0x8 ./startup/startup_mcxn947_cm33_core0.o
                0x00003df8                DAC2_IRQHandler
 .text.HSCMP0_IRQHandler
                0x00003e00        0x8 ./startup/startup_mcxn947_cm33_core0.o
                0x00003e00                HSCMP0_IRQHandler
 .text.HSCMP1_IRQHandler
                0x00003e08        0x8 ./startup/startup_mcxn947_cm33_core0.o
                0x00003e08                HSCMP1_IRQHandler
 .text.HSCMP2_IRQHandler
                0x00003e10        0x8 ./startup/startup_mcxn947_cm33_core0.o
                0x00003e10                HSCMP2_IRQHandler
 .text.FLEXPWM0_RELOAD_ERROR_IRQHandler
                0x00003e18        0x8 ./startup/startup_mcxn947_cm33_core0.o
                0x00003e18                FLEXPWM0_RELOAD_ERROR_IRQHandler
 .text.FLEXPWM0_FAULT_IRQHandler
                0x00003e20        0x8 ./startup/startup_mcxn947_cm33_core0.o
                0x00003e20                FLEXPWM0_FAULT_IRQHandler
 .text.FLEXPWM0_SUBMODULE0_IRQHandler
                0x00003e28        0x8 ./startup/startup_mcxn947_cm33_core0.o
                0x00003e28                FLEXPWM0_SUBMODULE0_IRQHandler
 .text.FLEXPWM0_SUBMODULE1_IRQHandler
                0x00003e30        0x8 ./startup/startup_mcxn947_cm33_core0.o
                0x00003e30                FLEXPWM0_SUBMODULE1_IRQHandler
 .text.FLEXPWM0_SUBMODULE2_IRQHandler
                0x00003e38        0x8 ./startup/startup_mcxn947_cm33_core0.o
                0x00003e38                FLEXPWM0_SUBMODULE2_IRQHandler
 .text.FLEXPWM0_SUBMODULE3_IRQHandler
                0x00003e40        0x8 ./startup/startup_mcxn947_cm33_core0.o
                0x00003e40                FLEXPWM0_SUBMODULE3_IRQHandler
 .text.FLEXPWM1_RELOAD_ERROR_IRQHandler
                0x00003e48        0x8 ./startup/startup_mcxn947_cm33_core0.o
                0x00003e48                FLEXPWM1_RELOAD_ERROR_IRQHandler
 .text.FLEXPWM1_FAULT_IRQHandler
                0x00003e50        0x8 ./startup/startup_mcxn947_cm33_core0.o
                0x00003e50                FLEXPWM1_FAULT_IRQHandler
 .text.FLEXPWM1_SUBMODULE0_IRQHandler
                0x00003e58        0x8 ./startup/startup_mcxn947_cm33_core0.o
                0x00003e58                FLEXPWM1_SUBMODULE0_IRQHandler
 .text.FLEXPWM1_SUBMODULE1_IRQHandler
                0x00003e60        0x8 ./startup/startup_mcxn947_cm33_core0.o
                0x00003e60                FLEXPWM1_SUBMODULE1_IRQHandler
 .text.FLEXPWM1_SUBMODULE2_IRQHandler
                0x00003e68        0x8 ./startup/startup_mcxn947_cm33_core0.o
                0x00003e68                FLEXPWM1_SUBMODULE2_IRQHandler
 .text.FLEXPWM1_SUBMODULE3_IRQHandler
                0x00003e70        0x8 ./startup/startup_mcxn947_cm33_core0.o
                0x00003e70                FLEXPWM1_SUBMODULE3_IRQHandler
 .text.QDC0_COMPARE_IRQHandler
                0x00003e78        0x8 ./startup/startup_mcxn947_cm33_core0.o
                0x00003e78                QDC0_COMPARE_IRQHandler
 .text.QDC0_HOME_IRQHandler
                0x00003e80        0x8 ./startup/startup_mcxn947_cm33_core0.o
                0x00003e80                QDC0_HOME_IRQHandler
 .text.QDC0_WDG_SAB_IRQHandler
                0x00003e88        0x8 ./startup/startup_mcxn947_cm33_core0.o
                0x00003e88                QDC0_WDG_SAB_IRQHandler
 .text.QDC0_IDX_IRQHandler
                0x00003e90        0x8 ./startup/startup_mcxn947_cm33_core0.o
                0x00003e90                QDC0_IDX_IRQHandler
 .text.QDC1_COMPARE_IRQHandler
                0x00003e98        0x8 ./startup/startup_mcxn947_cm33_core0.o
                0x00003e98                QDC1_COMPARE_IRQHandler
 .text.QDC1_HOME_IRQHandler
                0x00003ea0        0x8 ./startup/startup_mcxn947_cm33_core0.o
                0x00003ea0                QDC1_HOME_IRQHandler
 .text.QDC1_WDG_SAB_IRQHandler
                0x00003ea8        0x8 ./startup/startup_mcxn947_cm33_core0.o
                0x00003ea8                QDC1_WDG_SAB_IRQHandler
 .text.QDC1_IDX_IRQHandler
                0x00003eb0        0x8 ./startup/startup_mcxn947_cm33_core0.o
                0x00003eb0                QDC1_IDX_IRQHandler
 .text.ITRC0_IRQHandler
                0x00003eb8        0x8 ./startup/startup_mcxn947_cm33_core0.o
                0x00003eb8                ITRC0_IRQHandler
 .text.BSP32_IRQHandler
                0x00003ec0        0x8 ./startup/startup_mcxn947_cm33_core0.o
                0x00003ec0                BSP32_IRQHandler
 .text.ELS_ERR_IRQHandler
                0x00003ec8        0x8 ./startup/startup_mcxn947_cm33_core0.o
                0x00003ec8                ELS_ERR_IRQHandler
 .text.PKC_ERR_IRQHandler
                0x00003ed0        0x8 ./startup/startup_mcxn947_cm33_core0.o
                0x00003ed0                PKC_ERR_IRQHandler
 .text.ERM_SINGLE_BIT_ERROR_IRQHandler
                0x00003ed8        0x8 ./startup/startup_mcxn947_cm33_core0.o
                0x00003ed8                ERM_SINGLE_BIT_ERROR_IRQHandler
 .text.ERM_MULTI_BIT_ERROR_IRQHandler
                0x00003ee0        0x8 ./startup/startup_mcxn947_cm33_core0.o
                0x00003ee0                ERM_MULTI_BIT_ERROR_IRQHandler
 .text.FMU0_IRQHandler
                0x00003ee8        0x8 ./startup/startup_mcxn947_cm33_core0.o
                0x00003ee8                FMU0_IRQHandler
 .text.ETHERNET_IRQHandler
                0x00003ef0        0x8 ./startup/startup_mcxn947_cm33_core0.o
                0x00003ef0                ETHERNET_IRQHandler
 .text.ETHERNET_PMT_IRQHandler
                0x00003ef8        0x8 ./startup/startup_mcxn947_cm33_core0.o
                0x00003ef8                ETHERNET_PMT_IRQHandler
 .text.ETHERNET_MACLP_IRQHandler
                0x00003f00        0x8 ./startup/startup_mcxn947_cm33_core0.o
                0x00003f00                ETHERNET_MACLP_IRQHandler
 .text.SINC_FILTER_IRQHandler
                0x00003f08        0x8 ./startup/startup_mcxn947_cm33_core0.o
                0x00003f08                SINC_FILTER_IRQHandler
 .text.LPTMR0_IRQHandler
                0x00003f10        0x8 ./startup/startup_mcxn947_cm33_core0.o
                0x00003f10                LPTMR0_IRQHandler
 .text.LPTMR1_IRQHandler
                0x00003f18        0x8 ./startup/startup_mcxn947_cm33_core0.o
                0x00003f18                LPTMR1_IRQHandler
 .text.SCG_IRQHandler
                0x00003f20        0x8 ./startup/startup_mcxn947_cm33_core0.o
                0x00003f20                SCG_IRQHandler
 .text.SPC_IRQHandler
                0x00003f28        0x8 ./startup/startup_mcxn947_cm33_core0.o
                0x00003f28                SPC_IRQHandler
 .text.WUU_IRQHandler
                0x00003f30        0x8 ./startup/startup_mcxn947_cm33_core0.o
                0x00003f30                WUU_IRQHandler
 .text.PORT_EFT_IRQHandler
                0x00003f38        0x8 ./startup/startup_mcxn947_cm33_core0.o
                0x00003f38                PORT_EFT_IRQHandler
 .text.ETB0_IRQHandler
                0x00003f40        0x8 ./startup/startup_mcxn947_cm33_core0.o
                0x00003f40                ETB0_IRQHandler
 .text.Reserved166_IRQHandler
                0x00003f48        0x8 ./startup/startup_mcxn947_cm33_core0.o
                0x00003f48                Reserved166_IRQHandler
 .text.Reserved167_IRQHandler
                0x00003f50        0x8 ./startup/startup_mcxn947_cm33_core0.o
                0x00003f50                Reserved167_IRQHandler
 .text.WWDT0_IRQHandler
                0x00003f58        0x8 ./startup/startup_mcxn947_cm33_core0.o
                0x00003f58                WWDT0_IRQHandler
 .text.WWDT1_IRQHandler
                0x00003f60        0x8 ./startup/startup_mcxn947_cm33_core0.o
                0x00003f60                WWDT1_IRQHandler
 .text.CMC0_IRQHandler
                0x00003f68        0x8 ./startup/startup_mcxn947_cm33_core0.o
                0x00003f68                CMC0_IRQHandler
 .text.CTI0_IRQHandler
                0x00003f70        0x8 ./startup/startup_mcxn947_cm33_core0.o
                0x00003f70                CTI0_IRQHandler
 .text.EnableIRQ
                0x00003f78       0x32 ./source/Lab1_DSP_FRDMMCXN947.o
 .text.DisableIRQ
                0x00003faa       0x32 ./source/Lab1_DSP_FRDMMCXN947.o
 .text.GPIO_PinWrite
                0x00003fdc       0x36 ./source/Lab1_DSP_FRDMMCXN947.o
 .text.CTIMER_ClearStatusFlags
                0x00004012       0x1c ./source/Lab1_DSP_FRDMMCXN947.o
 .text.CTIMER_StartTimer
                0x0000402e       0x20 ./source/Lab1_DSP_FRDMMCXN947.o
 .text.CTIMER_StopTimer
                0x0000404e       0x20 ./source/Lab1_DSP_FRDMMCXN947.o
 .text.CTIMER_Reset
                0x0000406e       0x2c ./source/Lab1_DSP_FRDMMCXN947.o
 .text.DAC_Enable
                0x0000409a       0x38 ./source/Lab1_DSP_FRDMMCXN947.o
 .text.DAC_SetData
                0x000040d2       0x20 ./source/Lab1_DSP_FRDMMCXN947.o
 .text.LPADC_GetStatusFlags
                0x000040f2       0x18 ./source/Lab1_DSP_FRDMMCXN947.o
 .text.LPADC_ClearStatusFlags
                0x0000410a       0x1c ./source/Lab1_DSP_FRDMMCXN947.o
 .text.LPADC_GetTriggerStatusFlags
                0x00004126       0x18 ./source/Lab1_DSP_FRDMMCXN947.o
 .text.LED_SetRGB
                0x0000413e       0x32 ./source/Lab1_DSP_FRDMMCXN947.o
 .text.adc16_to_q15
                0x00004170       0x22 ./source/Lab1_DSP_FRDMMCXN947.o
 .text.confGPIO
                0x00004192        0xe ./source/Lab1_DSP_FRDMMCXN947.o
                0x00004192                confGPIO
 .text.HardFault_Handler
                0x000041a0       0x36 ./source/semihost_hardfault.o
                0x000041a0                HardFault_Handler
 .text.CLOCK_GetPll0OutFreq
                0x000041d6       0x88 ./drivers/fsl_clock.o
                0x000041d6                CLOCK_GetPll0OutFreq
 .text.CLOCK_GetPll1OutFreq
                0x0000425e       0x82 ./drivers/fsl_clock.o
                0x0000425e                CLOCK_GetPll1OutFreq
 .text.DelayLoop
                0x000042e0       0x20 ./drivers/fsl_common_arm.o
 .text.CLOCK_EnableClock
                0x00004300       0x8c ./drivers/fsl_ctimer.o
 .text.EnableIRQ
                0x0000438c       0x32 ./drivers/fsl_ctimer.o
 .text.CTIMER_GetStatusFlags
                0x000043be       0x18 ./drivers/fsl_ctimer.o
 .text.CTIMER_ClearStatusFlags
                0x000043d6       0x1c ./drivers/fsl_ctimer.o
 .text.CTIMER1_DriverIRQHandler
                0x000043f2        0xe ./drivers/fsl_ctimer.o
                0x000043f2                CTIMER1_DriverIRQHandler
 .text.CTIMER2_DriverIRQHandler
                0x00004400        0xe ./drivers/fsl_ctimer.o
                0x00004400                CTIMER2_DriverIRQHandler
 .text.CTIMER3_DriverIRQHandler
                0x0000440e        0xe ./drivers/fsl_ctimer.o
                0x0000440e                CTIMER3_DriverIRQHandler
 .text.CTIMER4_DriverIRQHandler
                0x0000441c        0xe ./drivers/fsl_ctimer.o
                0x0000441c                CTIMER4_DriverIRQHandler
 .text.CLOCK_EnableClock
                0x0000442a       0x8c ./drivers/fsl_dac.o
 .text.DAC_SetReset
                0x000044b6       0x22 ./drivers/fsl_dac.o
 .text.DAC_ClearReset
                0x000044d8       0x24 ./drivers/fsl_dac.o
 .text.CLOCK_EnableClock
                0x000044fc       0x8c ./drivers/fsl_gpio.o
 .text.CLOCK_DisableClock
                0x00004588       0xb0 ./drivers/fsl_gpio.o
 .text.GPIO_PinWrite
                0x00004638       0x36 ./drivers/fsl_gpio.o
 .text.GPIO_PinGetInterruptFlag
                0x0000466e       0x2a ./drivers/fsl_gpio.o
                0x0000466e                GPIO_PinGetInterruptFlag
 .text.GPIO_PinClearInterruptFlag
                0x00004698       0x2e ./drivers/fsl_gpio.o
                0x00004698                GPIO_PinClearInterruptFlag
 .text.INPUTMUX_AttachSignal
                0x000046c6       0x38 ./drivers/fsl_inputmux.o
                0x000046c6                INPUTMUX_AttachSignal
 .text.CLOCK_EnableClock
                0x000046fe       0x8c ./drivers/fsl_lpadc.o
 .text.RESET_ReleasePeripheralReset
                0x0000478a       0x16 ./drivers/fsl_lpadc.o
 .text.LPADC_Enable
                0x000047a0       0x38 ./drivers/fsl_lpadc.o
 .text.LPADC_DoResetFIFO0
                0x000047d8       0x20 ./drivers/fsl_lpadc.o
 .text.LPADC_DoResetFIFO1
                0x000047f8       0x20 ./drivers/fsl_lpadc.o
 .text.LPADC_DoResetConfig
                0x00004818       0x2c ./drivers/fsl_lpadc.o
 .text.CLOCK_EnableClock
                0x00004844       0x8c ./drivers/fsl_lpflexcomm.o
 .text.LP_FLEXCOMM_PeripheralIsPresent
                0x000048d0       0x52 ./drivers/fsl_lpflexcomm.o
 .text.LP_FLEXCOMM0_DriverIRQHandler
                0x00004922        0xe ./drivers/fsl_lpflexcomm.o
                0x00004922                LP_FLEXCOMM0_DriverIRQHandler
 .text.LP_FLEXCOMM1_DriverIRQHandler
                0x00004930        0xe ./drivers/fsl_lpflexcomm.o
                0x00004930                LP_FLEXCOMM1_DriverIRQHandler
 .text.LP_FLEXCOMM2_DriverIRQHandler
                0x0000493e        0xe ./drivers/fsl_lpflexcomm.o
                0x0000493e                LP_FLEXCOMM2_DriverIRQHandler
 .text.LP_FLEXCOMM3_DriverIRQHandler
                0x0000494c        0xe ./drivers/fsl_lpflexcomm.o
                0x0000494c                LP_FLEXCOMM3_DriverIRQHandler
 .text.LP_FLEXCOMM4_DriverIRQHandler
                0x0000495a        0xe ./drivers/fsl_lpflexcomm.o
                0x0000495a                LP_FLEXCOMM4_DriverIRQHandler
 .text.LP_FLEXCOMM5_DriverIRQHandler
                0x00004968        0xe ./drivers/fsl_lpflexcomm.o
                0x00004968                LP_FLEXCOMM5_DriverIRQHandler
 .text.LP_FLEXCOMM6_DriverIRQHandler
                0x00004976        0xe ./drivers/fsl_lpflexcomm.o
                0x00004976                LP_FLEXCOMM6_DriverIRQHandler
 .text.LP_FLEXCOMM7_DriverIRQHandler
                0x00004984        0xe ./drivers/fsl_lpflexcomm.o
                0x00004984                LP_FLEXCOMM7_DriverIRQHandler
 .text.LP_FLEXCOMM8_DriverIRQHandler
                0x00004992        0xe ./drivers/fsl_lpflexcomm.o
                0x00004992                LP_FLEXCOMM8_DriverIRQHandler
 .text.LP_FLEXCOMM9_DriverIRQHandler
                0x000049a0        0xe ./drivers/fsl_lpflexcomm.o
                0x000049a0                LP_FLEXCOMM9_DriverIRQHandler
 .text.LPUART_SoftwareReset
                0x000049ae       0x2c ./drivers/fsl_lpuart.o
 .text.RESET_PeripheralReset
                0x000049da       0x1c ./drivers/fsl_reset.o
                0x000049da                RESET_PeripheralReset
 .text.SPC_GetActiveModeBandgapMode
                0x000049f6       0x22 ./drivers/fsl_spc.o
 .text.SPC_GetActiveModeVoltageDetectStatus
                0x00004a18       0x22 ./drivers/fsl_spc.o
 .text.SPC_GetActiveModeCoreLDOVDDVoltageLevel
                0x00004a3a       0x22 ./drivers/fsl_spc.o
 .text.SPC_GetActiveModeCoreLDODriveStrength
                0x00004a5c       0x22 ./drivers/fsl_spc.o
 .text.SPC_SetActiveModeDCDCRegulatorVoltageLevel
                0x00004a7e       0x32 ./drivers/fsl_spc.o
 .text.SPC_SetActiveModeCoreLDORegulatorVoltageLevel
                0x00004ab0       0x60 ./drivers/fsl_spc.o
                0x00004ab0                SPC_SetActiveModeCoreLDORegulatorVoltageLevel
 .text.SPC_SetActiveModeCoreLDORegulatorDriveStrength
                0x00004b10       0x5e ./drivers/fsl_spc.o
                0x00004b10                SPC_SetActiveModeCoreLDORegulatorDriveStrength
 .text.SPC_SetActiveModeDCDCRegulatorDriveStrength
                0x00004b6e       0x48 ./drivers/fsl_spc.o
                0x00004b6e                SPC_SetActiveModeDCDCRegulatorDriveStrength
 .text.CLOCK_EnableClock
                0x00004bb6       0x8c ./drivers/fsl_vref.o
 .text.SystemInitHook
                0x00004c42        0xe ./device/system_MCXN947_cm33_core0.o
                0x00004c42                SystemInitHook
 .text.HAL_UartGetStatus
                0x00004c50       0x28 ./component/uart/fsl_adapter_lpuart.o
 .text.CLOCK_EnableClock
                0x00004c78       0x8c ./board/clock_config.o
 .text.BOARD_InitBootClocks
                0x00004d04        0xc ./board/clock_config.o
                0x00004d04                BOARD_InitBootClocks
 .text.BOARD_InitHardware
                0x00004d10       0x3a ./board/hardware_init.o
                0x00004d10                BOARD_InitHardware
 .text.EnableIRQ
                0x00004d4a       0x32 ./board/peripherals.o
 .text.CTIMER_StartTimer
                0x00004d7c       0x20 ./board/peripherals.o
 .text.SPC_EnableActiveModeAnalogModules
                0x00004d9c       0x26 ./board/peripherals.o
 .text.DAC_Enable
                0x00004dc2       0x38 ./board/peripherals.o
 .text.GPIO0_init
                0x00004dfa        0xe ./board/peripherals.o
 .text.BOARD_InitPeripherals
                0x00004e08       0x1c ./board/peripherals.o
                0x00004e08                BOARD_InitPeripherals
 .text.BOARD_InitBootPeripherals
                0x00004e24        0xc ./board/peripherals.o
                0x00004e24                BOARD_InitBootPeripherals
 .text.CLOCK_EnableClock
                0x00004e30       0x8c ./board/pin_mux.o
 .text.PORT_SetPinMux
                0x00004ebc       0x3e ./board/pin_mux.o
 .text.__main   0x00004efa        0xe C:/nxp/MCUXpressoIDE_25.6.136/ide/plugins/com.nxp.mcuxpresso.tools.win32_25.6.0.202501151204/tools/bin/../lib/gcc/arm-none-eabi/14.2.1/../../../../arm-none-eabi/lib/thumb/v8-m.main+fp/hard\libcr_nohost_nf.a(_cr__main.o)
                0x00004efa                __main
 .text.memset   0x00004f08        0x4 C:/nxp/MCUXpressoIDE_25.6.136/ide/plugins/com.nxp.mcuxpresso.tools.win32_25.6.0.202501151204/tools/bin/../lib/gcc/arm-none-eabi/14.2.1/../../../../arm-none-eabi/lib/thumb/v8-m.main+fp/hard\libcr_c.a(memset.o)
                0x00004f08                memset
 .text.free     0x00004f0c       0x30 C:/nxp/MCUXpressoIDE_25.6.136/ide/plugins/com.nxp.mcuxpresso.tools.win32_25.6.0.202501151204/tools/bin/../lib/gcc/arm-none-eabi/14.2.1/../../../../arm-none-eabi/lib/thumb/v8-m.main+fp/hard\libcr_c.a(alloc.o)
                0x00004f0c                free
 .text.setvbuf  0x00004f3c       0x3e C:/nxp/MCUXpressoIDE_25.6.136/ide/plugins/com.nxp.mcuxpresso.tools.win32_25.6.0.202501151204/tools/bin/../lib/gcc/arm-none-eabi/14.2.1/../../../../arm-none-eabi/lib/thumb/v8-m.main+fp/hard\libcr_c.a(setvbuf.o)
                0x00004f3c                setvbuf
 .text.strlen   0x00004f7a       0x4e C:/nxp/MCUXpressoIDE_25.6.136/ide/plugins/com.nxp.mcuxpresso.tools.win32_25.6.0.202501151204/tools/bin/../lib/gcc/arm-none-eabi/14.2.1/../../../../arm-none-eabi/lib/thumb/v8-m.main+fp/hard\libcr_c.a(strlen.o)
                0x00004f7a                strlen
 .text._deferredlazyseek
                0x00004fc8       0x40 C:/nxp/MCUXpressoIDE_25.6.136/ide/plugins/com.nxp.mcuxpresso.tools.win32_25.6.0.202501151204/tools/bin/../lib/gcc/arm-none-eabi/14.2.1/../../../../arm-none-eabi/lib/thumb/v8-m.main+fp/hard\libcr_c.a(_deferredlazyseek.o)
                0x00004fc8                _deferredlazyseek
 .text._fdopen  0x00005008       0x68 C:/nxp/MCUXpressoIDE_25.6.136/ide/plugins/com.nxp.mcuxpresso.tools.win32_25.6.0.202501151204/tools/bin/../lib/gcc/arm-none-eabi/14.2.1/../../../../arm-none-eabi/lib/thumb/v8-m.main+fp/hard\libcr_c.a(_fdopen.o)
                0x00005008                _fdopen
 .text._fflush  0x00005070       0x52 C:/nxp/MCUXpressoIDE_25.6.136/ide/plugins/com.nxp.mcuxpresso.tools.win32_25.6.0.202501151204/tools/bin/../lib/gcc/arm-none-eabi/14.2.1/../../../../arm-none-eabi/lib/thumb/v8-m.main+fp/hard\libcr_c.a(_fflush.o)
                0x00005070                _fflush
 .text.fclose   0x000050c2       0x58 C:/nxp/MCUXpressoIDE_25.6.136/ide/plugins/com.nxp.mcuxpresso.tools.win32_25.6.0.202501151204/tools/bin/../lib/gcc/arm-none-eabi/14.2.1/../../../../arm-none-eabi/lib/thumb/v8-m.main+fp/hard\libcr_c.a(fclose.o)
                0x000050c2                fclose
 .text.remove   0x0000511a       0x14 C:/nxp/MCUXpressoIDE_25.6.136/ide/plugins/com.nxp.mcuxpresso.tools.win32_25.6.0.202501151204/tools/bin/../lib/gcc/arm-none-eabi/14.2.1/../../../../arm-none-eabi/lib/thumb/v8-m.main+fp/hard\libcr_c.a(remove.o)
                0x0000511a                remove
 .text._do_fflush
                0x0000512e       0x40 C:/nxp/MCUXpressoIDE_25.6.136/ide/plugins/com.nxp.mcuxpresso.tools.win32_25.6.0.202501151204/tools/bin/../lib/gcc/arm-none-eabi/14.2.1/../../../../arm-none-eabi/lib/thumb/v8-m.main+fp/hard\libcr_c.a(_do_fflush.o)
                0x0000512e                _do_fflush
 .text.__aeabi_division_uldivmod
                0x0000516e      0x174 C:/nxp/MCUXpressoIDE_25.6.136/ide/plugins/com.nxp.mcuxpresso.tools.win32_25.6.0.202501151204/tools/bin/../lib/gcc/arm-none-eabi/14.2.1/thumb/v8-m.main+fp/hard\libcr_eabihelpers.a(division_64.o)
                0x0000516e                __aeabi_uldivmod
                0x00005172                __bhs_ldivmod1
 .text.__aeabi_division_idiv0
                0x000052e2        0x2 C:/nxp/MCUXpressoIDE_25.6.136/ide/plugins/com.nxp.mcuxpresso.tools.win32_25.6.0.202501151204/tools/bin/../lib/gcc/arm-none-eabi/14.2.1/thumb/v8-m.main+fp/hard\libcr_eabihelpers.a(division_idiv0.o)
                0x000052e2                __aeabi_idiv0
 .text.__aeabi_f2ulz
                0x000052e4       0x3e C:/nxp/MCUXpressoIDE_25.6.136/ide/plugins/com.nxp.mcuxpresso.tools.win32_25.6.0.202501151204/tools/bin/../lib/gcc/arm-none-eabi/14.2.1/thumb/v8-m.main+fp/hard\libcr_eabihelpers.a(float.o)
                0x000052e4                __aeabi_f2ulz
 .text.__aeabi_memset_lowlevel
                0x00005322       0x32 C:/nxp/MCUXpressoIDE_25.6.136/ide/plugins/com.nxp.mcuxpresso.tools.win32_25.6.0.202501151204/tools/bin/../lib/gcc/arm-none-eabi/14.2.1/thumb/v8-m.main+fp/hard\libcr_eabihelpers.a(memcpy.o)
                0x00005322                __aeabi_lowlevel_memset
 .text.__sys_close
                0x00005354        0x6 C:/nxp/MCUXpressoIDE_25.6.136/ide/plugins/com.nxp.mcuxpresso.tools.win32_25.6.0.202501151204/tools/bin/../lib/gcc/arm-none-eabi/14.2.1/../../../../arm-none-eabi/lib/thumb/v8-m.main+fp/hard\libcr_nohost_nf.a(__sys_close.o)
                0x00005354                __sys_close
 .text.__sys_flen
                0x0000535a        0x6 C:/nxp/MCUXpressoIDE_25.6.136/ide/plugins/com.nxp.mcuxpresso.tools.win32_25.6.0.202501151204/tools/bin/../lib/gcc/arm-none-eabi/14.2.1/../../../../arm-none-eabi/lib/thumb/v8-m.main+fp/hard\libcr_nohost_nf.a(__sys_flen.o)
                0x0000535a                __sys_flen
 .text.__sys_istty
                0x00005360        0x6 C:/nxp/MCUXpressoIDE_25.6.136/ide/plugins/com.nxp.mcuxpresso.tools.win32_25.6.0.202501151204/tools/bin/../lib/gcc/arm-none-eabi/14.2.1/../../../../arm-none-eabi/lib/thumb/v8-m.main+fp/hard\libcr_nohost_nf.a(__sys_istty.o)
                0x00005360                __sys_istty
 .text.__sys_remove
                0x00005366        0x6 C:/nxp/MCUXpressoIDE_25.6.136/ide/plugins/com.nxp.mcuxpresso.tools.win32_25.6.0.202501151204/tools/bin/../lib/gcc/arm-none-eabi/14.2.1/../../../../arm-none-eabi/lib/thumb/v8-m.main+fp/hard\libcr_nohost_nf.a(__sys_remove.o)
                0x00005366                __sys_remove
 .text.__sys_seek
                0x0000536c        0x6 C:/nxp/MCUXpressoIDE_25.6.136/ide/plugins/com.nxp.mcuxpresso.tools.win32_25.6.0.202501151204/tools/bin/../lib/gcc/arm-none-eabi/14.2.1/../../../../arm-none-eabi/lib/thumb/v8-m.main+fp/hard\libcr_nohost_nf.a(__sys_seek.o)
                0x0000536c                __sys_seek
 .text.__sys_tmpnam
                0x00005372        0x6 C:/nxp/MCUXpressoIDE_25.6.136/ide/plugins/com.nxp.mcuxpresso.tools.win32_25.6.0.202501151204/tools/bin/../lib/gcc/arm-none-eabi/14.2.1/../../../../arm-none-eabi/lib/thumb/v8-m.main+fp/hard\libcr_nohost_nf.a(__sys_tmpnam.o)
                0x00005372                __sys_tmpnam
 .text.__sys_write
                0x00005378        0x4 C:/nxp/MCUXpressoIDE_25.6.136/ide/plugins/com.nxp.mcuxpresso.tools.win32_25.6.0.202501151204/tools/bin/../lib/gcc/arm-none-eabi/14.2.1/../../../../arm-none-eabi/lib/thumb/v8-m.main+fp/hard\libcr_nohost_nf.a(__sys_write.o)
                0x00005378                __sys_write
 *(SORT_BY_ALIGNMENT(.rodata) SORT_BY_ALIGNMENT(.rodata.*) SORT_BY_ALIGNMENT(.constdata) SORT_BY_ALIGNMENT(.constdata.*))
 .rodata.__assertion_failed.str1.4
                0x0000537c      0xc49 ./utilities/fsl_assert.o
                                 0x14 (size before relaxing)
 .rodata.LPADC_ClearTriggerStatusFlags.str1.4
                0x00005fc5       0xec ./source/Lab1_DSP_FRDMMCXN947.o
 .rodata.LPADC_EnableInterrupts.str1.4
                0x00005fc5       0xc2 ./source/Lab1_DSP_FRDMMCXN947.o
 *fill*         0x00005fc5        0x3 ff
 .rodata.s_ticksFs
                0x00005fc8       0x14 ./source/Lab1_DSP_FRDMMCXN947.o
 .rodata.main.str1.4
                0x00005fdc       0x18 ./source/Lab1_DSP_FRDMMCXN947.o
 .rodata.GPIO00_IRQHandler.str1.4
                0x00005fdc       0x3e ./source/Lab1_DSP_FRDMMCXN947.o
 .rodata.str1.4
                0x00005fdc       0x14 ./source/Lab1_DSP_FRDMMCXN947.o
 .rodata.SDK_DelayAtLeastUs.str1.4
                0x00005fdc       0x2b ./drivers/fsl_common_arm.o
 .rodata.s_ctimerBases
                0x00005fdc       0x14 ./drivers/fsl_ctimer.o
 .rodata.s_ctimerClocks
                0x00005ff0        0xa ./drivers/fsl_ctimer.o
 *fill*         0x00005ffa        0x2 ff
 .rodata.s_ctimerResets
                0x00005ffc       0x14 ./drivers/fsl_ctimer.o
 .rodata.s_ctimerIRQ
                0x00006010        0xa ./drivers/fsl_ctimer.o
 .rodata.CTIMER_GetInstance.str1.4
                0x0000601a       0x2e ./drivers/fsl_ctimer.o
 .rodata.CTIMER_Init.str1.4
                0x0000601a       0x21 ./drivers/fsl_ctimer.o
 *fill*         0x0000601a        0x2 ff
 .rodata.s_dacBases
                0x0000601c        0x8 ./drivers/fsl_dac.o
 .rodata.s_dacClocks
                0x00006024        0x4 ./drivers/fsl_dac.o
 .rodata.DAC_GetInstance.str1.4
                0x00006028       0x31 ./drivers/fsl_dac.o
 .rodata.DAC_Init.str1.4
                0x00006028       0x1e ./drivers/fsl_dac.o
 .rodata.s_gpioBases
                0x00006028       0x18 ./drivers/fsl_gpio.o
 .rodata.s_gpioClockName
                0x00006040        0xa ./drivers/fsl_gpio.o
 .rodata.GPIO_GetInstance.str1.4
                0x0000604a       0x34 ./drivers/fsl_gpio.o
 .rodata.GPIO_PortClockEnable.str1.4
                0x0000604a       0x38 ./drivers/fsl_gpio.o
 .rodata.GPIO_PinInit.str1.4
                0x0000604a       0x20 ./drivers/fsl_gpio.o
 *fill*         0x0000604a        0x2 ff
 .rodata.s_lpadcBases
                0x0000604c        0x8 ./drivers/fsl_lpadc.o
 .rodata.s_lpadcClocks
                0x00006054        0x4 ./drivers/fsl_lpadc.o
 .rodata.s_lpadcResets
                0x00006058        0x8 ./drivers/fsl_lpadc.o
 .rodata.LPADC_GetInstance.str1.4
                0x00006060       0x36 ./drivers/fsl_lpadc.o
 .rodata.LPADC_Init.str1.4
                0x00006060       0x21 ./drivers/fsl_lpadc.o
 .rodata.LPADC_GetConvResult.str1.4
                0x00006060       0x21 ./drivers/fsl_lpadc.o
 .rodata.LPADC_SetConvTriggerConfig.str1.4
                0x00006060       0x51 ./drivers/fsl_lpadc.o
 .rodata.LPADC_SetConvCommandConfig.str1.4
                0x00006060      0x1ac ./drivers/fsl_lpadc.o
 .rodata.s_lpflexcommBase
                0x00006060       0x28 ./drivers/fsl_lpflexcomm.o
 .rodata.s_lpflexcommClocks
                0x00006088       0x14 ./drivers/fsl_lpflexcomm.o
 .rodata.s_lpflexcommResets
                0x0000609c       0x28 ./drivers/fsl_lpflexcomm.o
 .rodata.LP_FLEXCOMM_SetPeriph.str1.4
                0x000060c4       0x43 ./drivers/fsl_lpflexcomm.o
 .rodata.LP_FLEXCOMM_Init.str1.4
                0x000060c4       0x49 ./drivers/fsl_lpflexcomm.o
 .rodata.s_lpuartBases
                0x000060c4       0x28 ./drivers/fsl_lpuart.o
 .rodata.LPUART_GetInstance.str1.4
                0x000060ec       0x38 ./drivers/fsl_lpuart.o
 .rodata.LPUART_Init.str1.4
                0x000060ec      0x10a ./drivers/fsl_lpuart.o
 .rodata.LPUART_GetDefaultConfig.str1.4
                0x000060ec       0x22 ./drivers/fsl_lpuart.o
 .rodata.LPUART_WriteBlocking.str1.4
                0x000060ec       0x21 ./drivers/fsl_lpuart.o
 .rodata.LPUART_ReadBlocking.str1.4
                0x000060ec       0x21 ./drivers/fsl_lpuart.o
 .rodata.RESET_SetPeripheralReset.str1.4
                0x000060ec       0x1e ./drivers/fsl_reset.o
 .rodata.RESET_ClearPeripheralReset.str1.4
                0x000060ec       0x1e ./drivers/fsl_reset.o
 .rodata.SPC_SetSRAMOperateVoltage.str1.4
                0x000060ec       0x1f ./drivers/fsl_spc.o
 .rodata.SPC_SetActiveModeCoreLDORegulatorConfig.str1.4
                0x000060ec       0x1f ./drivers/fsl_spc.o
 .rodata.SPC_SetActiveModeDCDCRegulatorConfig.str1.4
                0x000060ec       0x20 ./drivers/fsl_spc.o
 .rodata.VREF_GetInstance.str1.4
                0x000060ec       0x33 ./drivers/fsl_vref.o
 .rodata.VREF_Init.str1.4
                0x000060ec       0x1f ./drivers/fsl_vref.o
 .rodata.s_LpuartAdapterBase
                0x000060ec       0x28 ./component/uart/fsl_adapter_lpuart.o
 .rodata.HAL_UartInit.str1.4
                0x00006114      0x116 ./component/uart/fsl_adapter_lpuart.o
 .rodata.HAL_UartReceiveBlocking.str1.4
                0x00006114       0x7b ./component/uart/fsl_adapter_lpuart.o
 .rodata.HAL_UartSendBlocking.str1.4
                0x00006114       0x7b ./component/uart/fsl_adapter_lpuart.o
 .rodata        0x00006114       0x22 ./board/clock_config.o
 .rodata.LPADC_EnableInterrupts.str1.4
                0x00006136       0xc2 ./board/peripherals.o
 *fill*         0x00006136        0x2 ff
 .rodata.CTIMER0_config
                0x00006138        0x8 ./board/peripherals.o
                0x00006138                CTIMER0_config
 .rodata.CTIMER0_Match_3_config
                0x00006140        0xc ./board/peripherals.o
                0x00006140                CTIMER0_Match_3_config
 .rodata.DAC0_config
                0x0000614c       0x1c ./board/peripherals.o
                0x0000614c                DAC0_config
 .rodata.ADC0_config
                0x00006168       0x18 ./board/peripherals.o
                0x00006168                ADC0_config
 .rodata.VREF0_config
                0x00006180        0x6 ./board/peripherals.o
                0x00006180                VREF0_config
 .rodata.PORT_SetPinConfig.str1.4
                0x00006186       0x7b ./board/pin_mux.o
 .rodata.GPIO_SetPinInterruptConfig.str1.4
                0x00006186       0x79 ./board/pin_mux.o
 *fill*         0x00006186        0x2 ff
 .rodata.__num_Ciob_streams
                0x00006188        0x4 C:/nxp/MCUXpressoIDE_25.6.136/ide/plugins/com.nxp.mcuxpresso.tools.win32_25.6.0.202501151204/tools/bin/../lib/gcc/arm-none-eabi/14.2.1/../../../../arm-none-eabi/lib/thumb/v8-m.main+fp/hard\libcr_nohost_nf.a(__ciob.o)
                0x00006188                __num_Ciob_streams
 .rodata._initio.str1.1
                0x0000618c        0x4 C:/nxp/MCUXpressoIDE_25.6.136/ide/plugins/com.nxp.mcuxpresso.tools.win32_25.6.0.202501151204/tools/bin/../lib/gcc/arm-none-eabi/14.2.1/../../../../arm-none-eabi/lib/thumb/v8-m.main+fp/hard\libcr_c.a(initio.o)
                0x00006190                        . = ALIGN (0x4)

.glue_7         0x00006190        0x0
 .glue_7        0x00006190        0x0 linker stubs

.glue_7t        0x00006190        0x0
 .glue_7t       0x00006190        0x0 linker stubs

.vfp11_veneer   0x00006190        0x0
 .vfp11_veneer  0x00006190        0x0 linker stubs

.v4_bx          0x00006190        0x0
 .v4_bx         0x00006190        0x0 linker stubs

.iplt           0x00006190        0x0
 .iplt          0x00006190        0x0 ./utilities/debug_console_lite/fsl_debug_console.o

.rel.dyn        0x00006190        0x0
 .rel.iplt      0x00006190        0x0 ./utilities/debug_console_lite/fsl_debug_console.o

.ARM.extab
 *(SORT_BY_ALIGNMENT(.ARM.extab*) SORT_BY_ALIGNMENT(.gnu.linkonce.armextab.*))

.ARM.exidx      0x00006190        0x0
                0x00006190                        __exidx_start = .
 *(SORT_BY_ALIGNMENT(.ARM.exidx*) SORT_BY_ALIGNMENT(.gnu.linkonce.armexidx.*))
                0x00006190                        __exidx_end = .
                0x00006190                        _etext = .

.m_usb_data
 *(SORT_BY_ALIGNMENT(m_usb_global))

.data_RAM2      0x04000000        0x0 load address 0x00006190
 FILL mask 0xff
                [!provide]                        PROVIDE (__start_data_RAM2 = .)
                [!provide]                        PROVIDE (__start_data_SRAMX = .)
 *(SORT_BY_ALIGNMENT(.ramfunc.$RAM2))
 *(SORT_BY_ALIGNMENT(.ramfunc.$SRAMX))
 *(SORT_BY_ALIGNMENT(.data.$RAM2))
 *(SORT_BY_ALIGNMENT(.data.$SRAMX))
 *(SORT_BY_ALIGNMENT(.data.$RAM2.*))
 *(SORT_BY_ALIGNMENT(.data.$SRAMX.*))
                0x04000000                        . = ALIGN (0x4)
                [!provide]                        PROVIDE (__end_data_RAM2 = .)
                [!provide]                        PROVIDE (__end_data_SRAMX = .)

.data_RAM3      0x20060000        0x0 load address 0x00006190
 FILL mask 0xff
                [!provide]                        PROVIDE (__start_data_RAM3 = .)
                [!provide]                        PROVIDE (__start_data_SRAMH = .)
 *(SORT_BY_ALIGNMENT(.ramfunc.$RAM3))
 *(SORT_BY_ALIGNMENT(.ramfunc.$SRAMH))
 *(SORT_BY_ALIGNMENT(.data.$RAM3))
 *(SORT_BY_ALIGNMENT(.data.$SRAMH))
 *(SORT_BY_ALIGNMENT(.data.$RAM3.*))
 *(SORT_BY_ALIGNMENT(.data.$SRAMH.*))
                0x20060000                        . = ALIGN (0x4)
                [!provide]                        PROVIDE (__end_data_RAM3 = .)
                [!provide]                        PROVIDE (__end_data_SRAMH = .)

.data_RAM4      0x400ba000        0x0 load address 0x00006190
 FILL mask 0xff
                [!provide]                        PROVIDE (__start_data_RAM4 = .)
                [!provide]                        PROVIDE (__start_data_USB_RAM = .)
 *(SORT_BY_ALIGNMENT(.ramfunc.$RAM4))
 *(SORT_BY_ALIGNMENT(.ramfunc.$USB_RAM))
 *(SORT_BY_ALIGNMENT(.data.$RAM4))
 *(SORT_BY_ALIGNMENT(.data.$USB_RAM))
 *(SORT_BY_ALIGNMENT(.data.$RAM4.*))
 *(SORT_BY_ALIGNMENT(.data.$USB_RAM.*))
                0x400ba000                        . = ALIGN (0x4)
                [!provide]                        PROVIDE (__end_data_RAM4 = .)
                [!provide]                        PROVIDE (__end_data_USB_RAM = .)

.uninit_RESERVED
                0x20000000        0x0
                0x20000000                        _start_uninit_RESERVED = .
 *(SORT_BY_ALIGNMENT(.bss.$RESERVED*))
                0x20000000                        . = ALIGN (0x4)
                0x20000000                        _end_uninit_RESERVED = .

.data           0x20000000       0x58 load address 0x00006190
 FILL mask 0xff
                0x20000000                        _data = .
                [!provide]                        PROVIDE (__start_data_RAM = .)
                [!provide]                        PROVIDE (__start_data_SRAM = .)
 *(SORT_BY_ALIGNMENT(vtable))
 *(SORT_BY_ALIGNMENT(.ramfunc*))
 *(SORT_BY_ALIGNMENT(CodeQuickAccess))
 *(SORT_BY_ALIGNMENT(DataQuickAccess))
 *(SORT_BY_ALIGNMENT(RamFunction))
 *(SORT_BY_ALIGNMENT(.data*))
 .data.names.0  0x20000000       0x14 ./source/Lab1_DSP_FRDMMCXN947.o
 .data.s_Ext_Clk_Freq
                0x20000014        0x4 ./drivers/fsl_clock.o
 .data.s_Xtal32_Freq
                0x20000018        0x4 ./drivers/fsl_clock.o
 .data.SystemCoreClock
                0x2000001c        0x4 ./device/system_MCXN947_cm33_core0.o
                0x2000001c                SystemCoreClock
 .data.ADC0_commandsConfig
                0x20000020       0x28 ./board/peripherals.o
                0x20000020                ADC0_commandsConfig
 .data.ADC0_triggersConfig
                0x20000048       0x10 ./board/peripherals.o
                0x20000048                ADC0_triggersConfig
                0x20000058                        . = ALIGN (0x4)
                0x20000058                        _edata = .
                [!provide]                        PROVIDE (__end_data_RAM = .)
                [!provide]                        PROVIDE (__end_data_SRAM = .)

.igot.plt       0x20000058        0x0 load address 0x000061e8
 .igot.plt      0x20000058        0x0 ./utilities/debug_console_lite/fsl_debug_console.o

.bss_RAM2       0x04000000        0x0
                [!provide]                        PROVIDE (__start_bss_RAM2 = .)
                [!provide]                        PROVIDE (__start_bss_SRAMX = .)
 *(SORT_BY_ALIGNMENT(.bss.$RAM2))
 *(SORT_BY_ALIGNMENT(.bss.$SRAMX))
 *(SORT_BY_ALIGNMENT(.bss.$RAM2.*))
 *(SORT_BY_ALIGNMENT(.bss.$SRAMX.*))
                0x04000000                        . = ALIGN ((. != 0x0)?0x4:0x1)
                [!provide]                        PROVIDE (__end_bss_RAM2 = .)
                [!provide]                        PROVIDE (__end_bss_SRAMX = .)

.bss_RAM3       0x20060000        0x0
                [!provide]                        PROVIDE (__start_bss_RAM3 = .)
                [!provide]                        PROVIDE (__start_bss_SRAMH = .)
 *(SORT_BY_ALIGNMENT(.bss.$RAM3))
 *(SORT_BY_ALIGNMENT(.bss.$SRAMH))
 *(SORT_BY_ALIGNMENT(.bss.$RAM3.*))
 *(SORT_BY_ALIGNMENT(.bss.$SRAMH.*))
                0x20060000                        . = ALIGN ((. != 0x0)?0x4:0x1)
                [!provide]                        PROVIDE (__end_bss_RAM3 = .)
                [!provide]                        PROVIDE (__end_bss_SRAMH = .)

.bss_RAM4       0x400ba000        0x0
                [!provide]                        PROVIDE (__start_bss_RAM4 = .)
                [!provide]                        PROVIDE (__start_bss_USB_RAM = .)
 *(SORT_BY_ALIGNMENT(.bss.$RAM4))
 *(SORT_BY_ALIGNMENT(.bss.$USB_RAM))
 *(SORT_BY_ALIGNMENT(.bss.$RAM4.*))
 *(SORT_BY_ALIGNMENT(.bss.$USB_RAM.*))
                0x400ba000                        . = ALIGN ((. != 0x0)?0x4:0x1)
                [!provide]                        PROVIDE (__end_bss_RAM4 = .)
                [!provide]                        PROVIDE (__end_bss_USB_RAM = .)

.bss            0x20000058      0xa50
                0x20000058                        _bss = .
                [!provide]                        PROVIDE (__start_bss_RAM = .)
                [!provide]                        PROVIDE (__start_bss_SRAM = .)
 *(SORT_BY_ALIGNMENT(.bss*))
 .bss.s_debugConsole
                0x20000058       0x14 ./utilities/debug_console_lite/fsl_debug_console.o
 .bss.adc_samples
                0x2000006c      0x400 ./source/Lab1_DSP_FRDMMCXN947.o
                0x2000006c                adc_samples
 .bss.adc_samples_q15
                0x2000046c      0x400 ./source/Lab1_DSP_FRDMMCXN947.o
                0x2000046c                adc_samples_q15
 .bss.out_index
                0x2000086c        0x4 ./source/Lab1_DSP_FRDMMCXN947.o
                0x2000086c                out_index
 .bss.s_Sai_Mclk_Freq
                0x20000870        0x8 ./drivers/fsl_clock.o
 .bss.s_Sai_Tx_Bclk_Freq
                0x20000878        0x8 ./drivers/fsl_clock.o
 .bss.s_Sai_Rx_Bclk_Freq
                0x20000880        0x8 ./drivers/fsl_clock.o
 .bss.s_ctimerCallback
                0x20000888       0x14 ./drivers/fsl_ctimer.o
 .bss.ctimerCallbackType
                0x2000089c        0x5 ./drivers/fsl_ctimer.o
 *fill*         0x200008a1        0x3 
 .bss.s_lpflexcommIrqHandler
                0x200008a4       0xa0 ./drivers/fsl_lpflexcomm.o
 .bss.s_lpflexcommHandle
                0x20000944       0xa0 ./drivers/fsl_lpflexcomm.o
 .bss.errno     0x200009e4        0x4 C:/nxp/MCUXpressoIDE_25.6.136/ide/plugins/com.nxp.mcuxpresso.tools.win32_25.6.0.202501151204/tools/bin/../lib/gcc/arm-none-eabi/14.2.1/../../../../arm-none-eabi/lib/thumb/v8-m.main+fp/hard\libcr_c.a(errno.o)
                0x200009e4                errno
 .bss.__Ciob    0x200009e8       0xb4 C:/nxp/MCUXpressoIDE_25.6.136/ide/plugins/com.nxp.mcuxpresso.tools.win32_25.6.0.202501151204/tools/bin/../lib/gcc/arm-none-eabi/14.2.1/../../../../arm-none-eabi/lib/thumb/v8-m.main+fp/hard\libcr_nohost_nf.a(__ciob.o)
                0x200009e8                __Ciob
 .bss.valueADC  0x20000a9c        0x2 ./source/Lab1_DSP_FRDMMCXN947.o
                0x20000a9c                valueADC
 .bss.index     0x20000a9e        0x2 ./source/Lab1_DSP_FRDMMCXN947.o
                0x20000a9e                index
 .bss.SW3       0x20000aa0        0x1 ./source/Lab1_DSP_FRDMMCXN947.o
                0x20000aa0                SW3
 .bss.SW2       0x20000aa1        0x1 ./source/Lab1_DSP_FRDMMCXN947.o
                0x20000aa1                SW2
 .bss.runAcq    0x20000aa2        0x1 ./source/Lab1_DSP_FRDMMCXN947.o
 .bss.contaTimer
                0x20000aa3        0x1 ./source/Lab1_DSP_FRDMMCXN947.o
                0x20000aa3                contaTimer
 .bss.select_fs
                0x20000aa4        0x1 ./source/Lab1_DSP_FRDMMCXN947.o
 *(SORT_BY_ALIGNMENT(COMMON))
                0x20000aa8                        . = ALIGN (0x4)
 *fill*         0x20000aa5        0x3 
                0x20000aa8                        _ebss = .
                [!provide]                        PROVIDE (__end_bss_RAM = .)
                [!provide]                        PROVIDE (__end_bss_SRAM = .)
                [!provide]                        PROVIDE (end = .)

.noinit_RAM2    0x04000000        0x0
                [!provide]                        PROVIDE (__start_noinit_RAM2 = .)
                [!provide]                        PROVIDE (__start_noinit_SRAMX = .)
 *(SORT_BY_ALIGNMENT(.noinit.$RAM2))
 *(SORT_BY_ALIGNMENT(.noinit.$SRAMX))
 *(SORT_BY_ALIGNMENT(.noinit.$RAM2.*))
 *(SORT_BY_ALIGNMENT(.noinit.$SRAMX.*))
                0x04000000                        . = ALIGN (0x4)
                [!provide]                        PROVIDE (__end_noinit_RAM2 = .)
                [!provide]                        PROVIDE (__end_noinit_SRAMX = .)

.noinit_RAM3    0x20060000        0x0
                [!provide]                        PROVIDE (__start_noinit_RAM3 = .)
                [!provide]                        PROVIDE (__start_noinit_SRAMH = .)
 *(SORT_BY_ALIGNMENT(.noinit.$RAM3))
 *(SORT_BY_ALIGNMENT(.noinit.$SRAMH))
 *(SORT_BY_ALIGNMENT(.noinit.$RAM3.*))
 *(SORT_BY_ALIGNMENT(.noinit.$SRAMH.*))
                0x20060000                        . = ALIGN (0x4)
                [!provide]                        PROVIDE (__end_noinit_RAM3 = .)
                [!provide]                        PROVIDE (__end_noinit_SRAMH = .)

.noinit_RAM4    0x400ba000        0x0
                [!provide]                        PROVIDE (__start_noinit_RAM4 = .)
                [!provide]                        PROVIDE (__start_noinit_USB_RAM = .)
 *(SORT_BY_ALIGNMENT(.noinit.$RAM4))
 *(SORT_BY_ALIGNMENT(.noinit.$USB_RAM))
 *(SORT_BY_ALIGNMENT(.noinit.$RAM4.*))
 *(SORT_BY_ALIGNMENT(.noinit.$USB_RAM.*))
                0x400ba000                        . = ALIGN (0x4)
                [!provide]                        PROVIDE (__end_noinit_RAM4 = .)
                [!provide]                        PROVIDE (__end_noinit_USB_RAM = .)

.noinit         0x20000aa8        0x0
                0x20000aa8                        _noinit = .
                [!provide]                        PROVIDE (__start_noinit_RAM = .)
                [!provide]                        PROVIDE (__start_noinit_SRAM = .)
 *(SORT_BY_ALIGNMENT(.noinit*))