/home/abel/Documents/MCUXpresso_25.6.136/workspaceMCX/frdmmcxn947_lpadc_interrupt_cm33_core0/CMSIS/core_cm33.h:2358:22:__NVIC_EnableIRQ	16	static
/home/abel/Documents/MCUXpresso_25.6.136/workspaceMCX/frdmmcxn947_lpadc_interrupt_cm33_core0/CMSIS/core_cm33.h:2396:22:__NVIC_DisableIRQ	16	static
/home/abel/Documents/MCUXpresso_25.6.136/workspaceMCX/frdmmcxn947_lpadc_interrupt_cm33_core0/drivers/fsl_clock.h:1488:20:CLOCK_EnableClock	24	static
/home/abel/Documents/MCUXpresso_25.6.136/workspaceMCX/frdmmcxn947_lpadc_interrupt_cm33_core0/drivers/fsl_common_arm.h:672:24:EnableIRQ	24	static
/home/abel/Documents/MCUXpresso_25.6.136/workspaceMCX/frdmmcxn947_lpadc_interrupt_cm33_core0/drivers/fsl_common_arm.h:722:24:DisableIRQ	24	static
/home/abel/Documents/MCUXpresso_25.6.136/workspaceMCX/frdmmcxn947_lpadc_interrupt_cm33_core0/drivers/fsl_gpio.h:345:20:GPIO_PinWrite	24	static
/home/abel/Documents/MCUXpresso_25.6.136/workspaceMCX/frdmmcxn947_lpadc_interrupt_cm33_core0/drivers/fsl_gpio.h:482:20:GPIO_SetPinInterruptConfig	24	static
/home/abel/Documents/MCUXpresso_25.6.136/workspaceMCX/frdmmcxn947_lpadc_interrupt_cm33_core0/drivers/fsl_lpadc.h:878:24:LPADC_GetStatusFlags	16	static
/home/abel/Documents/MCUXpresso_25.6.136/workspaceMCX/frdmmcxn947_lpadc_interrupt_cm33_core0/drivers/fsl_lpadc.h:891:20:LPADC_ClearStatusFlags	16	static
/home/abel/Documents/MCUXpresso_25.6.136/workspaceMCX/frdmmcxn947_lpadc_interrupt_cm33_core0/drivers/fsl_lpadc.h:904:24:LPADC_GetTriggerStatusFlags	16	static
/home/abel/Documents/MCUXpresso_25.6.136/workspaceMCX/frdmmcxn947_lpadc_interrupt_cm33_core0/drivers/fsl_lpadc.h:916:20:LPADC_ClearTriggerStatusFlags	16	static
/home/abel/Documents/MCUXpresso_25.6.136/workspaceMCX/frdmmcxn947_lpadc_interrupt_cm33_core0/drivers/fsl_lpadc.h:938:20:LPADC_EnableInterrupts	16	static
/home/abel/Documents/MCUXpresso_25.6.136/workspaceMCX/frdmmcxn947_lpadc_interrupt_cm33_core0/drivers/fsl_spc.h:1093:20:SPC_EnableActiveModeAnalogModules	16	static
/home/abel/Documents/MCUXpresso_25.6.136/workspaceMCX/frdmmcxn947_lpadc_interrupt_cm33_core0/drivers/fsl_port.h:463:20:PORT_SetPinMux	24	static
/home/abel/Documents/MCUXpresso_25.6.136/workspaceMCX/frdmmcxn947_lpadc_interrupt_cm33_core0/drivers/fsl_dac.h:284:20:DAC_Enable	16	static
/home/abel/Documents/MCUXpresso_25.6.136/workspaceMCX/frdmmcxn947_lpadc_interrupt_cm33_core0/drivers/fsl_dac.h:393:20:DAC_SetData	16	static
/home/abel/Documents/MCUXpresso_25.6.136/workspaceMCX/frdmmcxn947_lpadc_interrupt_cm33_core0/drivers/fsl_ctimer.h:399:20:CTIMER_EnableInterrupts	16	static
/home/abel/Documents/MCUXpresso_25.6.136/workspaceMCX/frdmmcxn947_lpadc_interrupt_cm33_core0/drivers/fsl_ctimer.h:500:20:CTIMER_ClearStatusFlags	16	static
/home/abel/Documents/MCUXpresso_25.6.136/workspaceMCX/frdmmcxn947_lpadc_interrupt_cm33_core0/drivers/fsl_ctimer.h:517:20:CTIMER_StartTimer	16	static
../source/lpadc_interrupt.c:207:20:LED_R	16	static
../source/lpadc_interrupt.c:210:20:LED_G	16	static
../source/lpadc_interrupt.c:213:20:LED_B	16	static
../source/lpadc_interrupt.c:216:20:LED_SetRGB	16	static
../source/lpadc_interrupt.c:273:5:main	16	static
../source/lpadc_interrupt.c:309:7:conv16_2_q15	24	static
../source/lpadc_interrupt.c:320:7:applyFIRFilter	24	static
../source/lpadc_interrupt.c:327:10:q15_to_uint16	16	static
../source/lpadc_interrupt.c:341:6:configGpioPin	32	static
../source/lpadc_interrupt.c:461:6:configAdcInt	8	static
../source/lpadc_interrupt.c:469:6:loadData	24	static
../source/lpadc_interrupt.c:491:6:removeData	4	static
../source/lpadc_interrupt.c:498:6:showBuffer	16	static
../source/lpadc_interrupt.c:504:6:configDacPin	8	static
../source/lpadc_interrupt.c:517:6:configDac	40	static
../source/lpadc_interrupt.c:527:6:configClocks	8	static
../source/lpadc_interrupt.c:567:6:configMat3Pin	8	static
../source/lpadc_interrupt.c:580:6:configTimerMatch	32	static
../source/lpadc_interrupt.c:610:6:ADC0_IRQHandler	16	static
../source/lpadc_interrupt.c:639:6:GPIO00_IRQHandler	8	static
../source/lpadc_interrupt.c:678:6:CTIMER0_IRQHandler	8	static
../source/lpadc_interrupt.c:691:6:led_ShowFs	16	static
../source/lpadc_interrupt.c:704:6:setNewMatch	16	static
../source/lpadc_interrupt.c:717:6:showSamplesInDAC	8	static
../source/lpadc_interrupt.c:728:6:showDataInDAC	8	static
../source/lpadc_interrupt.c:739:6:firstConfig	88	static
