C:\Users\ferok\Documents\MCUXpressoIDE_25.6.136\workspace_FRDMMCXN947\Lab0_DSP_FRDMMCXN947\drivers/fsl_clock.h:1488:20:CLOCK_EnableClock	24	static
C:\Users\ferok\Documents\MCUXpressoIDE_25.6.136\workspace_FRDMMCXN947\Lab0_DSP_FRDMMCXN947\drivers/fsl_port.h:360:20:PORT_SetPinConfig	32	static
C:\Users\ferok\Documents\MCUXpressoIDE_25.6.136\workspace_FRDMMCXN947\Lab0_DSP_FRDMMCXN947\drivers/fsl_port.h:463:20:PORT_SetPinMux	24	static
C:\Users\ferok\Documents\MCUXpressoIDE_25.6.136\workspace_FRDMMCXN947\Lab0_DSP_FRDMMCXN947\drivers/fsl_gpio.h:482:20:GPIO_SetPinInterruptConfig	24	static
../board/pin_mux.c:35:6:BOARD_InitBootPins	8	static
../board/pin_mux.c:72:6:BOARD_InitPins	40	static
