C:\Users\ferok\Documents\MCUXpressoIDE_25.6.136\workspace_FRDMMCXN947\Lab0_DSP_FRDMMCXN947\CMSIS/core_cm33.h:2358:22:__NVIC_EnableIRQ	16	static
C:\Users\ferok\Documents\MCUXpressoIDE_25.6.136\workspace_FRDMMCXN947\Lab0_DSP_FRDMMCXN947\CMSIS/core_cm33.h:2396:22:__NVIC_DisableIRQ	16	static
C:\Users\ferok\Documents\MCUXpressoIDE_25.6.136\workspace_FRDMMCXN947\Lab0_DSP_FRDMMCXN947\drivers/fsl_common_arm.h:672:24:EnableIRQ	24	static
C:\Users\ferok\Documents\MCUXpressoIDE_25.6.136\workspace_FRDMMCXN947\Lab0_DSP_FRDMMCXN947\drivers/fsl_common_arm.h:722:24:DisableIRQ	24	static
C:\Users\ferok\Documents\MCUXpressoIDE_25.6.136\workspace_FRDMMCXN947\Lab0_DSP_FRDMMCXN947\drivers/fsl_gpio.h:345:20:GPIO_PinWrite	24	static
C:\Users\ferok\Documents\MCUXpressoIDE_25.6.136\workspace_FRDMMCXN947\Lab0_DSP_FRDMMCXN947\drivers/fsl_ctimer.h:500:20:CTIMER_ClearStatusFlags	16	static
C:\Users\ferok\Documents\MCUXpressoIDE_25.6.136\workspace_FRDMMCXN947\Lab0_DSP_FRDMMCXN947\drivers/fsl_ctimer.h:517:20:CTIMER_StartTimer	16	static
C:\Users\ferok\Documents\MCUXpressoIDE_25.6.136\workspace_FRDMMCXN947\Lab0_DSP_FRDMMCXN947\drivers/fsl_ctimer.h:527:20:CTIMER_StopTimer	16	static
C:\Users\ferok\Documents\MCUXpressoIDE_25.6.136\workspace_FRDMMCXN947\Lab0_DSP_FRDMMCXN947\drivers/fsl_ctimer.h:541:20:CTIMER_Reset	16	static
C:\Users\ferok\Documents\MCUXpressoIDE_25.6.136\workspace_FRDMMCXN947\Lab0_DSP_FRDMMCXN947\drivers/fsl_dac.h:284:20:DAC_Enable	16	static
C:\Users\ferok\Documents\MCUXpressoIDE_25.6.136\workspace_FRDMMCXN947\Lab0_DSP_FRDMMCXN947\drivers/fsl_dac.h:393:20:DAC_SetData	16	static
C:\Users\ferok\Documents\MCUXpressoIDE_25.6.136\workspace_FRDMMCXN947\Lab0_DSP_FRDMMCXN947\drivers/fsl_lpadc.h:878:24:LPADC_GetStatusFlags	16	static
C:\Users\ferok\Documents\MCUXpressoIDE_25.6.136\workspace_FRDMMCXN947\Lab0_DSP_FRDMMCXN947\drivers/fsl_lpadc.h:891:20:LPADC_ClearStatusFlags	16	static
C:\Users\ferok\Documents\MCUXpressoIDE_25.6.136\workspace_FRDMMCXN947\Lab0_DSP_FRDMMCXN947\drivers/fsl_lpadc.h:904:24:LPADC_GetTriggerStatusFlags	16	static
C:\Users\ferok\Documents\MCUXpressoIDE_25.6.136\workspace_FRDMMCXN947\Lab0_DSP_FRDMMCXN947\drivers/fsl_lpadc.h:916:20:LPADC_ClearTriggerStatusFlags	16	static
C:\Users\ferok\Documents\MCUXpressoIDE_25.6.136\workspace_FRDMMCXN947\Lab0_DSP_FRDMMCXN947\drivers/fsl_lpadc.h:938:20:LPADC_EnableInterrupts	16	static
../source/CTIMER0_GPIO00_LEDRGB-ConInterrupciones.c:74:20:LED_R	16	static
../source/CTIMER0_GPIO00_LEDRGB-ConInterrupciones.c:77:20:LED_G	16	static
../source/CTIMER0_GPIO00_LEDRGB-ConInterrupciones.c:80:20:LED_B	16	static
../source/CTIMER0_GPIO00_LEDRGB-ConInterrupciones.c:83:20:LED_SetRGB	16	static
../source/CTIMER0_GPIO00_LEDRGB-ConInterrupciones.c:89:21:adc16_to_q15	24	static
../source/CTIMER0_GPIO00_LEDRGB-ConInterrupciones.c:101:5:main	16	static
../source/CTIMER0_GPIO00_LEDRGB-ConInterrupciones.c:133:6:setNewMatch	24	static
../source/CTIMER0_GPIO00_LEDRGB-ConInterrupciones.c:155:6:led_ShowFs	16	static
../source/CTIMER0_GPIO00_LEDRGB-ConInterrupciones.c:169:6:confADC	8	static
../source/CTIMER0_GPIO00_LEDRGB-ConInterrupciones.c:182:6:confDAC	8	static
../source/CTIMER0_GPIO00_LEDRGB-ConInterrupciones.c:189:6:confGPIO	8	static
../source/CTIMER0_GPIO00_LEDRGB-ConInterrupciones.c:194:7:CTIMER0_IRQHandler	8	static
../source/CTIMER0_GPIO00_LEDRGB-ConInterrupciones.c:200:6:GPIO00_IRQHandler	8	static
../source/CTIMER0_GPIO00_LEDRGB-ConInterrupciones.c:241:6:ADC0_IRQHandler	40	static
