C:\Users\ferok\Documents\MCUXpressoIDE_25.6.136\workspace_FRDMMCXN947\frdmmcxn947_ctimer_match_example_cm33_core0\CMSIS/core_cm33.h:2358:22:__NVIC_EnableIRQ	16	static
C:\Users\ferok\Documents\MCUXpressoIDE_25.6.136\workspace_FRDMMCXN947\frdmmcxn947_ctimer_match_example_cm33_core0\drivers/fsl_common_arm.h:672:24:EnableIRQ	24	static
C:\Users\ferok\Documents\MCUXpressoIDE_25.6.136\workspace_FRDMMCXN947\frdmmcxn947_ctimer_match_example_cm33_core0\drivers/fsl_gpio.h:345:20:GPIO_PinWrite	24	static
C:\Users\ferok\Documents\MCUXpressoIDE_25.6.136\workspace_FRDMMCXN947\frdmmcxn947_ctimer_match_example_cm33_core0\drivers/fsl_gpio.h:389:20:GPIO_PortClear	16	static
C:\Users\ferok\Documents\MCUXpressoIDE_25.6.136\workspace_FRDMMCXN947\frdmmcxn947_ctimer_match_example_cm33_core0\drivers/fsl_gpio.h:404:20:GPIO_PortToggle	16	static
C:\Users\ferok\Documents\MCUXpressoIDE_25.6.136\workspace_FRDMMCXN947\frdmmcxn947_ctimer_match_example_cm33_core0\drivers/fsl_ctimer.h:500:20:CTIMER_ClearStatusFlags	16	static
C:\Users\ferok\Documents\MCUXpressoIDE_25.6.136\workspace_FRDMMCXN947\frdmmcxn947_ctimer_match_example_cm33_core0\drivers/fsl_ctimer.h:517:20:CTIMER_StartTimer	16	static
../source/simple_match.c:44:5:main	16	static
../source/simple_match.c:71:6:confTimer0	40	static
../source/simple_match.c:90:7:CTIMER0_IRQHandler	8	static
../source/simple_match.c:101:6:GPIO00_IRQHandler	8	static
